 PSINS

 Timestamp is 6180aa4b (Tue Nov 02 11:02:35 2021)

 Preferred load address is 00400000

 Start         Length     Name                   Class
 0001:00000000 000485a4H .text                   CODE
 0001:000485b0 00000523H .text$x                 CODE
 0002:00000000 00001f30H .rdata                  DATA
 0002:00001f30 0000017cH .rdata$r                DATA
 0002:000020b0 00000730H .xdata$x                DATA
 0002:000027e0 00000699H .edata                  DATA
 0003:00000000 00000004H .CRT$XCA                DATA
 0003:00000004 0000001cH .CRT$XCU                DATA
 0003:00000020 00000004H .CRT$XCZ                DATA
 0003:00000024 00000004H .CRT$XIA                DATA
 0003:00000028 0000000cH .CRT$XIC                DATA
 0003:00000034 00000004H .CRT$XIY                DATA
 0003:00000038 00000004H .CRT$XIZ                DATA
 0003:0000003c 00000004H .CRT$XPA                DATA
 0003:00000040 00000008H .CRT$XPX                DATA
 0003:00000048 00000004H .CRT$XPZ                DATA
 0003:0000004c 00000004H .CRT$XTA                DATA
 0003:00000050 00000004H .CRT$XTB                DATA
 0003:00000054 00000004H .CRT$XTZ                DATA
 0003:00000060 00003684H .data                   DATA
 0003:000036f0 00001ef9H .bss                    DATA
 0004:00000000 0000003cH .idata$2                DATA
 0004:0000003c 00000014H .idata$3                DATA
 0004:00000050 000001b0H .idata$4                DATA
 0004:00000200 000001b0H .idata$5                DATA
 0004:000003b0 00000784H .idata$6                DATA

  Address         Publics by Value              Rva+Base     Lib:Object

 0001:00000000       ??0CKFApp@@QAE@N@Z         00401000 f   KFApp.obj
 0001:00000060       ?Init@CKFApp@@UAEXABVCSINS@@H@Z 00401060 f   KFApp.obj
 0001:00000500       ?RTOutput@CSINSTDKF@@UAEXXZ 00401500 f i KFApp.obj
 0001:00000530       ?Miscellanous@CSINSTDKF@@UAEXXZ 00401530 f i KFApp.obj
 0001:00000560       ?SecretAttitude@CSINSTDKF@@UAEXXZ 00401560 f i KFApp.obj
 0001:00000590       ?SetMeas@CSINSGNSS@@UAEXXZ 00401590 f i KFApp.obj
 0001:000005c0       _main                      004015c0 f   Main_SinsGps.obj
 0001:000009e0       ??1CFileRdSr@@QAE@XZ       004019e0 f i Main_SinsGps.obj
 0001:00000a20       ??0CFileRdSr@@QAE@PBD@Z    00401a20 f i Main_SinsGps.obj
 0001:00000ae0       ?load@CFileRdSr@@QAEHH@Z   00401ae0 f i Main_SinsGps.obj
 0001:00000b30       ??0DataSensor@@QAE@XZ      00401b30 f i Main_SinsGps.obj
 0001:00000f00       ??0CGLV@@QAE@NNNN@Z        00401f00 f   PSINS.obj
 0001:000011f0       ??0CComplex@@QAE@NN@Z      004021f0 f   PSINS.obj
 0001:00001240       ??HCComplex@@QBE?AV0@ABV0@@Z 00402240 f   PSINS.obj
 0001:000012c0       ??HCComplex@@QBE?AV0@N@Z   004022c0 f   PSINS.obj
 0001:00001330       ??H@YA?AVCComplex@@NABV0@@Z 00402330 f   PSINS.obj
 0001:000013a0       ??GCComplex@@QBE?AV0@ABV0@@Z 004023a0 f   PSINS.obj
 0001:00001420       ??GCComplex@@QBE?AV0@N@Z   00402420 f   PSINS.obj
 0001:00001490       ??G@YA?AVCComplex@@NABV0@@Z 00402490 f   PSINS.obj
 0001:00001500       ??DCComplex@@QBE?AV0@ABV0@@Z 00402500 f   PSINS.obj
 0001:00001590       ??DCComplex@@QBE?AV0@N@Z   00402590 f   PSINS.obj
 0001:00001610       ??D@YA?AVCComplex@@NABV0@@Z 00402610 f   PSINS.obj
 0001:00001680       ??KCComplex@@QBE?AV0@ABV0@@Z 00402680 f   PSINS.obj
 0001:00001770       ??KCComplex@@QBE?AV0@N@Z   00402770 f   PSINS.obj
 0001:00001830       ??K@YA?AVCComplex@@NABV0@@Z 00402830 f   PSINS.obj
 0001:000018a0       ??G@YA?AVCComplex@@ABV0@@Z 004028a0 f   PSINS.obj
 0001:00001910       ??4CComplex@@QAEAAV0@N@Z   00402910 f   PSINS.obj
 0001:00001960       ??S@YA?AVCComplex@@ABV0@@Z 00402960 f   PSINS.obj
 0001:000019d0       ?real@@YANABVCComplex@@@Z  004029d0 f   PSINS.obj
 0001:00001a00       ?img@@YANABVCComplex@@@Z   00402a00 f   PSINS.obj
 0001:00001a30       ?norm@@YANABVCComplex@@@Z  00402a30 f   PSINS.obj
 0001:00001a80       ?arg@@YANABVCComplex@@@Z   00402a80 f   PSINS.obj
 0001:00001b00       ?pow@@YA?AVCComplex@@ABV1@N@Z 00402b00 f   PSINS.obj
 0001:00001c10       ?sqrt@@YA?AVCComplex@@ABV1@@Z 00402c10 f   PSINS.obj
 0001:00001ce0       ?m33abc@@YA?AVCVect3@@ABVCMat3@@@Z 00402ce0 f   PSINS.obj
 0001:00001df0       ?realrt3@@YA?AVCVect3@@NNN@Z 00402df0 f   PSINS.obj
 0001:00002150       ??0CComplex@@QAE@XZ        00403150 f i PSINS.obj
 0001:00002180       ?ShengJin@@YA?AVCVect3@@NNN@Z 00403180 f   PSINS.obj
 0001:00002330       ??0CVect3@@QAE@XZ          00403330 f   PSINS.obj
 0001:00002360       ??0CVect3@@QAE@N@Z         00403360 f   PSINS.obj
 0001:000023c0       ??0CVect3@@QAE@NNN@Z       004033c0 f   PSINS.obj
 0001:00002420       ??0CVect3@@QAE@PBN@Z       00403420 f   PSINS.obj
 0001:00002490       ??0CVect3@@QAE@PBM@Z       00403490 f   PSINS.obj
 0001:000024f0       ?IsZero@@YAHABVCVect3@@N@Z 004034f0 f   PSINS.obj
 0001:00002590       ?IsZeroXY@@YAHABVCVect3@@N@Z 00403590 f   PSINS.obj
 0001:00002610       ?IsNaN@@YAHABVCVect3@@@Z   00403610 f   PSINS.obj
 0001:00002640       ??HCVect3@@QBE?AV0@ABV0@@Z 00403640 f   PSINS.obj
 0001:000026c0       ??GCVect3@@QBE?AV0@ABV0@@Z 004036c0 f   PSINS.obj
 0001:00002740       ??DCVect3@@QBE?AV0@ABV0@@Z 00403740 f   PSINS.obj
 0001:000027f0       ??DCVect3@@QBE?AV0@N@Z     004037f0 f   PSINS.obj
 0001:00002870       ??DCVect3@@QBE?AV0@ABVCMat3@@@Z 00403870 f   PSINS.obj
 0001:00002940       ??KCVect3@@QBE?AV0@N@Z     00403940 f   PSINS.obj
 0001:000029c0       ??KCVect3@@QBE?AV0@ABV0@@Z 004039c0 f   PSINS.obj
 0001:00002a40       ??4CVect3@@QAEAAV0@N@Z     00403a40 f   PSINS.obj
 0001:00002aa0       ??4CVect3@@QAEAAV0@PBN@Z   00403aa0 f   PSINS.obj
 0001:00002b10       ??YCVect3@@QAEAAV0@ABV0@@Z 00403b10 f   PSINS.obj
 0001:00002b70       ??ZCVect3@@QAEAAV0@ABV0@@Z 00403b70 f   PSINS.obj
 0001:00002bd0       ??XCVect3@@QAEAAV0@N@Z     00403bd0 f   PSINS.obj
 0001:00002c30       ??_0CVect3@@QAEAAV0@N@Z    00403c30 f   PSINS.obj
 0001:00002c90       ??_0CVect3@@QAEAAV0@ABV0@@Z 00403c90 f   PSINS.obj
 0001:00002cf0       ??D@YA?AVCVect3@@NABV0@@Z  00403cf0 f   PSINS.obj
 0001:00002d60       ??G@YA?AVCVect3@@ABV0@@Z   00403d60 f   PSINS.obj
 0001:00002dd0       ?vxv@@YA?AVCMat3@@ABVCVect3@@0@Z 00403dd0 f   PSINS.obj
 0001:00002ec0       ?sqrt@@YA?AVCVect3@@ABV1@@Z 00403ec0 f   PSINS.obj
 0001:00002f40       ?pow@@YA?AVCVect3@@ABV1@H@Z 00403f40 f   PSINS.obj
 0001:00002fc0       ?abs@@YA?AVCVect3@@ABV1@@Z 00403fc0 f   PSINS.obj
 0001:000030b0       ?norm@@YANABVCVect3@@@Z    004040b0 f   PSINS.obj
 0001:00003110       ?normInf@@YANABVCVect3@@@Z 00404110 f   PSINS.obj
 0001:00003250       ?normXY@@YANABVCVect3@@@Z  00404250 f   PSINS.obj
 0001:000032a0       ?dot@@YANABVCVect3@@0@Z    004042a0 f   PSINS.obj
 0001:000032f0       ?dotmul@@YA?AVCVect3@@ABV1@0@Z 004042f0 f   PSINS.obj
 0001:00003370       ?rv2q@@YA?AVCQuat@@ABVCVect3@@@Z 00404370 f   PSINS.obj
 0001:000034c0       ?askew@@YA?AVCMat3@@ABVCVect3@@@Z 004044c0 f   PSINS.obj
 0001:00003560       ?pos2Cen@@YA?AVCMat3@@ABVCVect3@@@Z 00404560 f   PSINS.obj
 0001:00003660       ?pp2vn@@YA?AVCVect3@@ABV1@0NPAVCEarth@@@Z 00404660 f   PSINS.obj
 0001:000037b0       ?sinAng@@YANABVCVect3@@0@Z 004047b0 f   PSINS.obj
 0001:00003860       ?MagYaw@@YANABVCVect3@@0N@Z 00404860 f   PSINS.obj
 0001:00003970       ?xyz2blh@@YA?AVCVect3@@ABV1@@Z 00404970 f   PSINS.obj
 0001:00003b30       ?blh2xyz@@YA?AVCVect3@@ABV1@@Z 00404b30 f   PSINS.obj
 0001:00003c40       ?Vxyz2enu@@YA?AVCVect3@@ABV1@0@Z 00404c40 f   PSINS.obj
 0001:00003ca0       ?sort@@YA?AVCVect3@@ABV1@@Z 00404ca0 f   PSINS.obj
 0001:00003d70       ??0CQuat@@QAE@XZ           00404d70 f   PSINS.obj
 0001:00003da0       ??0CQuat@@QAE@NABVCVect3@@@Z 00404da0 f   PSINS.obj
 0001:00003e10       ??0CQuat@@QAE@NNNN@Z       00404e10 f   PSINS.obj
 0001:00003e80       ??0CQuat@@QAE@PBN@Z        00404e80 f   PSINS.obj
 0001:00003f10       ??HCQuat@@QBE?AV0@ABVCVect3@@@Z 00404f10 f   PSINS.obj
 0001:00003fa0       ??GCQuat@@QBE?AV0@ABVCVect3@@@Z 00404fa0 f   PSINS.obj
 0001:00004020       ??GCQuat@@QBE?AVCVect3@@AAV0@@Z 00405020 f   PSINS.obj
 0001:00004160       ??DCQuat@@QBE?AV0@ABV0@@Z  00405160 f   PSINS.obj
 0001:00004290       ??XCQuat@@QAEAAV0@ABV0@@Z  00405290 f   PSINS.obj
 0001:000042e0       ??ZCQuat@@QAEAAV0@ABVCVect3@@@Z 004052e0 f   PSINS.obj
 0001:00004360       ??S@YA?AVCQuat@@ABV0@@Z    00405360 f   PSINS.obj
 0001:000043e0       ??DCQuat@@QBE?AVCVect3@@ABV1@@Z 004053e0 f   PSINS.obj
 0001:00004570       ?SetYaw@CQuat@@QAEXN@Z     00405570 f   PSINS.obj
 0001:000045f0       ?normlize@@YAXPAVCQuat@@@Z 004055f0 f   PSINS.obj
 0001:000046a0       ?q2rv@@YA?AVCVect3@@ABVCQuat@@@Z 004056a0 f   PSINS.obj
 0001:000047d0       ?qq2phi@@YA?AVCVect3@@ABVCQuat@@0@Z 004057d0 f   PSINS.obj
 0001:00004840       ?addmu@@YA?AVCQuat@@ABV1@ABVCVect3@@@Z 00405840 f   PSINS.obj
 0001:000048a0       ?UpDown@@YA?AVCQuat@@ABV1@@Z 004058a0 f   PSINS.obj
 0001:00004930       ??0CMat3@@QAE@XZ           00405930 f   PSINS.obj
 0001:00004960       ??0CMat3@@QAE@N@Z          00405960 f   PSINS.obj
 0001:00004a10       ??0CMat3@@QAE@NNN@Z        00405a10 f   PSINS.obj
 0001:00004ad0       ??0CMat3@@QAE@NNNNNNNNN@Z  00405ad0 f   PSINS.obj
 0001:00004b80       ??0CMat3@@QAE@ABVCVect3@@00H@Z 00405b80 f   PSINS.obj
 0001:00004d00       ?sv2att@@YA?AVCVect3@@ABV1@N0@Z 00405d00 f   PSINS.obj
 0001:00004e50       ?dv2att@@YA?AVCVect3@@ABV1@000@Z 00405e50 f   PSINS.obj
 0001:000050e0       ?vn2att@@YA?AVCVect3@@ABV1@@Z 004060e0 f   PSINS.obj
 0001:000051a0       ??G@YA?AVCMat3@@ABV0@@Z    004061a0 f   PSINS.obj
 0001:00005270       ??S@YA?AVCMat3@@ABV0@@Z    00406270 f   PSINS.obj
 0001:00005320       ??DCMat3@@QBE?AV0@ABV0@@Z  00406320 f   PSINS.obj
 0001:000054f0       ??HCMat3@@QBE?AV0@ABV0@@Z  004064f0 f   PSINS.obj
 0001:000055d0       ??YCMat3@@QAEAAV0@ABV0@@Z  004065d0 f   PSINS.obj
 0001:000056a0       ??HCMat3@@QBE?AV0@ABVCVect3@@@Z 004066a0 f   PSINS.obj
 0001:00005710       ??YCMat3@@QAEAAV0@ABVCVect3@@@Z 00406710 f   PSINS.obj
 0001:00005770       ??GCMat3@@QBE?AV0@ABV0@@Z  00406770 f   PSINS.obj
 0001:00005850       ??DCMat3@@QBE?AV0@N@Z      00406850 f   PSINS.obj
 0001:00005930       ?SetRow@CMat3@@QAEXHAAVCVect3@@@Z 00406930 f   PSINS.obj
 0001:000059a0       ?SetClm@CMat3@@QAEXHAAVCVect3@@@Z 004069a0 f   PSINS.obj
 0001:00005a10       ?GetRow@CMat3@@QBE?AVCVect3@@H@Z 00406a10 f   PSINS.obj
 0001:00005a90       ?GetClm@CMat3@@QBE?AVCVect3@@H@Z 00406a90 f   PSINS.obj
 0001:00005b10       ?rcijk@@YA?AVCMat3@@ABV1@H@Z 00406b10 f   PSINS.obj
 0001:00005ef0       ?symmetry@@YAXAAVCMat3@@@Z 00406ef0 f   PSINS.obj
 0001:00005f90       ??D@YA?AVCMat3@@NABV0@@Z   00406f90 f   PSINS.obj
 0001:00006060       ??DCMat3@@QBE?AVCVect3@@ABV1@@Z 00407060 f   PSINS.obj
 0001:00006130       ?det@@YANABVCMat3@@@Z      00407130 f   PSINS.obj
 0001:000061c0       ?trace@@YANABVCMat3@@@Z    004071c0 f   PSINS.obj
 0001:000061f0       ?pow@@YA?AVCMat3@@ABV1@H@Z 004071f0 f   PSINS.obj
 0001:00006280       ?a2qua@@YA?AVCQuat@@NNN@Z  00407280 f   PSINS.obj
 0001:000063c0       ?a2qua@@YA?AVCQuat@@ABVCVect3@@@Z 004073c0 f   PSINS.obj
 0001:00006430       ?a2mat@@YA?AVCMat3@@ABVCVect3@@@Z 00407430 f   PSINS.obj
 0001:00006580       ?m2att@@YA?AVCVect3@@ABVCMat3@@@Z 00407580 f   PSINS.obj
 0001:00006640       ?m2qua@@YA?AVCQuat@@ABVCMat3@@@Z 00407640 f   PSINS.obj
 0001:00006910       ?q2att@@YA?AVCVect3@@ABVCQuat@@@Z 00407910 f   PSINS.obj
 0001:00006a80       ?q2mat@@YA?AVCMat3@@ABVCQuat@@@Z 00407a80 f   PSINS.obj
 0001:00006be0       ?adj@@YA?AVCMat3@@ABV1@@Z  00407be0 f   PSINS.obj
 0001:00006d40       ?inv@@YA?AVCMat3@@ABV1@@Z  00407d40 f   PSINS.obj
 0001:00006de0       ?diag@@YA?AVCVect3@@ABVCMat3@@@Z 00407de0 f   PSINS.obj
 0001:00006e40       ?diag@@YA?AVCMat3@@ABVCVect3@@@Z 00407e40 f   PSINS.obj
 0001:00006ed0       ?MMT@@YA?AVCMat3@@ABV1@0@Z 00407ed0 f   PSINS.obj
 0001:00007060       ?trMMT@@YANABVCMat3@@0@Z   00408060 f   PSINS.obj
 0001:00007120       ?norm@@YANABVCMat3@@@Z     00408120 f   PSINS.obj
 0001:00007170       ?sfoam@@YA?AVCMat3@@ABV1@H@Z 00408170 f   PSINS.obj
 0001:00007880       ??0CMat@@QAE@XZ            00408880 f   PSINS.obj
 0001:000078b0       ??0CMat@@QAE@HH@Z          004088b0 f   PSINS.obj
 0001:00007900       ??0CMat@@QAE@HHN@Z         00408900 f   PSINS.obj
 0001:00007990       ??0CMat@@QAA@HHNNZZ        00408990 f   PSINS.obj
 0001:00007a40       ??0CMat@@QAE@HHPBN@Z       00408a40 f   PSINS.obj
 0001:00007ac0       ?Clear@CMat@@QAEXXZ        00408ac0 f   PSINS.obj
 0001:00007b30       ??DCMat@@QBE?AV0@ABV0@@Z   00408b30 f   PSINS.obj
 0001:00007d20       ??DCMat@@QBE?AVCVect@@ABV1@@Z 00408d20 f   PSINS.obj
 0001:00007e70       ??HCMat@@QBE?AV0@ABV0@@Z   00408e70 f   PSINS.obj
 0001:00007f70       ??YCMat@@QAEAAV0@ABVCVect@@@Z 00408f70 f   PSINS.obj
 0001:00008000       ??GCMat@@QBE?AV0@ABV0@@Z   00409000 f   PSINS.obj
 0001:00008100       ??DCMat@@QBE?AV0@N@Z       00409100 f   PSINS.obj
 0001:000081e0       ??4CMat@@QAEAAV0@N@Z       004091e0 f   PSINS.obj
 0001:00008250       ??YCMat@@QAEAAV0@ABV0@@Z   00409250 f   PSINS.obj
 0001:000082d0       ??ZCMat@@QAEAAV0@ABV0@@Z   004092d0 f   PSINS.obj
 0001:00008350       ??XCMat@@QAEAAV0@N@Z       00409350 f   PSINS.obj
 0001:000083c0       ??ECMat@@QAEAAV0@XZ        004093c0 f   PSINS.obj
 0001:00008440       ??S@YA?AVCMat@@ABV0@@Z     00409440 f   PSINS.obj
 0001:00008540       ?symmetry@@YAXAAVCMat@@@Z  00409540 f   PSINS.obj
 0001:00008630       ?dotmul@@YA?AVCMat@@ABV1@0@Z 00409630 f   PSINS.obj
 0001:00008720       ??RCMat@@QAEAANHH@Z        00409720 f   PSINS.obj
 0001:00008770       ?SetRow@CMat@@QAAXHNZZ     00409770 f   PSINS.obj
 0001:00008800       ?SetRow@CMat@@QAEXHABVCVect@@@Z 00409800 f   PSINS.obj
 0001:00008880       ?SetClm@CMat@@QAAXHNZZ     00409880 f   PSINS.obj
 0001:00008910       ?SetClm@CMat@@QAEXHABVCVect@@@Z 00409910 f   PSINS.obj
 0001:00008990       ?SetClmVect3@CMat@@QAEXHHABVCVect3@@@Z 00409990 f   PSINS.obj
 0001:00008a20       ?SetRowVect3@CMat@@QAEXHHABVCVect3@@@Z 00409a20 f   PSINS.obj
 0001:00008a70       ?SetDiagVect3@CMat@@QAEXHHABVCVect3@@@Z 00409a70 f   PSINS.obj
 0001:00008b00       ?GetDiagVect3@CMat@@QAE?AVCVect3@@HH@Z 00409b00 f   PSINS.obj
 0001:00008bc0       ?SetAskew@CMat@@QAEXHHABVCVect3@@@Z 00409bc0 f   PSINS.obj
 0001:00008cb0       ?SetMat3@CMat@@QAEXHHABVCMat3@@@Z 00409cb0 f   PSINS.obj
 0001:00008d40       ?GetMat3@CMat@@QBE?AVCMat3@@HH@Z 00409d40 f   PSINS.obj
 0001:00008e00       ?SubAddMat3@CMat@@QAEXHHABVCMat3@@@Z 00409e00 f   PSINS.obj
 0001:00008e90       ?GetRow@CMat@@QBE?AVCVect@@H@Z 00409e90 f   PSINS.obj
 0001:00008f70       ?GetClm@CMat@@QBE?AVCVect@@H@Z 00409f70 f   PSINS.obj
 0001:00009050       ?ZeroRow@CMat@@QAEXH@Z     0040a050 f   PSINS.obj
 0001:000090c0       ?ZeroClm@CMat@@QAEXH@Z     0040a0c0 f   PSINS.obj
 0001:00009130       ?SetDiag@CMat@@QAAXNZZ     0040a130 f   PSINS.obj
 0001:00009210       ?SetDiag2@CMat@@QAAXNZZ    0040a210 f   PSINS.obj
 0001:000092f0       ?normInf@@YANAAVCMat@@@Z   0040a2f0 f   PSINS.obj
 0001:00009390       ?diag@@YA?AVCVect@@ABVCMat@@@Z 0040a390 f   PSINS.obj
 0001:00009470       ?RowMul@@YAXAAVCMat@@ABV1@1H@Z 0040a470 f   PSINS.obj
 0001:00009560       ?RowMulT@@YAXAAVCMat@@ABV1@1H@Z 0040a560 f   PSINS.obj
 0001:00009640       ?diag@@YA?AVCMat@@ABVCVect@@@Z 0040a640 f   PSINS.obj
 0001:00009750       ?DVMDVafa@@YAXABVCVect@@AAVCMat@@N@Z 0040a750 f   PSINS.obj
 0001:00009840       ??0CVect@@QAE@XZ           0040a840 f   PSINS.obj
 0001:00009870       ??0CVect@@QAE@HH@Z         0040a870 f   PSINS.obj
 0001:000098e0       ??0CVect@@QAE@HN@Z         0040a8e0 f   PSINS.obj
 0001:00009960       ??0CVect@@QAE@HPBN@Z       0040a960 f   PSINS.obj
 0001:000099e0       ??0CVect@@QAA@HNNZZ        0040a9e0 f   PSINS.obj
 0001:00009ab0       ??0CVect@@QAE@ABVCVect3@@@Z 0040aab0 f   PSINS.obj
 0001:00009b40       ??0CVect@@QAE@ABVCVect3@@V1@@Z 0040ab40 f   PSINS.obj
 0001:00009bf0       ??S@YA?AVCVect@@ABV0@@Z    0040abf0 f   PSINS.obj
 0001:00009c50       ??DCVect@@QBE?AV0@ABVCMat@@@Z 0040ac50 f   PSINS.obj
 0001:00009db0       ??DCVect@@QBE?AVCMat@@ABV0@@Z 0040adb0 f   PSINS.obj
 0001:00009f70       ??HCVect@@QBE?AV0@ABV0@@Z  0040af70 f   PSINS.obj
 0001:0000a050       ??GCVect@@QBE?AV0@ABV0@@Z  0040b050 f   PSINS.obj
 0001:0000a130       ??DCVect@@QBE?AV0@N@Z      0040b130 f   PSINS.obj
 0001:0000a210       ??4CVect@@QAEAAV0@N@Z      0040b210 f   PSINS.obj
 0001:0000a280       ??4CVect@@QAEAAV0@PBN@Z    0040b280 f   PSINS.obj
 0001:0000a2f0       ??4CVect@@QAEAAV0@ABVCMat3@@@Z 0040b2f0 f   PSINS.obj
 0001:0000a360       ??YCVect@@QAEAAV0@ABV0@@Z  0040b360 f   PSINS.obj
 0001:0000a3e0       ??ZCVect@@QAEAAV0@ABV0@@Z  0040b3e0 f   PSINS.obj
 0001:0000a460       ??XCVect@@QAEAAV0@N@Z      0040b460 f   PSINS.obj
 0001:0000a4d0       ?dot@@YANABVCVect@@0@Z     0040b4d0 f   PSINS.obj
 0001:0000a550       ?dotmul@@YA?AVCVect@@ABV1@0@Z 0040b550 f   PSINS.obj
 0001:0000a640       ?pow@@YA?AVCVect@@ABV1@H@Z 0040b640 f   PSINS.obj
 0001:0000a730       ?abs@@YA?AVCVect@@ABV1@@Z  0040b730 f   PSINS.obj
 0001:0000a840       ?norm@@YANABVCVect@@@Z     0040b840 f   PSINS.obj
 0001:0000a8d0       ?normInf@@YANABVCVect@@@Z  0040b8d0 f   PSINS.obj
 0001:0000a970       ??RCVect@@QAEAANH@Z        0040b970 f   PSINS.obj
 0001:0000a9a0       ?Set@CVect@@QAAXNZZ        0040b9a0 f   PSINS.obj
 0001:0000aa30       ?Set2@CVect@@QAAXNZZ       0040ba30 f   PSINS.obj
 0001:0000aac0       ?SetVect3@CVect@@QAEXHABVCVect3@@@Z 0040bac0 f   PSINS.obj
 0001:0000ab00       ?Set2Vect3@CVect@@QAEXHABVCVect3@@@Z 0040bb00 f   PSINS.obj
 0001:0000ab80       ?SetBit@CVect@@QAEXIN@Z    0040bb80 f   PSINS.obj
 0001:0000abf0       ?SetBit@CVect@@QAEXIABVCVect3@@@Z 0040bbf0 f   PSINS.obj
 0001:0000ac80       ?GetVect3@CVect@@QAE?AVCVect3@@H@Z 0040bc80 f   PSINS.obj
 0001:0000acc0       ?sort@@YA?AVCVect@@ABV1@@Z 0040bcc0 f   PSINS.obj
 0001:0000ade0       ??0CIIR@@QAE@XZ            0040bde0 f   PSINS.obj
 0001:0000ae10       ??0CIIR@@QAE@PAN0H@Z       0040be10 f   PSINS.obj
 0001:0000aed0       ?Update@CIIR@@QAENN@Z      0040bed0 f   PSINS.obj
 0001:0000afe0       ??0CIIRV3@@QAE@XZ          0040bfe0 f   PSINS.obj
 0001:0000b050       ??0CIIRV3@@QAE@PAN0H00H00H@Z 0040c050 f   PSINS.obj
 0001:0000b170       ?Update@CIIRV3@@QAE?AVCVect3@@ABV2@@Z 0040c170 f   PSINS.obj
 0001:0000b230       ??0CRAvar@@QAE@XZ          0040c230 f   PSINS.obj
 0001:0000b260       ??0CRAvar@@QAE@HH@Z        0040c260 f   PSINS.obj
 0001:0000b2e0       ?set@CRAvar@@QAEXNNNNH@Z   0040c2e0 f   PSINS.obj
 0001:0000b400       ?set@CRAvar@@QAEXABVCVect3@@000@Z 0040c400 f   PSINS.obj
 0001:0000b4c0       ?set@CRAvar@@QAEXABVCVect@@000@Z 0040c4c0 f   PSINS.obj
 0001:0000b590       ?Update@CRAvar@@QAEXNNH@Z  0040c590 f   PSINS.obj
 0001:0000b790       ?Update@CRAvar@@QAEXABVCVect3@@N@Z 0040c790 f   PSINS.obj
 0001:0000b810       ?Update@CRAvar@@QAEXABVCVect@@N@Z 0040c810 f   PSINS.obj
 0001:0000b890       ??RCRAvar@@QAENH@Z         0040c890 f   PSINS.obj
 0001:0000b910       ??0CVAR@@QAE@HN@Z          0040c910 f   PSINS.obj
 0001:0000b9d0       ?Update@CVAR@@QAENNH@Z     0040c9d0 f   PSINS.obj
 0001:0000bb50       ??0CVARn@@QAE@XZ           0040cb50 f   PSINS.obj
 0001:0000bb90       ??0CVARn@@QAE@HH@Z         0040cb90 f   PSINS.obj
 0001:0000bd10       ??1CVARn@@QAE@XZ           0040cd10 f   PSINS.obj
 0001:0000bd70       ?Reset@CVARn@@QAEXXZ       0040cd70 f   PSINS.obj
 0001:0000be00       ?Update@CVARn@@QAEHPBN@Z   0040ce00 f   PSINS.obj
 0001:0000c040       ?Update@CVARn@@QAAHNZZ     0040d040 f   PSINS.obj
 0001:0000c0d0       ??0CContLarge@@QAE@XZ      0040d0d0 f   PSINS.obj
 0001:0000c100       ??0CContLarge@@QAE@NNH@Z   0040d100 f   PSINS.obj
 0001:0000c170       ?Update@CContLarge@@QAEHNN@Z 0040d170 f   PSINS.obj
 0001:0000c230       ??0CAbnomalCnt@@QAE@XZ     0040d230 f   PSINS.obj
 0001:0000c260       ??0CAbnomalCnt@@QAE@HNNN@Z 0040d260 f   PSINS.obj
 0001:0000c310       ?Update@CAbnomalCnt@@QAEHNN@Z 0040d310 f   PSINS.obj
 0001:0000c3d0       ??0CWzhold@@QAE@XZ         0040d3d0 f   PSINS.obj
 0001:0000c400       ?Init@CWzhold@@QAEXNNNH@Z  0040d400 f   PSINS.obj
 0001:0000c4c0       ?Reset@CWzhold@@QAEXXZ     0040d4c0 f   PSINS.obj
 0001:0000c530       ?Update@CWzhold@@QAEHN@Z   0040d530 f   PSINS.obj
 0001:0000c870       ??0CMaxMin@@QAE@HHN@Z      0040d870 f   PSINS.obj
 0001:0000c980       ?Update@CMaxMin@@QAEHN@Z   0040d980 f   PSINS.obj
 0001:0000cb20       ??0CMaxMinn@@QAE@HHHN@Z    0040db20 f   PSINS.obj
 0001:0000cbd0       ??_FCMaxMin@@QAEXXZ        0040dbd0 f i PSINS.obj
 0001:0000cc10       ??_H@YGXPAXIHP6EX0@Z@Z     0040dc10 f i PSINS.obj
 0001:0000cc70       ?Update@CMaxMinn@@QAAHNZZ  0040dc70 f   PSINS.obj
 0001:0000cd10       ?Update@CMaxMinn@@QAEHABVCVect3@@@Z 0040dd10 f   PSINS.obj
 0001:0000cda0       ?Update@CMaxMinn@@QAEHABVCVect3@@0@Z 0040dda0 f   PSINS.obj
 0001:0000ce70       ??0CKalman@@QAE@XZ         0040de70 f   PSINS.obj
 0001:0000d040       ??0CKalman@@QAE@HH@Z       0040e040 f   PSINS.obj
 0001:0000d240       ?Init@CKalman@@QAEXHH@Z    0040e240 f   PSINS.obj
 0001:0000d6f0       ?SetRmaxcount@CKalman@@QAEXH@Z 0040e6f0 f   PSINS.obj
 0001:0000d760       ?TimeUpdate@CKalman@@QAEXNH@Z 0040e760 f   PSINS.obj
 0001:0000d980       ?SetMeasFlag@CKalman@@QAEXI@Z 0040e980 f   PSINS.obj
 0001:0000d9d0       ?SetMeasMask@CKalman@@QAEXHI@Z 0040e9d0 f   PSINS.obj
 0001:0000da90       ?SetMeasStop@CKalman@@QAEXNI@Z 0040ea90 f   PSINS.obj
 0001:0000dae0       ?SetRadptStop@CKalman@@QAEXNI@Z 0040eae0 f   PSINS.obj
 0001:0000db30       ?MeasUpdate@CKalman@@QAEHN@Z 0040eb30 f   PSINS.obj
 0001:0000ded0       ?RAdaptive@CKalman@@QAEHHNN@Z 0040eed0 f   PSINS.obj
 0001:0000e060       ?RPkFading@CKalman@@QAEXH@Z 0040f060 f   PSINS.obj
 0001:0000e150       ?XPConstrain@CKalman@@QAEXXZ 0040f150 f   PSINS.obj
 0001:0000e490       ?PmaxPminCheck@CKalman@@QAEXXZ 0040f490 f   PSINS.obj
 0001:0000e590       ?Feedback@CKalman@@UAEXHN@Z 0040f590 f   PSINS.obj
 0001:0000e7e0       ?RtFading@CKalman@@QAEXHN@Z 0040f7e0 f   PSINS.obj
 0001:0000e930       ?fusion@@YAXPAN0PBN1H00@Z  0040f930 f   PSINS.obj
 0001:0000eae0       ?fusion@@YAXAAVCVect3@@0V1@1@Z 0040fae0 f   PSINS.obj
 0001:0000eb30       ?fusion@@YAXAAVCVect3@@0V1@100@Z 0040fb30 f   PSINS.obj
 0001:0000eb80       ??0CSINSTDKF@@QAE@XZ       0040fb80 f   PSINS.obj
 0001:0000ec60       ??0CSINSTDKF@@QAE@HH@Z     0040fc60 f   PSINS.obj
 0001:0000ed50       ?Init@CSINSTDKF@@QAEXABVCSINS@@@Z 0040fd50 f   PSINS.obj
 0001:0000ef20       ?TDReset@CSINSTDKF@@QAEXXZ 0040ff20 f   PSINS.obj
 0001:0000ef90       ?TDUpdate@CSINSTDKF@@QAEHPBVCVect3@@0HNH@Z 0040ff90 f   PSINS.obj
 0001:0000f9a0       ?MeasUpdate@CSINSTDKF@@QAEXABVCVect@@NN@Z 004109a0 f   PSINS.obj
 0001:0000fb60       ?MarkovGyro@CSINSTDKF@@QAEXABVCVect3@@0H@Z 00410b60 f   PSINS.obj
 0001:0000fbe0       ?MarkovAcc@CSINSTDKF@@QAEXABVCVect3@@0H@Z 00410be0 f   PSINS.obj
 0001:0000fc60       ?SetYaw@CSINSTDKF@@QAEXNHH@Z 00410c60 f   PSINS.obj
 0001:0000fe60       ?PSetVertCh@CSINSTDKF@@QAEXNNN@Z 00410e60 f   PSINS.obj
 0001:0000ff40       ?SetCalcuBurden@CSINSTDKF@@QAENIH@Z 00410f40 f   PSINS.obj
 0001:000100c0       ??0CSINSGNSS@@QAE@XZ       004110c0 f   PSINS.obj
 0001:00010120       ??0CSINSGNSS@@QAE@HHNH@Z   00411120 f   PSINS.obj
 0001:00010350       ?Init@CSINSGNSS@@QAEXABVCSINS@@H@Z 00411350 f   PSINS.obj
 0001:00011600       ?SetFt@CSINSGNSS@@UAEXH@Z  00412600 f   PSINS.obj
 0001:00011a80       ?SetHk@CSINSGNSS@@UAEXH@Z  00412a80 f   PSINS.obj
 0001:00011be0       ?Feedback@CSINSGNSS@@UAEXHN@Z 00412be0 f   PSINS.obj
 0001:00011f10       ?SetMeasGNSS@CSINSGNSS@@QAEXABVCVect3@@0NN@Z 00412f10 f   PSINS.obj
 0001:000120e0       ?Update@CSINSGNSS@@QAEHPBVCVect3@@0HNH@Z 004130e0 f   PSINS.obj
 0001:00012170       ??6CSINSGNSS@@QAEXAAVCFileRdWt@@@Z 00413170 f   PSINS.obj
 0001:00012270       ??0CPOS618@@QAE@XZ         00413270 f   PSINS.obj
 0001:00012310       ??0CPOS618@@QAE@NNH@Z      00413310 f   PSINS.obj
 0001:00012550       ??1CPOS618@@QAE@XZ         00413550 f   PSINS.obj
 0001:00012740       ??_GCRMemory@@QAEPAXI@Z    00413740 f i PSINS.obj
 0001:000127a0       ??_GCSmooth@@QAEPAXI@Z     004137a0 f i PSINS.obj
 0001:00012800       ??_GCFileRdWt@@QAEPAXI@Z   00413800 f i PSINS.obj
 0001:00012860       ?Load@CPOS618@@QAEHPADNN@Z 00413860 f   PSINS.obj
 0001:00012cd0       ?Init@CPOS618@@QAEXNABVCVect3@@@Z 00413cd0 f   PSINS.obj
 0001:00013170       ?Forward@CPOS618@@QAEXXZ   00414170 f   PSINS.obj
 0001:000134e0       ?Backward@CPOS618@@QAEXXZ  004144e0 f   PSINS.obj
 0001:000139e0       ?Reverse@CPOS618@@QAEXXZ   004149e0 f   PSINS.obj
 0001:00013c10       ?Smooth@CPOS618@@QAEXXZ    00414c10 f   PSINS.obj
 0001:00013c40       ?Process@CPOS618@@QAEXPADH@Z 00414c40 f   PSINS.obj
 0001:00013d20       ??0CSINSGNSSDR@@QAE@XZ     00414d20 f   PSINS.obj
 0001:00013da0       ?SetHk@CSINSGNSSDR@@UAEXH@Z 00414da0 f i PSINS.obj
 0001:00013dd0       ??0CSINSGNSSDR@@QAE@N@Z    00414dd0 f   PSINS.obj
 0001:00013f60       ?Init@CSINSGNSSDR@@QAEXABVCSINS@@H@Z 00414f60 f   PSINS.obj
 0001:00014550       ?SetFt@CSINSGNSSDR@@UAEXH@Z 00415550 f   PSINS.obj
 0001:000146f0       ?Feedback@CSINSGNSSDR@@UAEXHN@Z 004156f0 f   PSINS.obj
 0001:000147e0       ?SetMeas@CSINSGNSSDR@@UAEXXZ 004157e0 f   PSINS.obj
 0001:00014870       ?SetMeasGNSS@CSINSGNSSDR@@QAEXABVCVect3@@0N@Z 00415870 f   PSINS.obj
 0001:00014ab0       ?Update@CSINSGNSSDR@@QAEHPBVCVect3@@0NHNH@Z 00415ab0 f   PSINS.obj
 0001:00014c10       ??0CSINSGNSSOD@@QAE@XZ     00415c10 f   PSINS.obj
 0001:00014d10       ?SetMeas@CSINSGNSSOD@@UAEXXZ 00415d10 f i PSINS.obj
 0001:00014d40       ??0CSINSGNSSOD@@QAE@HHNH@Z 00415d40 f   PSINS.obj
 0001:00014f10       ?Init@CSINSGNSSOD@@QAEXABVCSINS@@H@Z 00415f10 f   PSINS.obj
 0001:00014fa0       ?ODKappa@CSINSGNSSOD@@QAE?AVCVect3@@ABV2@@Z 00415fa0 f   PSINS.obj
 0001:000150a0       ?ODVelUpdate@CSINSGNSSOD@@QAEHN@Z 004160a0 f   PSINS.obj
 0001:00015570       ?Update@CSINSGNSSOD@@QAEHPBVCVect3@@0NHNH@Z 00416570 f   PSINS.obj
 0001:00015610       ??6CSINSGNSSOD@@QAEXAAVCFileRdWt@@@Z 00416610 f   PSINS.obj
 0001:00015760       ??0CAutoDrive@@QAE@XZ      00416760 f   PSINS.obj
 0001:000157b0       ?SetMeas@CAutoDrive@@UAEXXZ 004167b0 f i PSINS.obj
 0001:000157e0       ??0CAutoDrive@@QAE@N@Z     004167e0 f   PSINS.obj
 0001:00015920       ?Init@CAutoDrive@@QAEXABVCSINS@@H@Z 00416920 f   PSINS.obj
 0001:00015db0       ?SetFt@CAutoDrive@@UAEXH@Z 00416db0 f   PSINS.obj
 0001:00015df0       ?SetHk@CAutoDrive@@UAEXH@Z 00416df0 f   PSINS.obj
 0001:00015e20       ?Feedback@CAutoDrive@@UAEXHN@Z 00416e20 f   PSINS.obj
 0001:00015ef0       ?ZUPTtest@CAutoDrive@@QAEXXZ 00416ef0 f   PSINS.obj
 0001:00015fd0       ?ZIHRtest@CAutoDrive@@QAEXXZ 00416fd0 f   PSINS.obj
 0001:000160a0       ?NHCtest@CAutoDrive@@QAEXXZ 004170a0 f   PSINS.obj
 0001:00016190       ?Update@CAutoDrive@@QAEHPBVCVect3@@0NHNH@Z 00417190 f   PSINS.obj
 0001:00016310       ??0CSGOClbt@@QAE@N@Z       00417310 f   PSINS.obj
 0001:000163e0       ?Init@CSGOClbt@@QAEXABVCSINS@@H@Z 004173e0 f   PSINS.obj
 0001:00016900       ?SetFt@CSGOClbt@@UAEXH@Z   00417900 f   PSINS.obj
 0001:00016940       ?SetHk@CSGOClbt@@UAEXH@Z   00417940 f   PSINS.obj
 0001:00016a00       ?Feedback@CSGOClbt@@UAEXHN@Z 00417a00 f   PSINS.obj
 0001:00016b20       ?Update@CSGOClbt@@QAEHPBVCVect3@@0NHNH@Z 00417b20 f   PSINS.obj
 0001:00016c30       ??0CVAutoPOS@@QAE@XZ       00417c30 f   PSINS.obj
 0001:00016c80       ??0CVAutoPOS@@QAE@N@Z      00417c80 f   PSINS.obj
 0001:00016ce0       ?Init@CVAutoPOS@@UAEXABVCSINS@@H@Z 00417ce0 f   PSINS.obj
 0001:00016f60       ?SetFt@CVAutoPOS@@UAEXH@Z  00417f60 f   PSINS.obj
 0001:00016fa0       ?SetHk@CVAutoPOS@@UAEXH@Z  00417fa0 f   PSINS.obj
 0001:00016fd0       ?Feedback@CVAutoPOS@@UAEXHN@Z 00417fd0 f   PSINS.obj
 0001:000170a0       ?Update@CVAutoPOS@@QAEHPBVCVect3@@0NHNH@Z 004180a0 f   PSINS.obj
 0001:00017190       ?Init@CCAM@@QAEXABVCVect3@@0NN@Z 00418190 f   PSINS.obj
 0001:00017260       ?Init@CCAM@@QAEXABVCVect3@@NN@Z 00418260 f   PSINS.obj
 0001:000172d0       ?Update@CCAM@@QAEXNNNN@Z   004182d0 f   PSINS.obj
 0001:000173d0       ?Update@CCAM@@QAEXNN@Z     004183d0 f   PSINS.obj
 0001:00017630       ?Init@CCALLH@@QAEXAAVCSINS@@ABVCVect3@@@Z 00418630 f   PSINS.obj
 0001:00017800       ?Update@CCALLH@@QAEXABVCSINS@@ABVCVect3@@1@Z 00418800 f   PSINS.obj
 0001:000179f0       ?Update@CCALLH@@QAEXABVCVect3@@0@Z 004189f0 f   PSINS.obj
 0001:00017aa0       ?OutLLH@CCALLH@@QAEXXZ     00418aa0 f   PSINS.obj
 0001:00017ca0       ??0CEarth@@QAE@NNN@Z       00418ca0 f   PSINS.obj
 0001:00017e00       ?Update@CEarth@@QAEXABVCVect3@@0H@Z 00418e00 f   PSINS.obj
 0001:000181c0       ?vn2dpos@CEarth@@QBE?AVCVect3@@ABV2@N@Z 004191c0 f   PSINS.obj
 0001:00018250       ??0CIMU@@QAE@XZ            00419250 f   PSINS.obj
 0001:000183d0       ?SetRFU@CIMU@@QAEXPBD@Z    004193d0 f   PSINS.obj
 0001:00018440       ?SetgSens@CIMU@@QAEXABVCMat3@@00@Z 00419440 f   PSINS.obj
 0001:000184e0       ?SetKa2@CIMU@@QAEXABVCVect3@@@Z 004194e0 f   PSINS.obj
 0001:00018530       ?Update@CIMU@@QAEXPBVCVect3@@0HN@Z 00419530 f   PSINS.obj
 0001:00018c50       ?IMURFU@@YAXPAVCVect3@@HPBD@Z 00419c50 f   PSINS.obj
 0001:00018da0       ?IMURFU@@YAXPAVCVect3@@0HPBD@Z 00419da0 f   PSINS.obj
 0001:00018e00       ?IMUStatic@@YAXAAVCVect3@@000N@Z 00419e00 f   PSINS.obj
 0001:00018f30       ??0CSINS@@QAE@AANABVCVect3@@N@Z 00419f30 f   PSINS.obj
 0001:000192b0       ??0CSINS@@QAE@ABVCVect3@@00N@Z 0041a2b0 f   PSINS.obj
 0001:00019610       ??0CSINS@@QAE@ABVCQuat@@ABVCVect3@@1N@Z 0041a610 f   PSINS.obj
 0001:00019960       ?Init@CSINS@@QAEXABVCQuat@@ABVCVect3@@1N@Z 0041a960 f   PSINS.obj
 0001:00019e40       ?SetTauGA@CSINS@@QAEXABVCVect3@@0@Z 0041ae40 f   PSINS.obj
 0001:0001a060       ?Update@CSINS@@QAEXPBVCVect3@@0HN@Z 0041b060 f   PSINS.obj
 0001:0001b150       ?Extrap@CSINS@@QAEXABVCVect3@@0N@Z 0041c150 f   PSINS.obj
 0001:0001b310       ?Extrap@CSINS@@QAEXN@Z     0041c310 f   PSINS.obj
 0001:0001b490       ?lever@CSINS@@QAEXABVCVect3@@PAV2@1@Z 0041c490 f   PSINS.obj
 0001:0001b6d0       ?etm@CSINS@@QAEXXZ         0041c6d0 f   PSINS.obj
 0001:0001bc00       ?AddErr@CSINS@@QAEXABVCVect3@@00@Z 0041cc00 f   PSINS.obj
 0001:0001bcb0       ?AddErr@CSINS@@QAEXNABVCVect3@@0@Z 0041ccb0 f   PSINS.obj
 0001:0001bd10       ??0CDR@@QAE@XZ             0041cd10 f   PSINS.obj
 0001:0001bdd0       ?Init@CDR@@QAEXABVCSINS@@ABVCVect3@@@Z 0041cdd0 f   PSINS.obj
 0001:0001be60       ?Init@CDR@@QAEXABVCVect3@@00N@Z 0041ce60 f   PSINS.obj
 0001:0001c000       ?Update@CDR@@QAEXABVCVect3@@NN@Z 0041d000 f   PSINS.obj
 0001:0001c290       ??0CAVPInterp@@QAE@XZ      0041d290 f   PSINS.obj
 0001:0001c330       ?Init@CAVPInterp@@QAEXABVCSINS@@NH@Z 0041d330 f   PSINS.obj
 0001:0001c3d0       ?Init@CAVPInterp@@QAEXABVCVect3@@00N@Z 0041d3d0 f   PSINS.obj
 0001:0001c4b0       ?Push@CAVPInterp@@QAEXABVCSINS@@H@Z 0041d4b0 f   PSINS.obj
 0001:0001c540       ?Push@CAVPInterp@@QAEXABVCVect3@@00@Z 0041d540 f   PSINS.obj
 0001:0001c5e0       ?Interp@CAVPInterp@@QAEHNH@Z 0041d5e0 f   PSINS.obj
 0001:0001c9f0       ??0CMahony@@QAE@NABVCQuat@@@Z 0041d9f0 f   PSINS.obj
 0001:0001cb10       ?SetTau@CMahony@@QAEXN@Z   0041db10 f   PSINS.obj
 0001:0001cb60       ?Update@CMahony@@QAEXABVCVect3@@0N0@Z 0041db60 f   PSINS.obj
 0001:0001d000       ??0CQEAHRS@@QAE@N@Z        0041e000 f   PSINS.obj
 0001:0001d270       ?Update@CQEAHRS@@QAEXABVCVect3@@00N@Z 0041e270 f   PSINS.obj
 0001:0001d690       ??0CVGHook@@QAE@XZ         0041e690 f   PSINS.obj
 0001:0001d710       ?Init@CVGHook@@QAEXNNN@Z   0041e710 f   PSINS.obj
 0001:0001d8c0       ?SetHook@CVGHook@@QAEXPAVCSINSGNSS@@H@Z 0041e8c0 f   PSINS.obj
 0001:0001d980       ?Enable@CVGHook@@QAEXH@Z   0041e980 f   PSINS.obj
 0001:0001d9c0       ?Update@CVGHook@@QAEHAAVCVect3@@0N@Z 0041e9c0 f   PSINS.obj
 0001:0001e000       ?time2fname@@YAPADXZ       0041f000 f   PSINS.obj
 0001:0001e070       ?DirI@CFileRdWt@@SAXPBD@Z  0041f070 f   PSINS.obj
 0001:0001e100       ?DirO@CFileRdWt@@SAXPBD@Z  0041f100 f   PSINS.obj
 0001:0001e190       ?Dir@CFileRdWt@@SAXPBD0@Z  0041f190 f   PSINS.obj
 0001:0001e1f0       ??0CFileRdWt@@QAE@XZ       0041f1f0 f   PSINS.obj
 0001:0001e220       ??0CFileRdWt@@QAE@PBDH@Z   0041f220 f   PSINS.obj
 0001:0001e290       ??1CFileRdWt@@QAE@XZ       0041f290 f   PSINS.obj
 0001:0001e2e0       ?Init@CFileRdWt@@QAEXPBDH@Z 0041f2e0 f   PSINS.obj
 0001:0001e670       ?load@CFileRdWt@@QAEHHH@Z  0041f670 f   PSINS.obj
 0001:0001eb40       ?loadf32@CFileRdWt@@QAEHH@Z 0041fb40 f   PSINS.obj
 0001:0001ec30       ?load@CFileRdWt@@QAEJPAEJ@Z 0041fc30 f   PSINS.obj
 0001:0001ece0       ?bwseek@CFileRdWt@@QAEXHH@Z 0041fce0 f   PSINS.obj
 0001:0001ed50       ?filesize@CFileRdWt@@QAEJH@Z 0041fd50 f   PSINS.obj
 0001:0001ee20       ?getl@CFileRdWt@@QAEHXZ    0041fe20 f   PSINS.obj
 0001:0001ee80       ?waitfor@CFileRdWt@@QAEHHNN@Z 0041fe80 f   PSINS.obj
 0001:0001ef20       ??6CFileRdWt@@QAEAAV0@N@Z  0041ff20 f   PSINS.obj
 0001:0001ef70       ??6CFileRdWt@@QAEAAV0@ABVCVect3@@@Z 0041ff70 f   PSINS.obj
 0001:0001efc0       ??6CFileRdWt@@QAEAAV0@ABVCQuat@@@Z 0041ffc0 f   PSINS.obj
 0001:0001f010       ??6CFileRdWt@@QAEAAV0@ABVCMat3@@@Z 00420010 f   PSINS.obj
 0001:0001f060       ??6CFileRdWt@@QAEAAV0@ABVCVect@@@Z 00420060 f   PSINS.obj
 0001:0001f0c0       ??6CFileRdWt@@QAEAAV0@ABVCMat@@@Z 004200c0 f   PSINS.obj
 0001:0001f120       ??6CFileRdWt@@QAEAAV0@ABVCRAvar@@@Z 00420120 f   PSINS.obj
 0001:0001f180       ??6CFileRdWt@@QAEAAV0@ABVCMaxMinn@@@Z 00420180 f   PSINS.obj
 0001:0001f260       ??6CFileRdWt@@QAEAAV0@ABVCAligni0@@@Z 00420260 f   PSINS.obj
 0001:0001f2f0       ??6CFileRdWt@@QAEAAV0@ABVCSINS@@@Z 004202f0 f   PSINS.obj
 0001:0001f400       ??6CFileRdWt@@QAEAAV0@ABVCDR@@@Z 00420400 f   PSINS.obj
 0001:0001f480       ??6CFileRdWt@@QAEAAV0@ABVCRMemory@@@Z 00420480 f   PSINS.obj
 0001:0001f4d0       ??6CFileRdWt@@QAEAAV0@ABVCMahony@@@Z 004204d0 f   PSINS.obj
 0001:0001f540       ??6CFileRdWt@@QAEAAV0@ABVCQEAHRS@@@Z 00420540 f   PSINS.obj
 0001:0001f5e0       ??6CFileRdWt@@QAEAAV0@ABVCVGHook@@@Z 004205e0 f   PSINS.obj
 0001:0001f690       ??6CFileRdWt@@QAEAAV0@AAVCKalman@@@Z 00420690 f   PSINS.obj
 0001:0001f770       ??5CFileRdWt@@QAEAAV0@AAN@Z 00420770 f   PSINS.obj
 0001:0001f7c0       ??5CFileRdWt@@QAEAAV0@AAVCVect3@@@Z 004207c0 f   PSINS.obj
 0001:0001f810       ??5CFileRdWt@@QAEAAV0@AAVCQuat@@@Z 00420810 f   PSINS.obj
 0001:0001f860       ??5CFileRdWt@@QAEAAV0@AAVCMat3@@@Z 00420860 f   PSINS.obj
 0001:0001f8b0       ??5CFileRdWt@@QAEAAV0@AAVCVect@@@Z 004208b0 f   PSINS.obj
 0001:0001f910       ??5CFileRdWt@@QAEAAV0@AAVCMat@@@Z 00420910 f   PSINS.obj
 0001:0001f970       ??0CRMemory@@QAE@JH@Z      00420970 f   PSINS.obj
 0001:0001fa10       ??0CRMemory@@QAE@PAEJH@Z   00420a10 f   PSINS.obj
 0001:0001faa0       ??1CRMemory@@QAE@XZ        00420aa0 f   PSINS.obj
 0001:0001faf0       ?pop@CRMemory@@QAEEPAE@Z   00420af0 f   PSINS.obj
 0001:0001fbe0       ?get@CRMemory@@QAEPAEH@Z   00420be0 f   PSINS.obj
 0001:0001fc20       ?Set@CRMemory@@QAEPAEHPBE@Z 00420c20 f   PSINS.obj
 0001:0001fcc0       ?push@CRMemory@@QAEHPBE@Z  00420cc0 f   PSINS.obj
 0001:0001fdd0       ??0CSmooth@@QAE@HH@Z       00420dd0 f   PSINS.obj
 0001:0001ff20       ??1CSmooth@@QAE@XZ         00420f20 f   PSINS.obj
 0001:0001ff90       ?Update@CSmooth@@QAE?AVCVect@@PBNPAN@Z 00420f90 f   PSINS.obj
 0001:000200e0       ?Alignsb@@YA?AVCVect3@@V1@0N@Z 004210e0 f   PSINS.obj
 0001:00020330       ??0CAligni0@@QAE@ABVCVect3@@0H@Z 00421330 f   PSINS.obj
 0001:00020490       ?Init@CAligni0@@QAEXABVCVect3@@0H@Z 00421490 f   PSINS.obj
 0001:00020620       ?Update@CAligni0@@QAE?AVCQuat@@PBVCVect3@@0HNABV3@@Z 00421620 f   PSINS.obj
 0001:00020ca0       ??0CAlignkf@@QAE@XZ        00421ca0 f   PSINS.obj
 0001:00020d00       ??0CAlignkf@@QAE@N@Z       00421d00 f   PSINS.obj
 0001:00020da0       ??0CAlignkf@@QAE@ABVCSINS@@N@Z 00421da0 f   PSINS.obj
 0001:00020e20       ?Init@CAlignkf@@QAEXABVCSINS@@@Z 00421e20 f   PSINS.obj
 0001:00021310       ?Update@CAlignkf@@QAEHPBVCVect3@@0HNH@Z 00422310 f   PSINS.obj
 0001:000213f0       ?Update@CAlignkf@@QAEHPBVCVect3@@0HNABV2@H@Z 004223f0 f   PSINS.obj
 0001:000214d0       ??0CAligntrkang@@QAE@NNNN@Z 004224d0 f   PSINS.obj
 0001:000215a0       ?Init@CAligntrkang@@QAEXABVCSINS@@@Z 004225a0 f   PSINS.obj
 0001:00021a80       ?Update@CAligntrkang@@QAEHPBVCVect3@@0HNABV2@H@Z 00422a80 f   PSINS.obj
 0001:00021d90       ??0CAlignsv@@QAE@XZ        00422d90 f   PSINS.obj
 0001:00021df0       ??0CAlignsv@@QAE@N@Z       00422df0 f   PSINS.obj
 0001:00021e70       ??0CAlignsv@@QAE@ABVCVect3@@NNN@Z 00422e70 f   PSINS.obj
 0001:00021f10       ?Init@CAlignsv@@QAEXABVCVect3@@NNN@Z 00422f10 f   PSINS.obj
 0001:000220f0       ??1CAlignsv@@QAE@XZ        004230f0 f   PSINS.obj
 0001:00022170       ?Update@CAlignsv@@QAEHPBVCVect3@@0H@Z 00423170 f   PSINS.obj
 0001:000223b0       ??0CAligntf@@QAE@N@Z       004233b0 f   PSINS.obj
 0001:00022450       ??0CAligntf@@QAE@ABVCSINS@@N@Z 00423450 f   PSINS.obj
 0001:000224d0       ?Init@CAligntf@@QAEXABVCSINS@@@Z 004234d0 f   PSINS.obj
 0001:000229e0       ?SetFt@CAligntf@@UAEXH@Z   004239e0 f   PSINS.obj
 0001:00022a70       ?SetHk@CAligntf@@UAEXH@Z   00423a70 f   PSINS.obj
 0001:00022bb0       ?Feedback@CAligntf@@UAEXHN@Z 00423bb0 f   PSINS.obj
 0001:00022ca0       ?Update@CAligntf@@QAEHPBVCVect3@@0HNH@Z 00423ca0 f   PSINS.obj
 0001:00022d30       ?SetMeasVnAtt@CAligntf@@QAEXABVCVect3@@0@Z 00423d30 f   PSINS.obj
 0001:00022ea0       ?swap16@@YAGG@Z            00423ea0 f   PSINS.obj
 0001:00022ef0       ?swap24@@YAPAEPAE0@Z       00423ef0 f   PSINS.obj
 0001:00022f50       ?swap32@@YAII@Z            00423f50 f   PSINS.obj
 0001:00022fc0       ?swap64@@YAKK@Z            00423fc0 f   PSINS.obj
 0001:00023060       ?int24@@YAPAEPAEH@Z        00424060 f   PSINS.obj
 0001:000230d0       ?diffint24@@YAHPBE0@Z      004240d0 f   PSINS.obj
 0001:000231b0       ?r2dm@@YANN@Z              004241b0 f   PSINS.obj
 0001:00023250       ?dm2r@@YANN@Z              00424250 f   PSINS.obj
 0001:000232f0       ?logtrigger@@YAHHN@Z       004242f0 f   PSINS.obj
 0001:00023360       ?IsZero@@YAHNN@Z           00424360 f i PSINS.obj
 0001:000233b0       ?sign@@YAHNN@Z             004243b0 f   PSINS.obj
 0001:00023410       ?range@@YANNNN@Z           00424410 f   PSINS.obj
 0001:00023480       ?atan2Ex@@YANNN@Z          00424480 f   PSINS.obj
 0001:00023520       ?diffYaw@@YANNN@Z          00424520 f   PSINS.obj
 0001:00023590       ?MKQt@@YANNN@Z             00424590 f   PSINS.obj
 0001:000235c0       ?MKQt@@YA?AVCVect3@@ABV1@0@Z 004245c0 f   PSINS.obj
 0001:00023650       ?randn@@YANNN@Z            00424650 f   PSINS.obj
 0001:00023720       ?randn@@YA?AVCVect3@@ABV1@0@Z 00424720 f   PSINS.obj
 0001:000237d0       ?randn@@YA?AVCVect@@ABV1@0@Z 004247d0 f   PSINS.obj
 0001:000238e0       ?randn@@YA?AVCMat3@@ABV1@0@Z 004248e0 f   PSINS.obj
 0001:000239a0       ?Demo_User@@YAXXZ          004249a0 f   PSINS_Demo.obj
 0001:00023a40       ?Demo_CIIRV3@@YAXXZ        00424a40 f   PSINS_Demo.obj
 0001:00023c20       ?Demo_CMaxMin@@YAXXZ       00424c20 f   PSINS_Demo.obj
 0001:00023da0       ?Demo_CVAR@@YAXXZ          00424da0 f   PSINS_Demo.obj
 0001:00023ef0       ?Demo_CVARn@@YAXXZ         00424ef0 f   PSINS_Demo.obj
 0001:00024060       ?Demo_CRAvar@@YAXXZ        00425060 f   PSINS_Demo.obj
 0001:000241f0       ?Demo_CSINS_static@@YAXXZ  004251f0 f   PSINS_Demo.obj
 0001:000244a0       ?Demo_CAlignsv@@YAXXZ      004254a0 f   PSINS_Demo.obj
 0001:00024670       ??1CFileIMU6@@QAE@XZ       00425670 f i PSINS_Demo.obj
 0001:000246b0       ?Demo_CAligntf@@YAXXZ      004256b0 f   PSINS_Demo.obj
 0001:00024980       ??0CFileIMU6@@QAE@PBD@Z    00425980 f i PSINS_Demo.obj
 0001:00024c20       ?Demo_CAlign_CSINS@@YAXXZ  00425c20 f   PSINS_Demo.obj
 0001:00024ed0       ?load@CFileIMU6@@QAEHHH@Z  00425ed0 f i PSINS_Demo.obj
 0001:00024fe0       ?Demo_CSINSGNSS@@YAXXZ     00425fe0 f   PSINS_Demo.obj
 0001:00025510       ??0CFileIMUGNSS@@QAE@PBD@Z 00426510 f i PSINS_Demo.obj
 0001:00025710       ?load@CFileIMUGNSS@@QAEHH@Z 00426710 f i PSINS_Demo.obj
 0001:00025780       ??1CFileIMUGNSS@@QAE@XZ    00426780 f i PSINS_Demo.obj
 0001:000257c0       ?Demo_CSINSGNSSDR@@YAXXZ   004267c0 f   PSINS_Demo.obj
 0001:00025ac0       ??0CFileRdSr49@@QAE@PBD@Z  00426ac0 f i PSINS_Demo.obj
 0001:00025bc0       ?load@CFileRdSr49@@QAEHH@Z 00426bc0 f i PSINS_Demo.obj
 0001:00025d80       ?waitforgps@CFileRdSr49@@QAEHXZ 00426d80 f i PSINS_Demo.obj
 0001:00025df0       ??0DataSensor49@@QAE@XZ    00426df0 f i PSINS_Demo.obj
 0001:00025e80       ??1CFileRdSr49@@QAE@XZ     00426e80 f i PSINS_Demo.obj
 0001:00025ec0       ?Demo_SINSOD@@YAXXZ        00426ec0 f   PSINS_Demo.obj
 0001:00026170       ?Demo_POS618@@YAXXZ        00427170 f   PSINS_Demo.obj
 0001:00026280       ?Demo_CVCFileFind@@YAXXZ   00427280 f   PSINS_Demo.obj
 0001:000262a0       ?Demo_DSP_main@@YAXXZ      004272a0 f   PSINS_Demo.obj
 0001:000262c0       ?Demo_CONSOLE_UART@@YAXXZ  004272c0 f   PSINS_Demo.obj
 0001:000262e0       ?getRegKeyValues@@YA_NV?$basic_string@DU?$char_traits@D@std@@V?$allocator@D@2@@std@@AAV?$list@V?$basic_string@DU?$char_traits@D@std@@V?$allocator@D@2@@std@@V?$allocator@V?$basic_string@DU?$char_traits@D@std@@V?$allocator@D@2@@std@@@2@@2@@Z 004272e0 f   SerialPort.obj
 0001:000265f0       ??0CSerialPort@itas109@@QAE@XZ 004275f0 f   SerialPort.obj
 0001:00026740       ??1CSerialPort@itas109@@UAE@XZ 00427740 f   SerialPort.obj
 0001:00026830       ?InitPort@CSerialPort@itas109@@QAEHPAUHWND__@@IIDIIKIKKKKK@Z 00427830 f   SerialPort.obj
 0001:00026dd0       ?CommThread@CSerialPort@itas109@@KGKPAX@Z 00427dd0 f   SerialPort.obj
 0001:00027230       ?StartMonitoring@CSerialPort@itas109@@QAEHXZ 00428230 f   SerialPort.obj
 0001:000272a0       ?ResumeMonitoring@CSerialPort@itas109@@QAEHXZ 004282a0 f   SerialPort.obj
 0001:000272f0       ?SuspendMonitoring@CSerialPort@itas109@@QAEHXZ 004282f0 f   SerialPort.obj
 0001:00027340       ?IsThreadSuspend@CSerialPort@itas109@@QAEHPAX@Z 00428340 f   SerialPort.obj
 0001:000273b0       ?ProcessErrorMessage@CSerialPort@itas109@@IAEXPAD@Z 004283b0 f   SerialPort.obj
 0001:00027470       ?WriteChar@CSerialPort@itas109@@KAXPAV12@@Z 00428470 f   SerialPort.obj
 0001:000277a0       ?ReceiveChar@CSerialPort@itas109@@KAXPAV12@@Z 004287a0 f   SerialPort.obj
 0001:00027a60       ?ReceiveStr@CSerialPort@itas109@@KAXPAV12@@Z 00428a60 f   SerialPort.obj
 0001:00027d60       ?GetDCB@CSerialPort@itas109@@QAE?AU_DCB@@XZ 00428d60 f   SerialPort.obj
 0001:00027da0       ?GetCommEvents@CSerialPort@itas109@@QAEKXZ 00428da0 f   SerialPort.obj
 0001:00027dd0       ?GetWriteBufferSize@CSerialPort@itas109@@QAEKXZ 00428dd0 f   SerialPort.obj
 0001:00027e00       ?IsOpened@CSerialPort@itas109@@QAEHXZ 00428e00 f   SerialPort.obj
 0001:00027e40       ?ClosePort@CSerialPort@itas109@@QAEXXZ 00428e40 f   SerialPort.obj
 0001:00028000       ?WriteToPort@CSerialPort@itas109@@QAEXPADI@Z 00429000 f   SerialPort.obj
 0001:000280f0       ?WriteToPort@CSerialPort@itas109@@QAEXPAEI@Z 004290f0 f   SerialPort.obj
 0001:000281e0       ?GetVersion@CSerialPort@itas109@@QAE?AV?$basic_string@DU?$char_traits@D@std@@V?$allocator@D@2@@std@@XZ 004291e0 f   SerialPort.obj
 0001:00028280       ??0CSerialPortInfo@itas109@@QAE@XZ 00429280 f   SerialPort.obj
 0001:000282b0       ??1CSerialPortInfo@itas109@@QAE@XZ 004292b0 f   SerialPort.obj
 0001:000282e0       ?availablePorts@CSerialPortInfo@itas109@@SA?AV?$list@V?$basic_string@DU?$char_traits@D@std@@V?$allocator@D@2@@std@@V?$allocator@V?$basic_string@DU?$char_traits@D@std@@V?$allocator@D@2@@std@@@2@@std@@XZ 004292e0 f   SerialPort.obj
 0001:000283b0       ??0?$basic_string@DU?$char_traits@D@std@@V?$allocator@D@2@@std@@QAE@ABV?$allocator@D@1@@Z 004293b0 f i SerialPort.obj
 0001:00028400       ??0?$basic_string@DU?$char_traits@D@std@@V?$allocator@D@2@@std@@QAE@ABV01@@Z 00429400 f i SerialPort.obj
 0001:00028460       ??0?$basic_string@DU?$char_traits@D@std@@V?$allocator@D@2@@std@@QAE@PBDABV?$allocator@D@1@@Z 00429460 f i SerialPort.obj
 0001:000284c0       ??1?$basic_string@DU?$char_traits@D@std@@V?$allocator@D@2@@std@@QAE@XZ 004294c0 f i SerialPort.obj
 0001:00028500       ??4?$basic_string@DU?$char_traits@D@std@@V?$allocator@D@2@@std@@QAEAAV01@ABV01@@Z 00429500 f i SerialPort.obj
 0001:00028540       ?c_str@?$basic_string@DU?$char_traits@D@std@@V?$allocator@D@2@@std@@QBEPBDXZ 00429540 f i SerialPort.obj
 0001:00028590       ??0?$list@UserialPortBuffer@@V?$allocator@UserialPortBuffer@@@std@@@std@@QAE@ABV?$allocator@UserialPortBuffer@@@1@@Z 00429590 f i SerialPort.obj
 0001:000285f0       ??1?$list@UserialPortBuffer@@V?$allocator@UserialPortBuffer@@@std@@@std@@QAE@XZ 004295f0 f i SerialPort.obj
 0001:00028670       ?begin@?$list@UserialPortBuffer@@V?$allocator@UserialPortBuffer@@@std@@@std@@QAE?AViterator@12@XZ 00429670 f i SerialPort.obj
 0001:000286d0       ?end@?$list@UserialPortBuffer@@V?$allocator@UserialPortBuffer@@@std@@@std@@QAE?AViterator@12@XZ 004296d0 f i SerialPort.obj
 0001:00028720       ?size@?$list@UserialPortBuffer@@V?$allocator@UserialPortBuffer@@@std@@@std@@QBEIXZ 00429720 f i SerialPort.obj
 0001:00028750       ?push_back@?$list@UserialPortBuffer@@V?$allocator@UserialPortBuffer@@@std@@@std@@QAEXABUserialPortBuffer@@@Z 00429750 f i SerialPort.obj
 0001:000287a0       ?erase@?$list@UserialPortBuffer@@V?$allocator@UserialPortBuffer@@@std@@@std@@QAE?AViterator@12@V312@@Z 004297a0 f i SerialPort.obj
 0001:00028880       ??0iterator@?$list@UserialPortBuffer@@V?$allocator@UserialPortBuffer@@@std@@@std@@QAE@XZ 00429880 f i SerialPort.obj
 0001:000288c0       ??Diterator@?$list@UserialPortBuffer@@V?$allocator@UserialPortBuffer@@@std@@@std@@QBEAAUserialPortBuffer@@XZ 004298c0 f i SerialPort.obj
 0001:00028900       ??Eiterator@?$list@UserialPortBuffer@@V?$allocator@UserialPortBuffer@@@std@@@std@@QAE?AV012@H@Z 00429900 f i SerialPort.obj
 0001:00028950       ??9iterator@?$list@UserialPortBuffer@@V?$allocator@UserialPortBuffer@@@std@@@std@@QBE_NABV012@@Z 00429950 f i SerialPort.obj
 0001:000289a0       ??0?$list@V?$basic_string@DU?$char_traits@D@std@@V?$allocator@D@2@@std@@V?$allocator@V?$basic_string@DU?$char_traits@D@std@@V?$allocator@D@2@@std@@@2@@std@@QAE@ABV?$allocator@V?$basic_string@DU?$char_traits@D@std@@V?$allocator@D@2@@std@@@1@@Z 004299a0 f i SerialPort.obj
 0001:00028a00       ??0?$list@V?$basic_string@DU?$char_traits@D@std@@V?$allocator@D@2@@std@@V?$allocator@V?$basic_string@DU?$char_traits@D@std@@V?$allocator@D@2@@std@@@2@@std@@QAE@ABV01@@Z 00429a00 f i SerialPort.obj
 0001:00028a90       ??1?$list@V?$basic_string@DU?$char_traits@D@std@@V?$allocator@D@2@@std@@V?$allocator@V?$basic_string@DU?$char_traits@D@std@@V?$allocator@D@2@@std@@@2@@std@@QAE@XZ 00429a90 f i SerialPort.obj
 0001:00028b10       ?empty@?$list@V?$basic_string@DU?$char_traits@D@std@@V?$allocator@D@2@@std@@V?$allocator@V?$basic_string@DU?$char_traits@D@std@@V?$allocator@D@2@@std@@@2@@std@@QBE_NXZ 00429b10 f i SerialPort.obj
 0001:00028b50       ?push_back@?$list@V?$basic_string@DU?$char_traits@D@std@@V?$allocator@D@2@@std@@V?$allocator@V?$basic_string@DU?$char_traits@D@std@@V?$allocator@D@2@@std@@@2@@std@@QAEXABV?$basic_string@DU?$char_traits@D@std@@V?$allocator@D@2@@2@@Z 00429b50 f i SerialPort.obj
 0001:00028ba0       ?clear@?$list@V?$basic_string@DU?$char_traits@D@std@@V?$allocator@D@2@@std@@V?$allocator@V?$basic_string@DU?$char_traits@D@std@@V?$allocator@D@2@@std@@@2@@std@@QAEXXZ 00429ba0 f i SerialPort.obj
 0001:00028c00       ?assign@?$basic_string@DU?$char_traits@D@std@@V?$allocator@D@2@@std@@QAEAAV12@ABV12@@Z 00429c00 f i SerialPort.obj
 0001:00028c50       ?assign@?$basic_string@DU?$char_traits@D@std@@V?$allocator@D@2@@std@@QAEAAV12@ABV12@II@Z 00429c50 f i SerialPort.obj
 0001:00028dd0       ?copy@?$char_traits@D@std@@SAPADPADPBDI@Z 00429dd0 f i SerialPort.obj
 0001:00028e10       ?size@?$basic_string@DU?$char_traits@D@std@@V?$allocator@D@2@@std@@QBEIXZ 00429e10 f i SerialPort.obj
 0001:00028e40       ?assign@?$basic_string@DU?$char_traits@D@std@@V?$allocator@D@2@@std@@QAEAAV12@PBD@Z 00429e40 f i SerialPort.obj
 0001:00028e90       ?length@?$char_traits@D@std@@SAIPBD@Z 00429e90 f i SerialPort.obj
 0001:00028ed0       ?_Nullstr@?$basic_string@DU?$char_traits@D@std@@V?$allocator@D@2@@std@@CAPBDXZ 00429ed0 f i SerialPort.obj
 0001:00028f00       ?_Tidy@?$basic_string@DU?$char_traits@D@std@@V?$allocator@D@2@@std@@AAEX_N@Z 00429f00 f i SerialPort.obj
 0001:00028fe0       ?insert@?$list@UserialPortBuffer@@V?$allocator@UserialPortBuffer@@@std@@@std@@QAE?AViterator@12@V312@ABUserialPortBuffer@@@Z 00429fe0 f i SerialPort.obj
 0001:000290c0       ?erase@?$list@UserialPortBuffer@@V?$allocator@UserialPortBuffer@@@std@@@std@@QAE?AViterator@12@V312@0@Z 0042a0c0 f i SerialPort.obj
 0001:00029130       ?_Buynode@?$list@UserialPortBuffer@@V?$allocator@UserialPortBuffer@@@std@@@std@@IAEPAU_Node@12@PAU312@0@Z 0042a130 f i SerialPort.obj
 0001:000291c0       ?_Freenode@?$list@UserialPortBuffer@@V?$allocator@UserialPortBuffer@@@std@@@std@@IAEXPAU_Node@12@@Z 0042a1c0 f i SerialPort.obj
 0001:00029200       ?_Next@_Acc@?$list@UserialPortBuffer@@V?$allocator@UserialPortBuffer@@@std@@@std@@SAAAPAU_Node@23@PAU423@@Z 0042a200 f i SerialPort.obj
 0001:00029230       ?_Prev@_Acc@?$list@UserialPortBuffer@@V?$allocator@UserialPortBuffer@@@std@@@std@@SAAAPAU_Node@23@PAU423@@Z 0042a230 f i SerialPort.obj
 0001:00029260       ?_Value@_Acc@?$list@UserialPortBuffer@@V?$allocator@UserialPortBuffer@@@std@@@std@@SAAAUserialPortBuffer@@PAU_Node@23@@Z 0042a260 f i SerialPort.obj
 0001:00029290       ?destroy@?$allocator@UserialPortBuffer@@@std@@QAEXPAUserialPortBuffer@@@Z 0042a290 f i SerialPort.obj
 0001:000292d0       ??0const_iterator@?$list@UserialPortBuffer@@V?$allocator@UserialPortBuffer@@@std@@@std@@QAE@XZ 0042a2d0 f i SerialPort.obj
 0001:00029300       ?_Mynode@const_iterator@?$list@UserialPortBuffer@@V?$allocator@UserialPortBuffer@@@std@@@std@@QBEPAU_Node@23@XZ 0042a300 f i SerialPort.obj
 0001:00029330       ??0iterator@?$list@UserialPortBuffer@@V?$allocator@UserialPortBuffer@@@std@@@std@@QAE@PAU_Node@12@@Z 0042a330 f i SerialPort.obj
 0001:00029370       ??Eiterator@?$list@UserialPortBuffer@@V?$allocator@UserialPortBuffer@@@std@@@std@@QAEAAV012@XZ 0042a370 f i SerialPort.obj
 0001:000293c0       ??8iterator@?$list@UserialPortBuffer@@V?$allocator@UserialPortBuffer@@@std@@@std@@QBE_NABV012@@Z 0042a3c0 f i SerialPort.obj
 0001:00029400       ?begin@?$list@V?$basic_string@DU?$char_traits@D@std@@V?$allocator@D@2@@std@@V?$allocator@V?$basic_string@DU?$char_traits@D@std@@V?$allocator@D@2@@std@@@2@@std@@QAE?AViterator@12@XZ 0042a400 f i SerialPort.obj
 0001:00029460       ?begin@?$list@V?$basic_string@DU?$char_traits@D@std@@V?$allocator@D@2@@std@@V?$allocator@V?$basic_string@DU?$char_traits@D@std@@V?$allocator@D@2@@std@@@2@@std@@QBE?AVconst_iterator@12@XZ 0042a460 f i SerialPort.obj
 0001:000294c0       ?end@?$list@V?$basic_string@DU?$char_traits@D@std@@V?$allocator@D@2@@std@@V?$allocator@V?$basic_string@DU?$char_traits@D@std@@V?$allocator@D@2@@std@@@2@@std@@QAE?AViterator@12@XZ 0042a4c0 f i SerialPort.obj
 0001:00029510       ??0CSerialPort@itas109@@QAE@ABV01@@Z 0042a510 f i SerialPort.obj
 0001:000296a0       ??0?$list@UserialPortBuffer@@V?$allocator@UserialPortBuffer@@@std@@@std@@QAE@ABV01@@Z 0042a6a0 f i SerialPort.obj
 0001:00029730       ?begin@?$list@UserialPortBuffer@@V?$allocator@UserialPortBuffer@@@std@@@std@@QBE?AVconst_iterator@12@XZ 0042a730 f i SerialPort.obj
 0001:00029790       ?end@?$list@UserialPortBuffer@@V?$allocator@UserialPortBuffer@@@std@@@std@@QBE?AVconst_iterator@12@XZ 0042a790 f i SerialPort.obj
 0001:000297e0       ?insert@?$list@UserialPortBuffer@@V?$allocator@UserialPortBuffer@@@std@@@std@@QAEXViterator@12@Vconst_iterator@12@1@Z 0042a7e0 f i SerialPort.obj
 0001:00029850       ??Dconst_iterator@?$list@UserialPortBuffer@@V?$allocator@UserialPortBuffer@@@std@@@std@@QBEABUserialPortBuffer@@XZ 0042a850 f i SerialPort.obj
 0001:00029890       ??Econst_iterator@?$list@UserialPortBuffer@@V?$allocator@UserialPortBuffer@@@std@@@std@@QAEAAV012@XZ 0042a890 f i SerialPort.obj
 0001:000298e0       ??9const_iterator@?$list@UserialPortBuffer@@V?$allocator@UserialPortBuffer@@@std@@@std@@QBE_NABV012@@Z 0042a8e0 f i SerialPort.obj
 0001:00029930       ?end@?$list@V?$basic_string@DU?$char_traits@D@std@@V?$allocator@D@2@@std@@V?$allocator@V?$basic_string@DU?$char_traits@D@std@@V?$allocator@D@2@@std@@@2@@std@@QBE?AVconst_iterator@12@XZ 0042a930 f i SerialPort.obj
 0001:00029980       ?size@?$list@V?$basic_string@DU?$char_traits@D@std@@V?$allocator@D@2@@std@@V?$allocator@V?$basic_string@DU?$char_traits@D@std@@V?$allocator@D@2@@std@@@2@@std@@QBEIXZ 0042a980 f i SerialPort.obj
 0001:000299b0       ?insert@?$list@V?$basic_string@DU?$char_traits@D@std@@V?$allocator@D@2@@std@@V?$allocator@V?$basic_string@DU?$char_traits@D@std@@V?$allocator@D@2@@std@@@2@@std@@QAE?AViterator@12@V312@ABV?$basic_string@DU?$char_traits@D@std@@V?$allocator@D@2@@2@@Z 0042a9b0 f i SerialPort.obj
 0001:00029a90       ??4CSerialPort@itas109@@QAEAAV01@ABV01@@Z 0042aa90 f i SerialPort.obj
 0001:00029c30       ??4?$list@UserialPortBuffer@@V?$allocator@UserialPortBuffer@@@std@@@std@@QAEAAV01@ABV01@@Z 0042ac30 f i SerialPort.obj
 0001:00029d40       ?insert@?$list@V?$basic_string@DU?$char_traits@D@std@@V?$allocator@D@2@@std@@V?$allocator@V?$basic_string@DU?$char_traits@D@std@@V?$allocator@D@2@@std@@@2@@std@@QAEXViterator@12@Vconst_iterator@12@1@Z 0042ad40 f i SerialPort.obj
 0001:00029db0       ?erase@?$list@V?$basic_string@DU?$char_traits@D@std@@V?$allocator@D@2@@std@@V?$allocator@V?$basic_string@DU?$char_traits@D@std@@V?$allocator@D@2@@std@@@2@@std@@QAE?AViterator@12@V312@0@Z 0042adb0 f i SerialPort.obj
 0001:00029e20       ?_Buynode@?$list@V?$basic_string@DU?$char_traits@D@std@@V?$allocator@D@2@@std@@V?$allocator@V?$basic_string@DU?$char_traits@D@std@@V?$allocator@D@2@@std@@@2@@std@@IAEPAU_Node@12@PAU312@0@Z 0042ae20 f i SerialPort.obj
 0001:00029eb0       ?_Freenode@?$list@V?$basic_string@DU?$char_traits@D@std@@V?$allocator@D@2@@std@@V?$allocator@V?$basic_string@DU?$char_traits@D@std@@V?$allocator@D@2@@std@@@2@@std@@IAEXPAU_Node@12@@Z 0042aeb0 f i SerialPort.obj
 0001:00029ef0       ??_GCSerialPort@itas109@@UAEPAXI@Z 0042aef0 f i SerialPort.obj
 0001:00029f50       ?assign@?$basic_string@DU?$char_traits@D@std@@V?$allocator@D@2@@std@@QAEAAV12@PBDI@Z 0042af50 f i SerialPort.obj
 0001:00029fc0       ??_ECSerialPort@itas109@@UAEPAXI@Z 0042afc0 f i SerialPort.obj
 0001:0002a060       ?erase@?$basic_string@DU?$char_traits@D@std@@V?$allocator@D@2@@std@@QAEAAV12@II@Z 0042b060 f i SerialPort.obj
 0001:0002a130       ?move@?$char_traits@D@std@@SAPADPADPBDI@Z 0042b130 f i SerialPort.obj
 0001:0002a170       ??4CSerialPortInfo@itas109@@QAEAAV01@ABV01@@Z 0042b170 f i SerialPort.obj
 0001:0002a1b0       ?capacity@?$basic_string@DU?$char_traits@D@std@@V?$allocator@D@2@@std@@QBEIXZ 0042b1b0 f i SerialPort.obj
 0001:0002a1e0       ?_Eos@?$basic_string@DU?$char_traits@D@std@@V?$allocator@D@2@@std@@AAEXI@Z 0042b1e0 f i SerialPort.obj
 0001:0002a240       ?assign@?$char_traits@D@std@@SAXAADABD@Z 0042b240 f i SerialPort.obj
 0001:0002a270       ?_Grow@?$basic_string@DU?$char_traits@D@std@@V?$allocator@D@2@@std@@AAE_NI_N@Z 0042b270 f i SerialPort.obj
 0001:0002a3d0       ?_Refcnt@?$basic_string@DU?$char_traits@D@std@@V?$allocator@D@2@@std@@AAEAAEPBD@Z 0042b3d0 f i SerialPort.obj
 0001:0002a400       ?deallocate@?$allocator@D@std@@QAEXPAXI@Z 0042b400 f i SerialPort.obj
 0001:0002a440       ?_Charalloc@?$allocator@UserialPortBuffer@@@std@@QAEPADI@Z 0042b440 f i SerialPort.obj
 0001:0002a480       ?deallocate@?$allocator@UserialPortBuffer@@@std@@QAEXPAXI@Z 0042b480 f i SerialPort.obj
 0001:0002a4c0       ?construct@?$allocator@UserialPortBuffer@@@std@@QAEXPAUserialPortBuffer@@ABU3@@Z 0042b4c0 f i SerialPort.obj
 0001:0002a500       ??0const_iterator@?$list@UserialPortBuffer@@V?$allocator@UserialPortBuffer@@@std@@@std@@QAE@PAU_Node@12@@Z 0042b500 f i SerialPort.obj
 0001:0002a540       ??8const_iterator@?$list@UserialPortBuffer@@V?$allocator@UserialPortBuffer@@@std@@@std@@QBE_NABV012@@Z 0042b540 f i SerialPort.obj
 0001:0002a580       ?erase@?$list@V?$basic_string@DU?$char_traits@D@std@@V?$allocator@D@2@@std@@V?$allocator@V?$basic_string@DU?$char_traits@D@std@@V?$allocator@D@2@@std@@@2@@std@@QAE?AViterator@12@V312@@Z 0042b580 f i SerialPort.obj
 0001:0002a660       ?_Next@_Acc@?$list@V?$basic_string@DU?$char_traits@D@std@@V?$allocator@D@2@@std@@V?$allocator@V?$basic_string@DU?$char_traits@D@std@@V?$allocator@D@2@@std@@@2@@std@@SAAAPAU_Node@23@PAU423@@Z 0042b660 f i SerialPort.obj
 0001:0002a690       ?_Prev@_Acc@?$list@V?$basic_string@DU?$char_traits@D@std@@V?$allocator@D@2@@std@@V?$allocator@V?$basic_string@DU?$char_traits@D@std@@V?$allocator@D@2@@std@@@2@@std@@SAAAPAU_Node@23@PAU423@@Z 0042b690 f i SerialPort.obj
 0001:0002a6c0       ?_Value@_Acc@?$list@V?$basic_string@DU?$char_traits@D@std@@V?$allocator@D@2@@std@@V?$allocator@V?$basic_string@DU?$char_traits@D@std@@V?$allocator@D@2@@std@@@2@@std@@SAAAV?$basic_string@DU?$char_traits@D@std@@V?$allocator@D@2@@3@PAU_Node@23@@Z 0042b6c0 f i SerialPort.obj
 0001:0002a6f0       ?_Charalloc@?$allocator@V?$basic_string@DU?$char_traits@D@std@@V?$allocator@D@2@@std@@@std@@QAEPADI@Z 0042b6f0 f i SerialPort.obj
 0001:0002a730       ?deallocate@?$allocator@V?$basic_string@DU?$char_traits@D@std@@V?$allocator@D@2@@std@@@std@@QAEXPAXI@Z 0042b730 f i SerialPort.obj
 0001:0002a770       ?construct@?$allocator@V?$basic_string@DU?$char_traits@D@std@@V?$allocator@D@2@@std@@@std@@QAEXPAV?$basic_string@DU?$char_traits@D@std@@V?$allocator@D@2@@2@ABV32@@Z 0042b770 f i SerialPort.obj
 0001:0002a7b0       ??0const_iterator@?$list@V?$basic_string@DU?$char_traits@D@std@@V?$allocator@D@2@@std@@V?$allocator@V?$basic_string@DU?$char_traits@D@std@@V?$allocator@D@2@@std@@@2@@std@@QAE@PAU_Node@12@@Z 0042b7b0 f i SerialPort.obj
 0001:0002a7f0       ??Dconst_iterator@?$list@V?$basic_string@DU?$char_traits@D@std@@V?$allocator@D@2@@std@@V?$allocator@V?$basic_string@DU?$char_traits@D@std@@V?$allocator@D@2@@std@@@2@@std@@QBEABV?$basic_string@DU?$char_traits@D@std@@V?$allocator@D@2@@2@XZ 0042b7f0 f i SerialPort.obj
 0001:0002a830       ??Econst_iterator@?$list@V?$basic_string@DU?$char_traits@D@std@@V?$allocator@D@2@@std@@V?$allocator@V?$basic_string@DU?$char_traits@D@std@@V?$allocator@D@2@@std@@@2@@std@@QAEAAV012@XZ 0042b830 f i SerialPort.obj
 0001:0002a880       ??9const_iterator@?$list@V?$basic_string@DU?$char_traits@D@std@@V?$allocator@D@2@@std@@V?$allocator@V?$basic_string@DU?$char_traits@D@std@@V?$allocator@D@2@@std@@@2@@std@@QBE_NABV012@@Z 0042b880 f i SerialPort.obj
 0001:0002a8d0       ?_Mynode@const_iterator@?$list@V?$basic_string@DU?$char_traits@D@std@@V?$allocator@D@2@@std@@V?$allocator@V?$basic_string@DU?$char_traits@D@std@@V?$allocator@D@2@@std@@@2@@std@@QBEPAU_Node@23@XZ 0042b8d0 f i SerialPort.obj
 0001:0002a900       ??0iterator@?$list@V?$basic_string@DU?$char_traits@D@std@@V?$allocator@D@2@@std@@V?$allocator@V?$basic_string@DU?$char_traits@D@std@@V?$allocator@D@2@@std@@@2@@std@@QAE@PAU_Node@12@@Z 0042b900 f i SerialPort.obj
 0001:0002a940       ??Eiterator@?$list@V?$basic_string@DU?$char_traits@D@std@@V?$allocator@D@2@@std@@V?$allocator@V?$basic_string@DU?$char_traits@D@std@@V?$allocator@D@2@@std@@@2@@std@@QAE?AV012@H@Z 0042b940 f i SerialPort.obj
 0001:0002a990       ??9iterator@?$list@V?$basic_string@DU?$char_traits@D@std@@V?$allocator@D@2@@std@@V?$allocator@V?$basic_string@DU?$char_traits@D@std@@V?$allocator@D@2@@std@@@2@@std@@QBE_NABV012@@Z 0042b990 f i SerialPort.obj
 0001:0002a9e0       ?max_size@?$basic_string@DU?$char_traits@D@std@@V?$allocator@D@2@@std@@QBEIXZ 0042b9e0 f i SerialPort.obj
 0001:0002aa40       ?_Copy@?$basic_string@DU?$char_traits@D@std@@V?$allocator@D@2@@std@@AAEXI@Z 0042ba40 f i SerialPort.obj
 0001:0002aba0       ?_Split@?$basic_string@DU?$char_traits@D@std@@V?$allocator@D@2@@std@@AAEXXZ 0042bba0 f i SerialPort.obj
 0001:0002ac30       ?destroy@?$allocator@V?$basic_string@DU?$char_traits@D@std@@V?$allocator@D@2@@std@@@std@@QAEXPAV?$basic_string@DU?$char_traits@D@std@@V?$allocator@D@2@@2@@Z 0042bc30 f i SerialPort.obj
 0001:0002ac70       ??8const_iterator@?$list@V?$basic_string@DU?$char_traits@D@std@@V?$allocator@D@2@@std@@V?$allocator@V?$basic_string@DU?$char_traits@D@std@@V?$allocator@D@2@@std@@@2@@std@@QBE_NABV012@@Z 0042bc70 f i SerialPort.obj
 0001:0002acb0       ??Eiterator@?$list@V?$basic_string@DU?$char_traits@D@std@@V?$allocator@D@2@@std@@V?$allocator@V?$basic_string@DU?$char_traits@D@std@@V?$allocator@D@2@@std@@@2@@std@@QAEAAV012@XZ 0042bcb0 f i SerialPort.obj
 0001:0002ad00       ??8iterator@?$list@V?$basic_string@DU?$char_traits@D@std@@V?$allocator@D@2@@std@@V?$allocator@V?$basic_string@DU?$char_traits@D@std@@V?$allocator@D@2@@std@@@2@@std@@QBE_NABV012@@Z 0042bd00 f i SerialPort.obj
 0001:0002ad40       ?allocate@?$allocator@D@std@@QAEPADIPBX@Z 0042bd40 f i SerialPort.obj
 0001:0002ad80       ?max_size@?$allocator@D@std@@QBEIXZ 0042bd80 f i SerialPort.obj
 0001:0002add0       ??8std@@YA_NABV?$allocator@D@0@0@Z 0042bdd0 f i SerialPort.obj
 0001:0002ae00       ?_Destroy@std@@YAXPAUserialPortBuffer@@@Z 0042be00 f i SerialPort.obj
 0001:0002ae20       ?_Allocate@std@@YAPADHPAD@Z 0042be20 f i SerialPort.obj
 0001:0002ae70       ?_Construct@std@@YAXPAUserialPortBuffer@@ABU2@@Z 0042be70 f i SerialPort.obj
 0001:0002aed0       ??2@YAPAXIPAX@Z            0042bed0 f i SerialPort.obj
 0001:0002af00       ?_Construct@std@@YAXPAV?$basic_string@DU?$char_traits@D@std@@V?$allocator@D@2@@1@ABV21@@Z 0042bf00 f i SerialPort.obj
 0001:0002af90       ??3@YAXPAX0@Z              0042bf90 f i SerialPort.obj
 0001:0002afb0       ?_Destroy@std@@YAXPAV?$basic_string@DU?$char_traits@D@std@@V?$allocator@D@2@@1@@Z 0042bfb0 f i SerialPort.obj
 0001:0002aff0       ??_G?$basic_string@DU?$char_traits@D@std@@V?$allocator@D@2@@std@@QAEPAXI@Z 0042bff0 f i SerialPort.obj
 0001:0002b090       ?id@?$ctype@G@std@@$D      0042c090 f i SerialPort.obj
 0001:0002b110       ?id@?$ctype@G@std@@$E      0042c110 f i SerialPort.obj
 0001:0002b130       _InitializeCriticalSection@4 0042c130 f   kernel32:KERNEL32.dll
 0001:0002b136       _CreateEventA@16           0042c136 f   kernel32:KERNEL32.dll
 0001:0002b13c       _DeleteCriticalSection@4   0042c13c f   kernel32:KERNEL32.dll
 0001:0002b142       _CloseHandle@4             0042c142 f   kernel32:KERNEL32.dll
 0001:0002b148       _PurgeComm@8               0042c148 f   kernel32:KERNEL32.dll
 0001:0002b14e       _SetCommState@8            0042c14e f   kernel32:KERNEL32.dll
 0001:0002b154       _GetCommState@8            0042c154 f   kernel32:KERNEL32.dll
 0001:0002b15a       _SetCommMask@8             0042c15a f   kernel32:KERNEL32.dll
 0001:0002b160       _SetCommTimeouts@8         0042c160 f   kernel32:KERNEL32.dll
 0001:0002b166       _LeaveCriticalSection@4    0042c166 f   kernel32:KERNEL32.dll
 0001:0002b16c       _GetLastError@0            0042c16c f   kernel32:KERNEL32.dll
 0001:0002b172       _CreateFileA@28            0042c172 f   kernel32:KERNEL32.dll
 0001:0002b178       _EnterCriticalSection@4    0042c178 f   kernel32:KERNEL32.dll
 0001:0002b17e       _GetCommMask@8             0042c17e f   kernel32:KERNEL32.dll
 0001:0002b184       _ExitThread@4              0042c184 f   kernel32:KERNEL32.dll
 0001:0002b18a       _WaitForSingleObject@8     0042c18a f   kernel32:KERNEL32.dll
 0001:0002b190       _ClearCommError@12         0042c190 f   kernel32:KERNEL32.dll
 0001:0002b196       _WaitCommEvent@12          0042c196 f   kernel32:KERNEL32.dll
 0001:0002b19c       _CreateThread@24           0042c19c f   kernel32:KERNEL32.dll
 0001:0002b1a2       _ResumeThread@4            0042c1a2 f   kernel32:KERNEL32.dll
 0001:0002b1a8       _SuspendThread@4           0042c1a8 f   kernel32:KERNEL32.dll
 0001:0002b1ae       _LocalFree@4               0042c1ae f   kernel32:KERNEL32.dll
 0001:0002b1b4       _FormatMessageA@28         0042c1b4 f   kernel32:KERNEL32.dll
 0001:0002b1ba       _GetOverlappedResult@16    0042c1ba f   kernel32:KERNEL32.dll
 0001:0002b1c0       _WriteFile@20              0042c1c0 f   kernel32:KERNEL32.dll
 0001:0002b1c6       _ResetEvent@4              0042c1c6 f   kernel32:KERNEL32.dll
 0001:0002b1cc       _ReadFile@20               0042c1cc f   kernel32:KERNEL32.dll
 0001:0002b1d2       _Sleep@4                   0042c1d2 f   kernel32:KERNEL32.dll
 0001:0002b1d8       _SetEvent@4                0042c1d8 f   kernel32:KERNEL32.dll
 0001:0002b1de       _MessageBoxA@16            0042c1de f   user32:USER32.dll
 0001:0002b1e4       _SendMessageA@16           0042c1e4 f   user32:USER32.dll
 0001:0002b1ea       _MsgWaitForMultipleObjects@20 0042c1ea f   user32:USER32.dll
 0001:0002b1f0       _PostMessageA@16           0042c1f0 f   user32:USER32.dll
 0001:0002b1f6       _DispatchMessageA@4        0042c1f6 f   user32:USER32.dll
 0001:0002b1fc       _TranslateMessage@4        0042c1fc f   user32:USER32.dll
 0001:0002b202       _PeekMessageA@20           0042c202 f   user32:USER32.dll
 0001:0002b208       _RegCloseKey@4             0042c208 f   advapi32:ADVAPI32.dll
 0001:0002b20e       _RegEnumValueA@32          0042c20e f   advapi32:ADVAPI32.dll
 0001:0002b214       _RegQueryInfoKeyA@48       0042c214 f   advapi32:ADVAPI32.dll
 0001:0002b21a       _RegOpenKeyExA@20          0042c21a f   advapi32:ADVAPI32.dll
 0001:0002b220       __fpmath                   0042c220 f   LIBCD:fpinit.obj
 0001:0002b250       __fpclear                  0042c250 f   LIBCD:fpinit.obj
 0001:0002b260       __cfltcvt_init             0042c260 f   LIBCD:fpinit.obj
 0001:0002b2b0       ___setfflag                0042c2b0 f   LIBCD:fpinit.obj
 0001:0002b2d0       __chkesp                   0042c2d0 f   LIBCD:chkesp.obj
 0001:0002b310       _printf                    0042c310 f   LIBCD:printf.obj
 0001:0002b390       __cinit                    0042c390 f   LIBCD:crt0dat.obj
 0001:0002b3d0       _exit                      0042c3d0 f   LIBCD:crt0dat.obj
 0001:0002b3f0       __exit                     0042c3f0 f   LIBCD:crt0dat.obj
 0001:0002b410       __cexit                    0042c410 f   LIBCD:crt0dat.obj
 0001:0002b430       __c_exit                   0042c430 f   LIBCD:crt0dat.obj
 0001:0002b560       ?_JumpToContinuation@@YGXPAXPAUEHRegistrationNode@@@Z 0042c560 f   LIBCD:trnsctrl.obj
 0001:0002b5a0       ?_CallMemberFunction0@@YGXPAX0@Z 0042c5a0 f   LIBCD:trnsctrl.obj
 0001:0002b5b0       ?_CallMemberFunction1@@YGXPAX00@Z 0042c5b0 f   LIBCD:trnsctrl.obj
 0001:0002b5c0       ?_CallMemberFunction2@@YGXPAX00H@Z 0042c5c0 f   LIBCD:trnsctrl.obj
 0001:0002b5d0       ?_UnwindNestedFrames@@YGXPAUEHRegistrationNode@@PAUEHExceptionRecord@@@Z 0042c5d0 f   LIBCD:trnsctrl.obj
 0001:0002b630       ___CxxFrameHandler         0042c630 f   LIBCD:trnsctrl.obj
 0001:0002b670       ___CxxLongjmpUnwind@4      0042c670 f   LIBCD:trnsctrl.obj
 0001:0002b6a0       ?_CallCatchBlock2@@YAPAXPAUEHRegistrationNode@@PBU_s_FuncInfo@@PAXHK@Z 0042c6a0 f   LIBCD:trnsctrl.obj
 0001:0002b750       ?_CallSETranslator@@YAHPAUEHExceptionRecord@@PAUEHRegistrationNode@@PAX2PBU_s_FuncInfo@@H1@Z 0042c750 f   LIBCD:trnsctrl.obj
 0001:0002b8b0       ?_GetRangeOfTrysToCheck@@YAPBU_s_TryBlockMapEntry@@PBU_s_FuncInfo@@HHPAI1@Z 0042c8b0 f   LIBCD:trnsctrl.obj
 0001:0002b940       __chkstk                   0042c940 f   LIBCD:chkstk.obj
 0001:0002b940       __alloca_probe             0042c940 f   LIBCD:chkstk.obj
 0001:0002b970       __global_unwind2           0042c970 f   LIBCD:exsup.obj
 0001:0002b9b2       __local_unwind2            0042c9b2 f   LIBCD:exsup.obj
 0001:0002ba0a       __NLG_Return2              0042ca0a f   LIBCD:exsup.obj
 0001:0002ba1a       __abnormal_termination     0042ca1a f   LIBCD:exsup.obj
 0001:0002ba3d       __NLG_Notify1              0042ca3d f   LIBCD:exsup.obj
 0001:0002ba46       __NLG_Notify               0042ca46 f   LIBCD:exsup.obj
 0001:0002ba59       __NLG_Dispatch             0042ca59 f   LIBCD:exsup.obj
 0001:0002ba60       __CIsqrt                   0042ca60 f   LIBCD:sqrt.obj
 0001:0002ba74       _sqrt                      0042ca74 f   LIBCD:sqrt.obj
 0001:0002bb20       _atan2                     0042cb20 f   LIBCD:87ctriga.obj
 0001:0002bb2a       __CIatan2                  0042cb2a f   LIBCD:87ctriga.obj
 0001:0002bb40       __CIcos                    0042cb40 f   LIBCD:cos.obj
 0001:0002bb54       _cos                       0042cb54 f   LIBCD:cos.obj
 0001:0002bbf0       __CIsin                    0042cbf0 f   LIBCD:sin.obj
 0001:0002bc04       _sin                       0042cc04 f   LIBCD:sin.obj
 0001:0002bca0       __CIpow                    0042cca0 f   LIBCD:pow.obj
 0001:0002bcb9       _pow                       0042ccb9 f   LIBCD:pow.obj
 0001:0002bec0       __CIacos                   0042cec0 f   LIBCD:acos.obj
 0001:0002bed4       _acos                      0042ced4 f   LIBCD:acos.obj
 0001:0002bf90       __CIasin                   0042cf90 f   LIBCD:asin.obj
 0001:0002bfa4       _asin                      0042cfa4 f   LIBCD:asin.obj
 0001:0002c060       _fabs                      0042d060 f   LIBCD:fabs.obj
 0001:0002c160       _memcpy                    0042d160 f   LIBCD:memcpy.obj
 0001:0002c4a0       ??2@YAPAXI@Z               0042d4a0 f   LIBCD:new.obj
 0001:0002c4c0       ??3@YAXPAX@Z               0042d4c0 f   LIBCD:dbgdel.obj
 0001:0002c550       _memset                    0042d550 f   LIBCD:memset.obj
 0001:0002c5b0       __purecall                 0042d5b0 f   LIBCD:purevirt.obj
 0001:0002c5c0       __ftol                     0042d5c0 f   LIBCD:ftol.obj
 0001:0002c5f0       __Getdays                  0042d5f0 f   LIBCD:strftime.obj
 0001:0002c720       __Getmonths                0042d720 f   LIBCD:strftime.obj
 0001:0002c850       __Gettnames                0042d850 f   LIBCD:strftime.obj
 0001:0002cbc0       _strftime                  0042dbc0 f   LIBCD:strftime.obj
 0001:0002cbe0       __Strftime                 0042dbe0 f   LIBCD:strftime.obj
 0001:0002dab0       _localtime                 0042eab0 f   LIBCD:localtim.obj
 0001:0002dd10       _time                      0042ed10 f   LIBCD:time.obj
 0001:0002dea0       __access                   0042eea0 f   LIBCD:access.obj
 0001:0002df00       _strlen                    0042ef00 f   LIBCD:strlen.obj
 0001:0002df80       _fclose                    0042ef80 f   LIBCD:fclose.obj
 0001:0002e060       _fsetpos                   0042f060 f   LIBCD:fsetpos.obj
 0001:0002e080       _fgets                     0042f080 f   LIBCD:fgets.obj
 0001:0002e1b0       _ftell                     0042f1b0 f   LIBCD:ftell.obj
 0001:0002e440       __fsopen                   0042f440 f   LIBCD:fopen.obj
 0001:0002e530       _fopen                     0042f530 f   LIBCD:fopen.obj
 0001:0002e550       _strcpy                    0042f550 f   LIBCD:strcat.obj
 0001:0002e560       _strcat                    0042f560 f   LIBCD:strcat.obj
 0001:0002e640       _sscanf                    0042f640 f   LIBCD:sscanf.obj
 0001:0002e700       _fread                     0042f700 f   LIBCD:fread.obj
 0001:0002e8d0       _fseek                     0042f8d0 f   LIBCD:fseek.obj
 0001:0002ea00       _fwrite                    0042fa00 f   LIBCD:fwrite.obj
 0001:0002ec20       _malloc                    0042fc20 f   LIBCD:dbgheap.obj
 0001:0002ec50       __malloc_dbg               0042fc50 f   LIBCD:dbgheap.obj
 0001:0002ec80       __nh_malloc                0042fc80 f   LIBCD:dbgheap.obj
 0001:0002eca0       __nh_malloc_dbg            0042fca0 f   LIBCD:dbgheap.obj
 0001:0002ecf0       __heap_alloc               0042fcf0 f   LIBCD:dbgheap.obj
 0001:0002ed10       __heap_alloc_dbg           0042fd10 f   LIBCD:dbgheap.obj
 0001:0002f030       _calloc                    00430030 f   LIBCD:dbgheap.obj
 0001:0002f060       __calloc_dbg               00430060 f   LIBCD:dbgheap.obj
 0001:0002f0c0       _realloc                   004300c0 f   LIBCD:dbgheap.obj
 0001:0002f0f0       __realloc_dbg              004300f0 f   LIBCD:dbgheap.obj
 0001:0002f640       __expand                   00430640 f   LIBCD:dbgheap.obj
 0001:0002f670       __expand_dbg               00430670 f   LIBCD:dbgheap.obj
 0001:0002f6a0       _free                      004306a0 f   LIBCD:dbgheap.obj
 0001:0002f6c0       __free_dbg                 004306c0 f   LIBCD:dbgheap.obj
 0001:0002fab0       __msize                    00430ab0 f   LIBCD:dbgheap.obj
 0001:0002fad0       __msize_dbg                00430ad0 f   LIBCD:dbgheap.obj
 0001:0002fc20       __CrtSetBreakAlloc         00430c20 f   LIBCD:dbgheap.obj
 0001:0002fc40       __CrtSetDbgBlockType       00430c40 f   LIBCD:dbgheap.obj
 0001:0002fcd0       __CrtSetAllocHook          00430cd0 f   LIBCD:dbgheap.obj
 0001:0002fd80       __CrtCheckMemory           00430d80 f   LIBCD:dbgheap.obj
 0001:000300e0       __CrtSetDbgFlag            004310e0 f   LIBCD:dbgheap.obj
 0001:00030110       __CrtDoForAllClientObjects 00431110 f   LIBCD:dbgheap.obj
 0001:00030170       __CrtIsValidPointer        00431170 f   LIBCD:dbgheap.obj
 0001:000301c0       __CrtIsValidHeapPointer    004311c0 f   LIBCD:dbgheap.obj
 0001:000302f0       __CrtIsMemoryBlock         004312f0 f   LIBCD:dbgheap.obj
 0001:000303d0       __CrtSetDumpClient         004313d0 f   LIBCD:dbgheap.obj
 0001:000303f0       __CrtMemCheckpoint         004313f0 f   LIBCD:dbgheap.obj
 0001:00030550       __CrtMemDifference         00431550 f   LIBCD:dbgheap.obj
 0001:00030680       __CrtMemDumpAllObjectsSince 00431680 f   LIBCD:dbgheap.obj
 0001:00030a50       __CrtDumpMemoryLeaks       00431a50 f   LIBCD:dbgheap.obj
 0001:00030ad0       __CrtMemDumpStatistics     00431ad0 f   LIBCD:dbgheap.obj
 0001:00030ba0       __CItan                    00431ba0 f   LIBCD:tan.obj
 0001:00030bb4       _tan                       00431bb4 f   LIBCD:tan.obj
 0001:00030c60       _srand                     00431c60 f   LIBCD:rand.obj
 0001:00030c70       _rand                      00431c70 f   LIBCD:rand.obj
 0001:00030ca0       __mbctoupper               00431ca0 f   LIBCD:mbtoupr.obj
 0001:00030d80       _sprintf                   00431d80 f   LIBCD:sprintf.obj
 0001:00030e80       __assert                   00431e80 f   LIBCD:assert.obj
 0001:00031200       ??_M@YGXPAXIHP6EX0@Z@Z     00432200 f   LIBCD:ehvecdtr.obj
 0001:000312b0       ?__ArrayUnwind@@YGXPAXIHP6EX0@Z@Z 004322b0 f   LIBCD:ehvecdtr.obj
 0001:00031360       _memmove                   00432360 f   LIBCD:memmove.obj
 0001:000316a0       __onexit                   004326a0 f   LIBCD:onexit.obj
 0001:00031750       _atexit                    00432750 f   LIBCD:onexit.obj
 0001:00031770       ___onexitinit              00432770 f   LIBCD:onexit.obj
 0001:000317c0       _mainCRTStartup            004327c0 f   LIBCD:crt0.obj
 0001:000318f0       __amsg_exit                004328f0 f   LIBCD:crt0.obj
 0001:00031950       __setdefaultprecision      00432950 f   LIBCD:fp8.obj
 0001:00031970       __ms_p5_test_fdiv          00432970 f   LIBCD:testfdiv.obj
 0001:000319d0       __ms_p5_mp_test_fdiv       004329d0 f   LIBCD:testfdiv.obj
 0001:00031a20       __forcdecpt                00432a20 f   LIBCD:cvt.obj
 0001:00031ad0       __cropzeros                00432ad0 f   LIBCD:cvt.obj
 0001:00031bb0       __positive                 00432bb0 f   LIBCD:cvt.obj
 0001:00031be0       __fassign                  00432be0 f   LIBCD:cvt.obj
 0001:00031c30       __cftoe                    00432c30 f   LIBCD:cvt.obj
 0001:00031df0       __cftof                    00432df0 f   LIBCD:cvt.obj
 0001:00031f80       __cftog                    00432f80 f   LIBCD:cvt.obj
 0001:000320f0       __cfltcvt                  004330f0 f   LIBCD:cvt.obj
 0001:00032180       __CrtDbgBreak              00433180 f   LIBCD:dbgrpt.obj
 0001:00032190       __CrtSetReportMode         00433190 f   LIBCD:dbgrpt.obj
 0001:000321f0       __CrtSetReportFile         004331f0 f   LIBCD:dbgrpt.obj
 0001:00032270       __CrtSetReportHook         00433270 f   LIBCD:dbgrpt.obj
 0001:00032290       __CrtDbgReport             00433290 f   LIBCD:dbgrpt.obj
 0001:00032930       __stbuf                    00433930 f   LIBCD:_sftbuf.obj
 0001:00032a90       __ftbuf                    00433a90 f   LIBCD:_sftbuf.obj
 0001:00032b50       __output                   00433b50 f   LIBCD:output.obj
 0001:00033a80       ___initstdio               00434a80 f   LIBCD:_file.obj
 0001:00033bb0       ___endstdio                00434bb0 f   LIBCD:_file.obj
 0001:00033bd0       ___InternalCxxFrameHandler 00434bd0 f   LIBCD:frame.obj
 0001:00034140       ___FrameUnwindToState      00435140 f   LIBCD:frame.obj
 0001:00034750       ?_DestructExceptionObject@@YAXPAUEHExceptionRecord@@E@Z 00435750 f   LIBCD:frame.obj
 0001:00034830       __CallSettingFrame@12      00435830 f   LIBCD:lowhelpr.obj
 0001:00034857       __NLG_Return               00435857 f   LIBCD:lowhelpr.obj
 0001:00034880       ?terminate@@YAXXZ          00435880 f   LIBCD:hooks.obj
 0001:00034910       ?unexpected@@YAXXZ         00435910 f   LIBCD:hooks.obj
 0001:00034930       ?_inconsistency@@YAXXZ     00435930 f   LIBCD:hooks.obj
 0001:000349c0       __trandisp1                004359c0 f   LIBCD:87disp.obj
 0001:00034a27       __trandisp2                00435a27 f   LIBCD:87disp.obj
 0001:00034ab3       __rttospopde               00435ab3 f   LIBCD:87disp.obj
 0001:00034ab8       __rttospop                 00435ab8 f   LIBCD:87disp.obj
 0001:00034aba       __rtnospop                 00435aba f   LIBCD:87disp.obj
 0001:00034abc       __rttosnpop                00435abc f   LIBCD:87disp.obj
 0001:00034abd       __rtnospopde               00435abd f   LIBCD:87disp.obj
 0001:00034ac4       __rtzeropop                00435ac4 f   LIBCD:87disp.obj
 0001:00034ac6       __rtzeronpop               00435ac6 f   LIBCD:87disp.obj
 0001:00034acb       __rtonepop                 00435acb f   LIBCD:87disp.obj
 0001:00034acd       __rtonenpop                00435acd f   LIBCD:87disp.obj
 0001:00034ad2       __tosnan1                  00435ad2 f   LIBCD:87disp.obj
 0001:00034afd       __nosnan2                  00435afd f   LIBCD:87disp.obj
 0001:00034aff       __tosnan2                  00435aff f   LIBCD:87disp.obj
 0001:00034b27       __nan2                     00435b27 f   LIBCD:87disp.obj
 0001:00034b66       __rtindfpop                00435b66 f   LIBCD:87disp.obj
 0001:00034b68       __rtindfnpop               00435b68 f   LIBCD:87disp.obj
 0001:00034b79       __rttosnpopde              00435b79 f   LIBCD:87disp.obj
 0001:00034b83       __rtchsifneg               00435b83 f   LIBCD:87disp.obj
 0001:00034b90       __startTwoArgErrorHandling 00435b90 f   LIBCD:genexcep.obj
 0001:00034ba7       __startOneArgErrorHandling 00435ba7 f   LIBCD:genexcep.obj
 0001:00034bf0       __twoToTOS                 00435bf0 f   LIBCD:common.obj
 0001:00034c05       __load_CW                  00435c05 f   LIBCD:common.obj
 0001:00034c1c       __convertTOStoQNaN         00435c1c f   LIBCD:common.obj
 0001:00034c35       __fload_withFB             00435c35 f   LIBCD:common.obj
 0001:00034c78       __checkTOS_withFB          00435c78 f   LIBCD:common.obj
 0001:00034c8e       __fast_exit                00435c8e f   LIBCD:common.obj
 0001:00034c9b       __math_exit                00435c9b f   LIBCD:common.obj
 0001:00034cc5       __check_overflow_exit      00435cc5 f   LIBCD:common.obj
 0001:00034cd9       __check_range_exit         00435cd9 f   LIBCD:common.obj
 0001:00034d9c       __fFATN2                   00435d9c f   LIBCD:87triga.obj
 0001:00034dec       __rtpiby2                  00435dec f   LIBCD:87triga.obj
 0001:00034e30       __cintrindisp2             00435e30 f   LIBCD:87cdisp.obj
 0001:00034e6e       __cintrindisp1             00435e6e f   LIBCD:87cdisp.obj
 0001:00034ea4       __ctrandisp2               00435ea4 f   LIBCD:87cdisp.obj
 0001:00035015       __ctrandisp1               00436015 f   LIBCD:87cdisp.obj
[...]
 0001:0002c2cc       TrailUp2                   0042d2cc f   LIBCD:memcpy.obj
 0001:0002c2e0       TrailUp3                   0042d2e0 f   LIBCD:memcpy.obj
 0001:0002c358       LeadDown1                  0042d358 f   LIBCD:memcpy.obj
 0001:0002c378       LeadDown2                  0042d378 f   LIBCD:memcpy.obj
 0001:0002c3a0       LeadDown3                  0042d3a0 f   LIBCD:memcpy.obj
 0001:0002c3f4       UnwindDown7                0042d3f4 f   LIBCD:memcpy.obj
 0001:0002c3fc       UnwindDown6                0042d3fc f   LIBCD:memcpy.obj
 0001:0002c404       UnwindDown5                0042d404 f   LIBCD:memcpy.obj
 0001:0002c40c       UnwindDown4                0042d40c f   LIBCD:memcpy.obj
 0001:0002c414       UnwindDown3                0042d414 f   LIBCD:memcpy.obj
 0001:0002c41c       UnwindDown2                0042d41c f   LIBCD:memcpy.obj
 0001:0002c424       UnwindDown1                0042d424 f   LIBCD:memcpy.obj
 0001:0002c437       UnwindDown0                0042d437 f   LIBCD:memcpy.obj
 0001:0002c450       TrailDown0                 0042d450 f   LIBCD:memcpy.obj
 0001:0002c458       TrailDown1                 0042d458 f   LIBCD:memcpy.obj
 0001:0002c468       TrailDown2                 0042d468 f   LIBCD:memcpy.obj
 0001:0002c47c       TrailDown3                 0042d47c f   LIBCD:memcpy.obj
 0001:0002c180       CopyUp                     0042d180 f   LIBCD:memcpy.obj
 0001:0002c19c       CopyLeadUp                 0042d19c f   LIBCD:memcpy.obj
 0001:0002c1b4       ByteCopyUp                 0042d1b4 f   LIBCD:memcpy.obj
 0001:0002c1bc       CopyUnwindUp               0042d1bc f   LIBCD:memcpy.obj
 0001:0002c2f8       CopyDown                   0042d2f8 f   LIBCD:memcpy.obj
 0001:0002c320       CopyUnwindDown             0042d320 f   LIBCD:memcpy.obj
 0001:0002c32c       CopyLeadDown               0042d32c f   LIBCD:memcpy.obj
 0001:0002c344       ByteCopyDown               0042d344 f   LIBCD:memcpy.obj
 0001:0002b988       _gu_return                 0042c988 f   LIBCD:exsup.obj
 0001:0002b990       __unwind_handler           0042c990 f   LIBCD:exsup.obj
 0001:0002b940       _$$$00001                  0042c940 f   LIBCD:chkstk.obj
 0001:0002b94c       probepages                 0042c94c f   LIBCD:chkstk.obj
 0001:0002b960       lastpage                   0042c960 f   LIBCD:chkstk.obj
 0001:0002b710       ?CatchGuardHandler@@YA?AW4_EXCEPTION_DISPOSITION@@PAUEHExceptionRecord@@PAUCatchGuardRN@@PAX2@Z 0042c710 f   LIBCD:trnsctrl.obj
 0001:0002b820       ?TranslatorGuardHandler@@YA?AW4_EXCEPTION_DISPOSITION@@PAUEHExceptionRecord@@PAUTranslatorGuardRN@@PAX2@Z 0042c820 f   LIBCD:trnsctrl.obj
 0001:0002b450       _doexit                    0042c450 f   LIBCD:crt0dat.obj
 0001:0002b530       __initterm                 0042c530 f   LIBCD:crt0dat.obj
 0001:00047ad0       _$E24                      00448ad0 f   libcpd:string.obj
 0001:00047af0       _$E20                      00448af0 f   libcpd:string.obj
 0001:00047b40       _$E23                      00448b40 f   libcpd:string.obj

FIXUPS: 4893b 13 21 49 13 e 10eb b ffffef30 35 1d e 1c 13 21 25 5 5 5 16
FIXUPS: 48b49 fffe381e 14 ffffff77 ffffff35 5 a 1c482 13 e 136b b ffffecc5
FIXUPS: 4872d 1337 b ffffecff 23 e 44 f 1292 b ffffed8c 13 21 4e 16 11f1
FIXUPS: 49aaf ffffee45 1d e fffe4207 a ffffff37 12 18 16 10 1c 31 10 fffffe70
FIXUPS: 2c5f8 60 33 63 4f 131 19 4d 4a fffffa8f 12 1d 20 1e 20 8d 12 13
FIXUPS: 2c505 fffffe31 19 c26 10 fffffd39 14 1b 25 14 10 d 10 b 3d 3b 14
FIXUPS: 2ce4a 7 14 7 fffffd8b 12 2a 10 1b 2a 10 fffffeaf 12 2a 10 1b 2a
FIXUPS: 2cbe8 164a a 21 154 31c 20 28a ffffec3f ffffff67 1f ffffff6f fffffbc6
FIXUPS: 2d09c 28 16 1d 29 25 fffffe52 12 14 22 10 2c 2a 10 fffffe72 12
FIXUPS: 2ceed 24 10 2a baf 2c 9 2c 9 2c 9 3d a0 f3 23 23 23 3a 51 24 51
FIXUPS: 2defc 28 45 2d 2d 28 28 1c 29 41 84 3a 24 31 36 fffff477 50 9 2e
FIXUPS: 2d6e9 71 15 1b 51 9 2e 9 6e 15 37 15 1e 14 1c 1c 1c 1b 36 3a 9
FIXUPS: 2da32 9 48 9 2e 9 2e 1bd8 1a fffffd7d 2e 2a 2e 14 22 22 fffffc92
FIXUPS: 2f20e 146 70 fffffce8 2a 75 ffffff29 ffffff58 27 f f 27 fffffe87
FIXUPS: 2ee72 fffffc54 2d 18 1c 1e f ffffead5 15 4126 31 28 4f 3a 31 18
FIXUPS: 318d4 18 1f 8c 69 2a 34 39 16 7c 2a 28 ffffdf24 5a 4f 79 fffffd30
FIXUPS: 2f957 1b 6c fffffdc1 7a 6a fffffde9 2a 1484 1f 62 51 60 5a ac 4e
FIXUPS: 30df1 2b 28 28 28 ac 2b 32 2b 39 20 49 33 142 23 1c 59 84 58 bf
FIXUPS: 3150f 76 11e a1 ffffec8c 25 b3 19 59 5f 54 86 38 1f 2a 1c 50 1d
FIXUPS: 3077c 62 34 3b 2b 3b 45 2b c 41 6b 56 36 c 2b 1c 2c 1c fffff133
FIXUPS: 2fc6b 27 23 20 29 2f 1c 69 28 5f 54 21 128 1e 1b 34 3e 52 38 3c
FIXUPS: 30168 1b 1c 6b 28 32 4f 18 1f 5b 66 1cb3 14 11 14 16 14 f e 1e
FIXUPS: 3211c 16 15 16 14 16 14 19 19 a 1c fffffbb9 2a 45 4b fffffea9 fffffe98
FIXUPS: 31bb9 2c 10 1d 2a 10 c7f 10 22 9 27 9 fffffd77 2d 12 6c 2d 18 fffffaef
FIXUPS: 3230b 47 fffffb6f 1e d 19 16 14 2c 1b 17 27 16 16 14 c 1d 16 15
FIXUPS: 32c6c 14 32 64 140 2a 34 35 6b 12 29 43 5a 3d 33 3c 38 1c 1a 18
FIXUPS: 33175 fffff895 ffffff54 fffffee1 e f 10 a 5 5 25 f af0 2a 18 38
FIXUPS: 33434 2b 14 2e 18 18 7a 63 34 47 1e d 2f 15 11 1d 21 14 26 19d
FIXUPS: 338d6 19 19 a fffff11c 28 19f 20 132e 34 30 a8 e2 d5 ce b9 31 1e
FIXUPS: 34406 1b 131 25 123 1e 30 75 32 22 26 14 170 55 53 ffffef4d 21
FIXUPS: 339ef c8 33 49 fffff766 2325 1e 26 f 1c 12 21 d a 13 16 13 28 14
FIXUPS: 35704 14 7 17 6b 20 fffff300 35 18 a6 10 fffff089 34 24 cb 67 133
FIXUPS: 33f22 e7c 51 ba 3c 27 37 a 3f 25 b2 65 ce 36 12 38 4c 31 16 f 17
FIXUPS: 35306 19 92 18 20 62 a f3 12 24 f 1f b43 5 55 3c 7 2f b2 15 fffffbca
FIXUPS: 35e89 49 132 31 fffffdb3 1f 7 10 fffffe9c 5e 7 fffffead fffffd1f
FIXUPS: 35923 78 fffffeb4 22 fffff37a 32 92 3f 6a 15 18f6 2c c 3a e 11
FIXUPS: 36723 44 c 3e e 11 182 1d8 1ac 2b 33 1b6 f4 27 36 44 c 10 16 c
FIXUPS: 36447 c8 1d 27 fffffb6d 12 21c5 29 2a fffffe31 45 fffffd3d a fffff6ef
FIXUPS: 375e1 15d 19 18 c 25 15 3b 5b 52 6c c7 53 66 53 25 23 fffff746
FIXUPS: 3742d 17 fffff167 1d 53 1d 405e f ffffea9a fffffc37 2a 2a 227 fffffcb0
FIXUPS: 38cfa fffffbfe 13 dd 23f fffffaf9 82 2a fffffe04 66 23 6e fffffce5
FIXUPS: 383ba 28 76 6e 7d 41 fffffd99 3a ffffff09 1b c 1952 4d 23 10 70
FIXUPS: 39ced 5a 46 2f c1 24 e5 39 76 4a 3d 76 6c 62 20 77 27 70 46 31
FIXUPS: 3a3da 44 35 1c 147 8a 32 4ce 108 10 3e 54 4b 28 fffffadd 2a3 ffffe709
FIXUPS: 39213 47 4a 9 19 a4 1aa 1d 118 1de 32 97 1f 58 a8 28 33 43 64 46
FIXUPS: 39b98 12 1c93 fffffb6a 17 31 30 18 3f c 13 70 10 5c 62 37 1b 40
FIXUPS: 3b679 59 14 3f 6b fffffaa5 2f 80 36 fffffda5 2a 29 3b 51 fffffc96
FIXUPS: 3afe2 40b5 1e8 fffff83a fffffbc0 b6 7f 24 62 38 61 18 28 ffffd0c6
FIXUPS: 3b9f6 3c 6ef 192 19 de0 7e5 236 11a 9e a3 102 119 ffffd958 1b 64
FIXUPS: 3b7cf 19 38 4860 1e 17 13 fffffa66 18 11b 21 4b 5d 17 b5 fffff92e
FIXUPS: 3f8a6 35 fffffd2b a a fffffd1b 98 f6 fffff628 23 5 111 43 107 4a
FIXUPS: 3edca 5 25e 35 1f1c 1a 19 fffffcd3 4a 94 2b fffff903 56 1e 13 22
FIXUPS: 40540 36 28 1f 29 26 17 12 1c fffffcda ffffff70 d 11 2f 25 fffffdfa
FIXUPS: 40157 c 5a fffffe99 1a9d 16 26 1e 41 93 20 68 82 10 30 10 30 10
FIXUPS: 41505 a7 fffffa75 21 21 24 2a 23 fffffd00 1c 77 3a 59 15 17 1d
FIXUPS: 40f57 13 1899 13 24 17 fffffd19 14 ffffff70 2b fffffcdd 2a 44 4b
FIXUPS: 420fc 2a 44 4b ffffff11 fffffe19 29 ffffffa0 17 fffff815 41 8c
FIXUPS: 417b5 26f 19 1c 13 2a 3a 10 242e 29 19 2c fffffd2e 85 69 33 8c
FIXUPS: 43e8b fffff815 21 2b 28 1e 2c 38 16 22 23 ac 4e 23 125 1c 2b 37
FIXUPS: 43ace 2b 13 b7 ffffebce 2a16 50 50 4d 65 60 fffffb20 fffffadb 2a0
FIXUPS: 44c4e 34 37 60 21 20 1d 11 15 15 fffffabc 37 fffffcdb 40 168 85
FIXUPS: 444c0 55 fffffefc fffffc53 2bf 2d 2f 23e9 6d 238 13 fffff1f7 21
FIXUPS: 45c6d 35 13a c 10 c 27 6c fffffc80 1d fffffe7b fffffb63 48 141
FIXUPS: 456ed 35 140 fffffb7c 5f fffffb8a 4d 40 40 43 4d 40 1e38 28 2c
FIXUPS: 4702a 26 1c 5e 25 28 31 43 28 31 16 14 fffff964 43 33 24 bd 2d
FIXUPS: 46d91 32 43 c 10 c fffff35c 14d eb 1c8 8c 1d68 a7 19 28 c 21 fffff822
FIXUPS: 47cce d9 13f 9e fffff9e4 70 4f 1df fffffa1f a7 fffffc9d 73 1c 1f
FIXUPS: 47460 11 71 5f 1d c 47 fffffd4f 43 ffffff4b fffffce3 21ba 13 2b
FIXUPS: 49175 2a 50 c 2b 3d c 3a fffffa7c 79 81 12 42 2f 87 fffff6ad fffffaae
FIXUPS: 480c9 29 3a 40 3e 33 4b 59 5a c 19 42 fffb9770 21 47b11 b fffb8518
FIXUPS: 1b21 30 b b b b 10 fffff4a2 19 45 b8 d3 bd 85 45 1f 31 2a bb 16
FIXUPS: 49546 fffffdcb 1a 13 28 30 30 fffb82d3 7 f 15 19 14 31 39 c 38
FIXUPS: 1874 2a 44 7 12 2b 8 9 c 14 f 12 1a 47c25 c c b fffb8427 d 4e 15
FIXUPS: 1a8d 22a7e 11c 1c 4d 34 45 33 5e 27 41 99 30 37 5e 2a fffdcc54
FIXUPS: 1629 7 7 7 7 7 7 7 7 7 7 7 7 7 7 7 224f8 10 46 18 18 17 18 18 17
FIXUPS: 23c96 41 1f 19 10 43 28 1a 1c 13 2c 11 16 1d a d 1f 10 372 9d 213
FIXUPS: 244c9 2c ffffefbb 10 3d 5c 17 17 b8 ae af 85 50 1f 31 27 c9 16
FIXUPS: 23a03 14 14 14 14 d 44 19 1c 16 16 16 16 16 26 a fffff2bc 26 40
FIXUPS: 22eb3 3a 10 121 2e 23 26 9 3c 265db c fffd9a7f 26 55 4f ac 9 2a
FIXUPS: 23319 80 4c e e 29 9 13 39 e e fffff0fa 38 12 1f 1f 1f f2 c4 f5
FIXUPS: 22918 1f 31 2a 6f 67 3a 30 2f 1c 1d 24 b 86 24 35 be 4a 2f 32 1a
FIXUPS: 22de4 35 ffffef7d 39 e e 15 10 3b b0 a7 96 72 a7 4b 1f 31 27 a5
FIXUPS: 222fd 4c 1e 3b 42 45 c 26 20 22 29 3f e 66 9 fffff2f3 2b 2c 16
FIXUPS: 21911 16 e4 19 53 10 3c a5 10 44 d 10 10 a 41 10 a 7 38 34 e e
FIXUPS: 21cf6 3f e e 29 9 fffff627 e e e e e 36 e e e e 14 10 40 12d 1f
FIXUPS: 21666 1b 2b 2e 59 d 34 a 10 31 3d c 23 24 7 9 fffff6b3 28783 c
FIXUPS: 20f5f 22 3c 19 c 3b 16 15 27 37 29 38 13 f 15 15 15 93 75 74 13
FIXUPS: 21319 3b b b b b e e fffff385 7 7 7 7 1d 42 13 3d 13 3d 13 3d 13
FIXUPS: 208ea 13 4d 13 3f 21 21 1e d0 19 2bd 15 58 e e 23 29 3d fffff529
FIXUPS: 203e4 d 57 7 7 7 d 49 13 46 c 7 7 d 4c 20 c 7 7 7 10 67 a 11 c
FIXUPS: 20665 7 7 10 82 15 fffff8d2 13 3d 13 4b 13 4d 13 49 13 b7 7 7 7
FIXUPS: 2023c 15 5c c 7 7 7 d 7e 7 7 7 7 7 45 7 7 7 fffff310 23 3c 103
FIXUPS: 1f93a 1b3 40 57 25 7b 30 15 e 1a 26 13 53 25 32 21 e 1d 48 4b 11
FIXUPS: 1fe74 60 3a 3e 13 3d 13 fffff07a 1b 15 34 18 32 1c 2a 18 32 1c
FIXUPS: 1f1ad 20 10 75 15 13 42 19 3b 73 27 13 15 1d 2a 2e 2d 24 11d af
FIXUPS: 1f6c0 fffff3da d 10 59 a 41 7 d 12 ae 2b 9 27 ce 7 d 10 1f 7 19
FIXUPS: 1ee1e 7 d 10 1f 7 19 43 48 90 54 2d fffff080 58 4c 7d 4b 13 20
FIXUPS: 1e264 3aa 12 f 8 f 19 25 39 e e 1d 10 119 2d 19 19 19 f 10 98 1c
FIXUPS: 1ea26 1d 37 fffff10d 8 8 8 b 9 34 37 31 22 15 32 a 49 1e 7 2a f
FIXUPS: 1dd94 a 38 44 a 29 10 d f 13 167 38 e 16 fffff2bb e 10 54 2f d
FIXUPS: 1d4f4 27 d 130 1be 27 a 35 6 46 30 a 45 30 a 36 2a 39 b e e 10
FIXUPS: 1da71 4d 7 35 fffff31a 27 16 61 a 25 2b 2a 5d 62 8d 13 13 36 1b
FIXUPS: 1d12c a 30 16 22 40 a d a 7 27 2b 25 41 18 18 e fffff61e 38 10
FIXUPS: 1c9b9 2b 28 33 d 27 7 2d 13 b4 63 22 33 12 12 3c f d 47 9 d 5d
FIXUPS: 1cd6a e e e e e 10 fffff4e1 19 27 25 4f 30 7 13 7 36 16 2f d 19
FIXUPS: 1c454 25 b7 19 30 3b 16 37 16 36 16 31 16 1c 4f 61 ff 4c fffff140
FIXUPS: 1ba0b 32 16 2d 13 16 3b 44 a d a 7 28 2a 2b 34 433 5b 3c 6 14 20
FIXUPS: 1c10b 20 10 c7 1b 13 7 32 16 fffff2c3 2b 2b 33 70 20 26 7 32 27
FIXUPS: 1b6e8 2f 16 2a 16 2d 20 32 31 16 33 33 a 31 16 31 58 a d a 7 33
FIXUPS: 1abe5 ce 86 bf 11 16 10 2b9 20 27 7 32 26 7 d2 20 32 4b 32 a 49
FIXUPS: 1b3ba 33 33 a 32 16 2d 13 16 3a 19 fffff2bb e e e e e e e e e e
FIXUPS: 1a870 e e e e e e e e e e 16 16 1c 10 220 13 9 c 21 1e fffff9d7
FIXUPS: 1a5c8 1d c 10 5b e e e e e e e e e e e e e e e e e e e e e e e
FIXUPS: 1a7ac e e fffffc22 e e e e e e e e e e e e e e e e e e e e e e
FIXUPS: 1a52c e e e e e e e e fffffc10 e e e e e e e e 16 16 2b a c 10
FIXUPS: 1a2fc e e e e e e e e e e e e e e e e fffffc10 e e e e e e e e
FIXUPS: 1a06a e e e e e e e e e e e e e e e e e e e e e e fffff652 23 7
FIXUPS: 19850 a 16 7 3ae 13 52 de 5d 14 10 64 16 10 10 37 7 39 a 7 1c 55
FIXUPS: 19f8a e e e e e e fffff1a8 7 f 10 72 7 1c 33 b e e e e e e e e
FIXUPS: 193ba 1b2 c b2 2f 57 c 27 c 1a 1a 55 1a 1b 16 fffff0b0 72 66 67
FIXUPS: 189ba 21 51 23 24 8 d 72 4a 4a 4a 4a 4d 22 36 e e e e e e 6c 56
FIXUPS: 18ded 67 18 43 200 fffff367 1f 2d 26 10 38 12 7 20 1a 22 30 2a
FIXUPS: 185af 37 12 7 22 68 2f f 3a 2f f 3a 32 f 1b 21 44 13 13 fffff6e2
FIXUPS: 17f4f 34 d 71 2e a 19 43 4c 2a 1c 1c 23 12 6e a d 3e 10 3d 37 43
FIXUPS: 1833a 1b 24 7 7 2a 10 36 8 fffff4ec 38 d 39 1b 1f 16 d 16 10 45
FIXUPS: 17a5f a 19 4b 46 4e 2e 1c 1c 1b 26 10 39 19 45 19 41 b1 bc 81 33
FIXUPS: 170df 31 a 22 19 1f 10 4d 2a 1c 1c 26 38 8 50 10 46 20 1a 27 1c
FIXUPS: 173cc 43 109 118 104 a1 75 1f 31 29 18 ffffef34 e 72 17 17 12 1f
FIXUPS: 1690b 44 32 b7 c8 bd 81 b8 22 31 2c 15 10 39 d 71 2e a 19 43 d0
FIXUPS: 16fc2 4d 4a 31 fffff429 1e 12 27 10 19 f 1f 48 2e 10 10 70 74 7
FIXUPS: 166e9 7 7 7 7 7 7 7 7 7 7 7 7 d 37 e 19 fffff63d e e e e e aa d
FIXUPS: 15eff 3a 2b 24 3f 1b 5f d 44 142 43 7 13 7f a d 10 37 b9 30 52
FIXUPS: 1646f f 26 fffff670 13 13 29 16 30 16 16 25 37 e e e e e e e e
FIXUPS: 15caf e e e e 19 75 e e e e e e e fffff8b5 19 10 19 10 43 2e a
FIXUPS: 15772 4b 10 60 1f d 49 2c 1a 1c 15 1f 13 28 1a 1c 17 2b 2b 27 2f
FIXUPS: 15a87 10 58 fffff340 e 5c 24 19 a 13 11 16 12 20 43 17 12 35 76
FIXUPS: 15134 e7 d8 8c 8e 1f 31 27 a2 16 3d a4 f 12 25 19 fffff329 9 c
FIXUPS: 149cf 57 28 2a 8c 2a 11 55 67 81 10 8 10 10 14 1c 12 1a 34967 b
FIXUPS: 14d41 e e e e 19 73 e e fffff2a3 1f 31 2a 15 10 36 13 19 a6 5f
FIXUPS: 14401 57 12 3a 8 9 c 15 33 1b 21 fb 175 77 36 12 16 2e 77 34 3a
FIXUPS: 139b8 2d 59 28 c 2f 69 5a 15 30 3b 30 65 24 20 3597a d e e c fffca66d
FIXUPS: 13d28 10 9a 12 1f 44 9 cd ca e 7e fffff421 22 42 46 360c7 b b c
FIXUPS: 135a6 47 47 47 47 47 29 2f 13 13 3a 13 13 3a 13 13 57 14 2a c d
FIXUPS: 1394a 1f 30 fffff697 33 2c 31 d 4c 1e 1a 10 aa 7 7 7 7 7 7 7 7
FIXUPS: 1324a 7 d 33 e 5a 61 e 32 47 1e b 39 22 fffff69c 1f 16 13 16 24
FIXUPS: 12ba5 16 10 4b 18 18 17 18 18 1d e4 19 30 15 2b a5 1b 22 43 2f
FIXUPS: 12f85 1c 13 2f 1a 1c fffff5d0 44 18 19 19 15 13 19 18 19 19 18
FIXUPS: 12733 19 18 2f 42 22 36 39 39 28 16 16 31 38 39 b8 16 10 4b 19
FIXUPS: 1128c 1f 1f 3f 19 11 10 38 17 12 43 155 169 153 c1 15d 44 1f 31
FIXUPS: 11ad4 15f 157 160 168 154 c1 15c 45 1f 31 2a 151 ffffe571 10 3c
FIXUPS: 10ba7 26 43 17 26 1c 38 17 24 28 2b 2a 2e 2f 33 35 10 14 10 28f
FIXUPS: 110ef e 19 33 e e ca 1f 1f fffff3a0 26 25 7 7c 1e 14 31 8f f 16
FIXUPS: 1080b f 42 5c 23 f 34 3b 2e 22 4e 19 2f 7 31 7 41 38 f 16 19 fffff1ae
FIXUPS: fcf1 21 19 10 1e 6b 38 ac 68 62 d 1a 3c 3d 39 159 b6 52 2c 14 1b
FIXUPS: 1036e 7 2f 31 8f 53 d9 28 19 35 fffff2dd 35 4c 2c 11 10 da a d
FIXUPS: fad6 39 10 44 10 2e e e e e e e e e 21 19 36 e e e e e e ffffee64
FIXUPS: eb5e b b 14 8d 22 19 2c 7 26 22 7 52 2c 50 2f f 13 16 f 4a 8 e
FIXUPS: eea7 16 26b 6 13 174 128 ab ffffef9a 2e 2b 28 2e 2e 41 8f 1c 1c
FIXUPS: e67a 57 10 88 25 38 20 7 24 2e 27 7 26 f 29 a1 103 d 47 d 43 d
FIXUPS: e0c6 e e e e e e e e e e e e e e e e e e e e e 1c 10 10 21 63 45
FIXUPS: e323 30 60 47 fffffae0 e e e e e e e e e e e e e e e e e e e e
FIXUPS: e000 e e 19 2f e e e e e e fffff3e2 d 15e a6 a3 93 81 2f2 20 52
FIXUPS: dbf9 d 3c 18 6e 3c 3a 16 19 1f 42 16 19 18 19 19 1f 2e e e e e
FIXUPS: c0f6 44 25 43 1f 18 e 35 285 f c1 f 26e f 78 f 60 16 2cf 2f e9
FIXUPS: ccf2 10 42 1a 5f 1e 10 1ed 59 88 d ffffd67b 275 13 2be 11f 13 32
FIXUPS: af5c 6d 6e 72 6e 50 91 140 13 237 b1 12f d6 75 10 744 e e e 10
FIXUPS: c077 e e e 17 ffffd032 1f 32 8f 27f 2d b6 10d 2d b1 416 7e 1c8
FIXUPS: 9def 4d 1e 1e d 3e a1 3e 9e f9 34 96 16 34 93 e8 97 1ea 64 ffffdc2d
FIXUPS: 82f8 16 138 46 26 2d a 7 7 20 76 e2 66 19 25 4b 57 5d 5e 226 13
FIXUPS: 8b39 32 1a5 42 10b 1c 32 af af 32 ffffe85c 52 1f bb 21 b 2f 2f
FIXUPS: 7a73 c3 9b 31 129 3f 4e 1f 45 1c 62 1f 39 15f f1 8 10 40 10 24
FIXUPS: 81eb 9 17 15 ffffeee7 1c 121 2e 59 13 13 13 13 13 e 7c 49 1f 3d
FIXUPS: 746e 16 16 16 16 e a4 24 1e b 24 24 23 64 8d 8d 72 ffffe87c d 22
FIXUPS: 60fd 47 22 e 1c af 1f 96 1f 34 19d 33 a5 1db a5 c1 1f 144 1c 61
FIXUPS: 6af9 d8 81 81 81 81 31 232 1f ffffed16 14 f 52 d 10 3b 43 1f 1f
FIXUPS: 5eda 1f 1e 1a 1a 1a 1a 29 15 a 15 a 15 c b 15 a 15 a 15 c 21 fffff27a
FIXUPS: 532b 1f 66 1c 35 8 14e 45 28 1f 60 4d 32 68 23 4b 7 1f 39 10 a
FIXUPS: 5833 31 10 1f 34 30 22 411 19 12 ffffeda6 1f 3c 15 16 16 23 5c
FIXUPS: 4c35 32 10 1f 2a6 d 1f 1f 45 1f 1f 3d d 10 49 1d 14 51 7 1f 2c
FIXUPS: 527a 3f 1c fffff2c9 16 16 69 1f 60 15 2e 52 41 1f 30 1a 1f 6 f
FIXUPS: 4834 16 51 18 a 4f 56 31 29 13 13 5f 3e 13 13 23 ffffee6b 5a 1c
FIXUPS: 3a15 1c 307 1c 51 1c cd 1f 37 13 12 b 1c ac cb 4e 10 182 10 a9
FIXUPS: 435c b9 19 13 4b 1f 8c 1f 33 ffffe9f3 33 19 1f 3c d 2d 1e 7 2a
FIXUPS: 30ca 7 46 d 22 bb 63 25 1d 1d 35 a 22 371 1c 64 1c 8c 1c 64 1c
FIXUPS: 3917 fffff0a6 aa 10 6a 10 46 53 f 16 19 14 29 42 8 f 19 19 14 29
FIXUPS: 2d0f b2 1f 67 8 8 37 13 99 14 10 a 7 fffff271 a3 29 4e 29 42 29
FIXUPS: 23e3 29 4e 29 45 29 6c 29 48 29 52 29 79 10 34 29 59 43 29 43 7
FIXUPS: 2890 47 29 94 fffff2b7 1b 23 d 3b d 2b d 55 2e 11 d 22 d 34 11
FIXUPS: 1e4f 10 2a d 50 d 8f 3a d6 22 4e 22 34 22 25 22 24ed7 7 24 2b 8
FIXUPS: 270ff c 14 f 12 1a 227ad c c b fffdd864 21 21 22 2b 7 10 12 12
FIXUPS: 27272 226c5 b fffb8277 d 2c 11 25 47cbc b fffdd2f8 2b 23 55 ec
FIXUPS: 26dbf 1c 36 b b e e e e 10 32 d 30 21 15 19 16 1f 15 3f c 1f 3a
FIXUPS: 2705c 29 fffff7bc 1b 15 4d c c 38 47 3f 5a 7 7 7 12 2b 8 9 c 14
FIXUPS: 26a80 12 1a 22e0b c c b fffdd222 15 4a 1e 15 24 fffff8d5 9 c 14
FIXUPS: 264bf f 12 1a 2335d c c c b fffdccc6 15 e 53 5c 52 20 11 5b 23198
FIXUPS: 4989f fffdce98 35 35 d 30 21 13 19 fffff642 14 f 12 1a 2396b c
FIXUPS: 4983f b fffdc6ad da 2d 21 13 19 16 26 49 15 1b 24 c 160 be 3e 28
FIXUPS: 263e4 3e 7 7 24 2b fffff582 e c 20 37 43 72 20 46 7 77 23bf9 b
FIXUPS: 25c3e 24 13 19 16 2d c 1e 44 51 25 12 27 21 f 7 2b 8 9 fffff8bf
FIXUPS: 25736 1f 60 7 16 c c 3a 33 31 30 7 7 7 12 2b 8 9 c 14 f 12 1a 23e61
FIXUPS: 497e3 c b fffdc1c8 15 e e fffffa71 14 1a 242f5 b fffdbd2c 24 13
FIXUPS: 2550e 29 3e 24 21 f 7 2b 8 9 c 14 f 12 1a 24140 c c b fffdbec7
FIXUPS: 2569e 30 24 15 fffff930 1a 246e6 c b fffdb950 15 16 2c 3b 4b 13
FIXUPS: 251aa 7 17 1a 24585 b fffdba9c 24 15 44 3e 24 15 2f 67 7 1b a c
FIXUPS: 2543a fffff88b 22 57 7 7 7 7 17 1a 2496c b fffdb6dc 15 18 3b 24
FIXUPS: 24ea5 7 7 17 1a 24833 b fffdb80c 15 16 3f 23 48 7 7 14 6f5e 1daa6
FIXUPS: 49a37 fffe2597 d 36 13 13 32 5 d 73 10 ffff88e7 22 a a 1c d0 15
FIXUPS: 24b44 3a 2b 28 7 17 1a 24ace b fffdb57c 15 1a 6cdc 18 34 17 35
FIXUPS: 2ba2c 56 23 22 4c 16 1b 2e 17 1de8d fffe21bb 17 1f c d 32 10 72
FIXUPS: 2bcee 76 10 d6 10 35 38 6d 1f fffff511 10 2e 10 34 10 b1 7 c e
FIXUPS: 2b5d3 10 e b 10 c c 27 c9 10 2e 10 34 10 6e 10 30 1a 37 17 69 10
FIXUPS: 2afa3 10 4a 16 13 13 13 3d 8 49 1d 15 10 39 10 b4 10 68 a 18 17
FIXUPS: 2b2eb 1a 13 24 15 2f c 25 f 62 10 fffff840 11 11 f 8 c 15 11 d
FIXUPS: 2ad05 14 10 3a c 11 11 f 35 17 f 1a 2e 20 25 18 37 d 2d 13 13 40
FIXUPS: 2af94 fffff7c1 e 17 3e 17 34 c 11 11 f 34 10 30 1a 37 17 3c 17
FIXUPS: 2a9d1 c 12 b e 11 b 15 c 1b 17 142 64 44 fffff484 17 f 1a 2e 20
FIXUPS: 2a198 18 37 d be 10 93 10 2f 1a 77 e 17 3b e 17 3e 17 128 6d 3b
FIXUPS: 2a6eb f f b 10 fffff606 e e 15 20 15 10 f 10 36 10 5d 10 d 2e 10
FIXUPS: 29f3f 17 28 11 3a 38 c 12 b e 11 b 15 c 1b 17 fffff988 1c f f b
FIXUPS: 29a84 31 f f f 21 2e 12 36 f d 30 f f d 3d d 37 a 8 31 e 17 11
FIXUPS: 29cf3 19 16 fffff920 21 32 e 17 3e 17 6a f d 32 7 c e b 10 e b
FIXUPS: 2982c c c 27 36 10 33 10 35 18 34 17 43 20 1ffd7 fffdf956 18 19
FIXUPS: 29355 f 15 c 1a 20635 9 17 b fffdf9de 10 40 14 10 3c c 10 3a d
FIXUPS: 29525 d 35 1e 3a 20 36 f f fffff86e 25 23 17 13 1a 1f 29 1f 1f
FIXUPS: 28fd4 1d 4b 13 1b 14 3f 16 d 4c 13 1b 14 3f 16 d 56 13 15 1a 2073c
FIXUPS: 499bb fffdee52 1e 19 21 31 1c 98 50 f 39 16 16 31 15 5a 1f 1e 19
FIXUPS: 28b24 3c 33 1c 98 50 f 39 16 16 2d 1f 111 1a fffff4af 3b 20 16
FIXUPS: 28409 15 1f 16 10 35 1f 2b 8 15 1a 9 15 e 3b 29 1c 9f 50 f 30 16
FIXUPS: 2872a 23 18 1b 10 5e fffff52f 15 18 1b 16 15 ae 21 1c 9f 50 19
FIXUPS: 27fa3 2f 60 47 25 e 22 1c 14 e 37 34 34 37 37 50 25 41 12 3e fffff4c4
FIXUPS: 277f9 15 17 22165 b fffddee3 23 b 33 19 4d 1c 28 1f 1c 5c 90 28
FIXUPS: 27af4 52 3a 15 18 19 6f 22 25 61 13 f f fffff5f0 7a 17 1f d 29
FIXUPS: 27447 e 11 9c 1d 28 f f d 2c 1b f 20 2236c c c b fffddca4 8a 1d
FIXUPS: 276df 40 10 57 1f 1f
