 PSINS

 Timestamp is 63dfd6a4 (Mon Feb 06 00:17:40 2023)

 Preferred load address is 00400000

 Start         Length     Name                   Class
 0001:00000000 000546aaH .text                   CODE
 0001:000546b0 00000713H .text$x                 CODE
 0002:00000000 00002448H .rdata                  DATA
 0002:00002448 0000017cH .rdata$r                DATA
 0002:000025c8 00000950H .xdata$x                DATA
 0002:00002f20 00000699H .edata                  DATA
 0003:00000000 00000004H .CRT$XCA                DATA
 0003:00000004 00000020H .CRT$XCU                DATA
 0003:00000024 00000004H .CRT$XCZ                DATA
 0003:00000028 00000004H .CRT$XIA                DATA
 0003:0000002c 00000010H .CRT$XIC                DATA
 0003:0000003c 00000004H .CRT$XIY                DATA
 0003:00000040 00000004H .CRT$XIZ                DATA
 0003:00000044 00000004H .CRT$XPA                DATA
 0003:00000048 00000008H .CRT$XPX                DATA
 0003:00000050 00000004H .CRT$XPZ                DATA
 0003:00000054 00000004H .CRT$XTA                DATA
 0003:00000058 00000004H .CRT$XTB                DATA
 0003:0000005c 00000004H .CRT$XTZ                DATA
 0003:00000060 00003d14H .data                   DATA
 0003:00003d80 00001fa9H .bss                    DATA
 0004:00000000 0000003cH .idata$2                DATA
 0004:0000003c 00000014H .idata$3                DATA
 0004:00000050 000001c8H .idata$4                DATA
 0004:00000218 000001c8H .idata$5                DATA
 0004:000003e0 000007feH .idata$6                DATA

  Address         Publics by Value              Rva+Base     Lib:Object

 0001:00000000       ??0CKFApp@@QAE@N@Z         00401000 f   KFApp.obj
 0001:00000060       ?Init@CKFApp@@UAEXABVCSINS@@H@Z 00401060 f   KFApp.obj
 0001:000004a0       ?RTOutput@CSINSTDKF@@UAEXXZ 004014a0 f i KFApp.obj
 0001:000004d0       ?Miscellanous@CSINSTDKF@@UAEXXZ 004014d0 f i KFApp.obj
 0001:00000500       ?SecretAttitude@CSINSTDKF@@UAEXXZ 00401500 f i KFApp.obj
 0001:00000530       ?SetMeas@CSINSGNSS@@UAEXXZ 00401530 f i KFApp.obj
 0001:00000560       _main                      00401560 f   Main_SinsGps.obj
 0001:000009e0       ??1CFileRdSr@@QAE@XZ       004019e0 f i Main_SinsGps.obj
 0001:00000a20       ??0CFileRdSr@@QAE@PBD@Z    00401a20 f i Main_SinsGps.obj
 0001:00000ae0       ?load@CFileRdSr@@QAEHH@Z   00401ae0 f i Main_SinsGps.obj
 0001:00000b30       ??0DataSensor@@QAE@XZ      00401b30 f i Main_SinsGps.obj
 0001:00001020       ??0CGLV@@QAE@NNNN@Z        00402020 f   PSINS.obj
 0001:00001310       ??0CComplex@@QAE@NN@Z      00402310 f   PSINS.obj
 0001:00001360       ??HCComplex@@QBE?AV0@ABV0@@Z 00402360 f   PSINS.obj
 0001:000013e0       ??HCComplex@@QBE?AV0@N@Z   004023e0 f   PSINS.obj
 0001:00001450       ??H@YA?AVCComplex@@NABV0@@Z 00402450 f   PSINS.obj
 0001:000014c0       ??GCComplex@@QBE?AV0@ABV0@@Z 004024c0 f   PSINS.obj
 0001:00001540       ??GCComplex@@QBE?AV0@N@Z   00402540 f   PSINS.obj
 0001:000015b0       ??G@YA?AVCComplex@@NABV0@@Z 004025b0 f   PSINS.obj
 0001:00001620       ??DCComplex@@QBE?AV0@ABV0@@Z 00402620 f   PSINS.obj
 0001:000016b0       ??DCComplex@@QBE?AV0@N@Z   004026b0 f   PSINS.obj
 0001:00001730       ??D@YA?AVCComplex@@NABV0@@Z 00402730 f   PSINS.obj
 0001:000017a0       ??KCComplex@@QBE?AV0@ABV0@@Z 004027a0 f   PSINS.obj
 0001:00001890       ??KCComplex@@QBE?AV0@N@Z   00402890 f   PSINS.obj
 0001:00001950       ??K@YA?AVCComplex@@NABV0@@Z 00402950 f   PSINS.obj
 0001:000019c0       ??G@YA?AVCComplex@@ABV0@@Z 004029c0 f   PSINS.obj
 0001:00001a30       ??4CComplex@@QAEAAV0@N@Z   00402a30 f   PSINS.obj
 0001:00001a80       ??S@YA?AVCComplex@@ABV0@@Z 00402a80 f   PSINS.obj
 0001:00001af0       ?real@@YANABVCComplex@@@Z  00402af0 f   PSINS.obj
 0001:00001b20       ?img@@YANABVCComplex@@@Z   00402b20 f   PSINS.obj
 0001:00001b50       ?norm@@YANABVCComplex@@@Z  00402b50 f   PSINS.obj
 0001:00001ba0       ?arg@@YANABVCComplex@@@Z   00402ba0 f   PSINS.obj
 0001:00001c20       ?pow@@YA?AVCComplex@@ABV1@N@Z 00402c20 f   PSINS.obj
 0001:00001d30       ?sqrt@@YA?AVCComplex@@ABV1@@Z 00402d30 f   PSINS.obj
 0001:00001e00       ?m33abc@@YA?AVCVect3@@ABVCMat3@@@Z 00402e00 f   PSINS.obj
 0001:00001f10       ?realrt3@@YA?AVCVect3@@NNN@Z 00402f10 f   PSINS.obj
 0001:00002270       ??0CComplex@@QAE@XZ        00403270 f i PSINS.obj
 0001:000022a0       ?ShengJin@@YA?AVCVect3@@NNN@Z 004032a0 f   PSINS.obj
 0001:00002450       ??0CVect3@@QAE@XZ          00403450 f   PSINS.obj
 0001:00002480       ??0CVect3@@QAE@N@Z         00403480 f   PSINS.obj
 0001:000024e0       ??0CVect3@@QAE@NNN@Z       004034e0 f   PSINS.obj
 0001:00002540       ??0CVect3@@QAE@PBN@Z       00403540 f   PSINS.obj
 0001:000025b0       ??0CVect3@@QAE@PBM@Z       004035b0 f   PSINS.obj
 0001:00002610       ?IsZero@@YAHABVCVect3@@N@Z 00403610 f   PSINS.obj
 0001:000026b0       ?IsZeroXY@@YAHABVCVect3@@N@Z 004036b0 f   PSINS.obj
 0001:00002730       ?IsNaN@@YAHABVCVect3@@@Z   00403730 f   PSINS.obj
 0001:00002760       ??HCVect3@@QBE?AV0@ABV0@@Z 00403760 f   PSINS.obj
 0001:000027e0       ??GCVect3@@QBE?AV0@ABV0@@Z 004037e0 f   PSINS.obj
 0001:00002860       ??DCVect3@@QBE?AV0@ABV0@@Z 00403860 f   PSINS.obj
 0001:00002910       ??DCVect3@@QBE?AV0@N@Z     00403910 f   PSINS.obj
 0001:00002990       ??DCVect3@@QBE?AV0@ABVCMat3@@@Z 00403990 f   PSINS.obj
 0001:00002a60       ??KCVect3@@QBE?AV0@N@Z     00403a60 f   PSINS.obj
 0001:00002ae0       ??KCVect3@@QBE?AV0@ABV0@@Z 00403ae0 f   PSINS.obj
 0001:00002b60       ??4CVect3@@QAEAAV0@N@Z     00403b60 f   PSINS.obj
 0001:00002bc0       ??4CVect3@@QAEAAV0@PBN@Z   00403bc0 f   PSINS.obj
 0001:00002c30       ??YCVect3@@QAEAAV0@ABV0@@Z 00403c30 f   PSINS.obj
 0001:00002c90       ??ZCVect3@@QAEAAV0@ABV0@@Z 00403c90 f   PSINS.obj
 0001:00002cf0       ??XCVect3@@QAEAAV0@N@Z     00403cf0 f   PSINS.obj
 0001:00002d50       ??_0CVect3@@QAEAAV0@N@Z    00403d50 f   PSINS.obj
 0001:00002db0       ??_0CVect3@@QAEAAV0@ABV0@@Z 00403db0 f   PSINS.obj
 0001:00002e10       ??D@YA?AVCVect3@@NABV0@@Z  00403e10 f   PSINS.obj
 0001:00002e80       ??G@YA?AVCVect3@@ABV0@@Z   00403e80 f   PSINS.obj
 0001:00002ef0       ?vxv@@YA?AVCMat3@@ABVCVect3@@0@Z 00403ef0 f   PSINS.obj
 0001:00002fe0       ?sqrt@@YA?AVCVect3@@ABV1@@Z 00403fe0 f   PSINS.obj
 0001:00003060       ?pow@@YA?AVCVect3@@ABV1@H@Z 00404060 f   PSINS.obj
 0001:000030e0       ?abs@@YA?AVCVect3@@ABV1@@Z 004040e0 f   PSINS.obj
 0001:000031d0       ?maxabs@@YA?AVCVect3@@ABV1@0@Z 004041d0 f   PSINS.obj
 0001:000033d0       ?norm@@YANABVCVect3@@@Z    004043d0 f   PSINS.obj
 0001:00003430       ?normInf@@YANABVCVect3@@@Z 00404430 f   PSINS.obj
 0001:00003570       ?normXY@@YANABVCVect3@@@Z  00404570 f   PSINS.obj
 0001:000035c0       ?normXYInf@@YANABVCVect3@@@Z 004045c0 f   PSINS.obj
 0001:00003680       ?dot@@YANABVCVect3@@0@Z    00404680 f   PSINS.obj
 0001:000036d0       ?dotmul@@YA?AVCVect3@@ABV1@0@Z 004046d0 f   PSINS.obj
 0001:00003750       ?rv2q@@YA?AVCQuat@@ABVCVect3@@@Z 00404750 f   PSINS.obj
 0001:000038a0       ?rv2m@@YA?AVCMat3@@ABVCVect3@@@Z 004048a0 f   PSINS.obj
 0001:00003900       ?askew@@YA?AVCMat3@@ABVCVect3@@@Z 00404900 f   PSINS.obj
 0001:000039a0       ?pos2Cen@@YA?AVCMat3@@ABVCVect3@@@Z 004049a0 f   PSINS.obj
 0001:00003aa0       ?pp2vn@@YA?AVCVect3@@ABV1@0NPAVCEarth@@@Z 00404aa0 f   PSINS.obj
 0001:00003bf0       ?sinAng@@YANABVCVect3@@0@Z 00404bf0 f   PSINS.obj
 0001:00003ca0       ?MagYaw@@YANABVCVect3@@0N@Z 00404ca0 f   PSINS.obj
 0001:00003d90       ?xyz2blh@@YA?AVCVect3@@ABV1@@Z 00404d90 f   PSINS.obj
 0001:00003f50       ?blh2xyz@@YA?AVCVect3@@ABV1@@Z 00404f50 f   PSINS.obj
 0001:00004060       ?Vxyz2enu@@YA?AVCVect3@@ABV1@0@Z 00405060 f   PSINS.obj
 0001:000040c0       ?v2double@@YA?AVCVect3@@N@Z 004050c0 f   PSINS.obj
 0001:00004190       ?v3double@@YA?AVCVect3@@N@Z 00405190 f   PSINS.obj
 0001:00004290       ?v5double@@YAXNAAVCVect3@@0@Z 00405290 f   PSINS.obj
 0001:00004380       ?sort@@YA?AVCVect3@@ABV1@@Z 00405380 f   PSINS.obj
 0001:00004450       ?attract@@YA?AVCVect3@@ABV1@00@Z 00405450 f   PSINS.obj
 0001:000045b0       ?ff2muxy@@YA?AVCVect3@@ABV1@0PBD1@Z 004055b0 f   PSINS.obj
 0001:000046c0       ??0CQuat@@QAE@XZ           004056c0 f   PSINS.obj
 0001:000046f0       ??0CQuat@@QAE@NABVCVect3@@@Z 004056f0 f   PSINS.obj
 0001:00004760       ??0CQuat@@QAE@NNNN@Z       00405760 f   PSINS.obj
 0001:000047d0       ??0CQuat@@QAE@PBN@Z        004057d0 f   PSINS.obj
 0001:00004860       ??HCQuat@@QBE?AV0@ABVCVect3@@@Z 00405860 f   PSINS.obj
 0001:000048f0       ??GCQuat@@QBE?AV0@ABVCVect3@@@Z 004058f0 f   PSINS.obj
 0001:00004970       ??GCQuat@@QBE?AVCVect3@@ABV0@@Z 00405970 f   PSINS.obj
 0001:00004ab0       ??DCQuat@@QBE?AV0@ABV0@@Z  00405ab0 f   PSINS.obj
 0001:00004be0       ??XCQuat@@QAEAAV0@ABV0@@Z  00405be0 f   PSINS.obj
 0001:00004c30       ??ZCQuat@@QAEAAV0@ABVCVect3@@@Z 00405c30 f   PSINS.obj
 0001:00004cb0       ??S@YA?AVCQuat@@ABV0@@Z    00405cb0 f   PSINS.obj
 0001:00004d30       ??DCQuat@@QBE?AVCVect3@@ABV1@@Z 00405d30 f   PSINS.obj
 0001:00004ec0       ?SetYaw@CQuat@@QAEXN@Z     00405ec0 f   PSINS.obj
 0001:00004f40       ?normlize@@YAXPAVCQuat@@@Z 00405f40 f   PSINS.obj
 0001:00004ff0       ?q2rv@@YA?AVCVect3@@ABVCQuat@@@Z 00405ff0 f   PSINS.obj
 0001:00005120       ?qq2phi@@YA?AVCVect3@@ABVCQuat@@0@Z 00406120 f   PSINS.obj
 0001:00005190       ?addmu@@YA?AVCQuat@@ABV1@ABVCVect3@@@Z 00406190 f   PSINS.obj
 0001:000051f0       ?UpDown@@YA?AVCQuat@@ABV1@@Z 004061f0 f   PSINS.obj
 0001:00005280       ??0CMat3@@QAE@XZ           00406280 f   PSINS.obj
 0001:000052b0       ??0CMat3@@QAE@N@Z          004062b0 f   PSINS.obj
 0001:00005360       ??0CMat3@@QAE@PBN@Z        00406360 f   PSINS.obj
 0001:00005470       ??0CMat3@@QAE@PBM@Z        00406470 f   PSINS.obj
 0001:00005550       ??0CMat3@@QAE@NNN@Z        00406550 f   PSINS.obj
 0001:00005610       ??0CMat3@@QAE@NNNNNNNNN@Z  00406610 f   PSINS.obj
 0001:000056c0       ??0CMat3@@QAE@ABVCVect3@@00H@Z 004066c0 f   PSINS.obj
 0001:00005840       ?sv2att@@YA?AVCVect3@@ABV1@N0@Z 00406840 f   PSINS.obj
 0001:00005990       ?dv2att@@YA?AVCVect3@@ABV1@000@Z 00406990 f   PSINS.obj
 0001:00005c20       ?mv2att@@YA?AVCVect3@@HPBV1@0ZZ 00406c20 f   PSINS.obj
 0001:00005d20       ?vn2att@@YA?AVCVect3@@ABV1@@Z 00406d20 f   PSINS.obj
 0001:00005de0       ??G@YA?AVCMat3@@ABV0@@Z    00406de0 f   PSINS.obj
 0001:00005eb0       ??S@YA?AVCMat3@@ABV0@@Z    00406eb0 f   PSINS.obj
 0001:00005f60       ??DCMat3@@QBE?AV0@ABV0@@Z  00406f60 f   PSINS.obj
 0001:00006130       ??HCMat3@@QBE?AV0@ABV0@@Z  00407130 f   PSINS.obj
 0001:00006210       ??YCMat3@@QAEAAV0@ABV0@@Z  00407210 f   PSINS.obj
 0001:000062e0       ??HCMat3@@QBE?AV0@ABVCVect3@@@Z 004072e0 f   PSINS.obj
 0001:00006350       ??YCMat3@@QAEAAV0@ABVCVect3@@@Z 00407350 f   PSINS.obj
 0001:000063b0       ??GCMat3@@QBE?AV0@ABV0@@Z  004073b0 f   PSINS.obj
 0001:00006490       ??DCMat3@@QBE?AV0@N@Z      00407490 f   PSINS.obj
 0001:00006570       ?SetRow@CMat3@@QAEXHABVCVect3@@@Z 00407570 f   PSINS.obj
 0001:000065e0       ?SetClm@CMat3@@QAEXHABVCVect3@@@Z 004075e0 f   PSINS.obj
 0001:00006650       ?GetRow@CMat3@@QBE?AVCVect3@@H@Z 00407650 f   PSINS.obj
 0001:000066d0       ?GetClm@CMat3@@QBE?AVCVect3@@H@Z 004076d0 f   PSINS.obj
 0001:00006750       ?Rot@@YA?AVCMat3@@ND@Z     00407750 f   PSINS.obj
 0001:000068d0       ?rcijk@@YA?AVCMat3@@ABV1@H@Z 004078d0 f   PSINS.obj
 0001:00006cb0       ?symmetry@@YAXAAVCMat3@@@Z 00407cb0 f   PSINS.obj
 0001:00006d50       ??D@YA?AVCMat3@@NABV0@@Z   00407d50 f   PSINS.obj
 0001:00006e20       ??DCMat3@@QBE?AVCVect3@@ABV1@@Z 00407e20 f   PSINS.obj
 0001:00006ef0       ?dotmul@@YA?AVCMat3@@ABV1@0@Z 00407ef0 f   PSINS.obj
 0001:00006fc0       ?det@@YANABVCMat3@@@Z      00407fc0 f   PSINS.obj
 0001:00007050       ?trace@@YANABVCMat3@@@Z    00408050 f   PSINS.obj
 0001:00007080       ?pow@@YA?AVCMat3@@ABV1@H@Z 00408080 f   PSINS.obj
 0001:00007110       ?a2qua@@YA?AVCQuat@@NNN@Z  00408110 f   PSINS.obj
 0001:00007250       ?a2qua@@YA?AVCQuat@@ABVCVect3@@@Z 00408250 f   PSINS.obj
 0001:000072c0       ?a2mat@@YA?AVCMat3@@ABVCVect3@@@Z 004082c0 f   PSINS.obj
 0001:00007410       ?ar2mat@@YA?AVCMat3@@ABVCVect3@@@Z 00408410 f   PSINS.obj
 0001:00007560       ?ar2qua@@YA?AVCQuat@@ABVCVect3@@@Z 00408560 f   PSINS.obj
 0001:000075c0       ?m2att@@YA?AVCVect3@@ABVCMat3@@@Z 004085c0 f   PSINS.obj
 0001:00007680       ?m2attr@@YA?AVCVect3@@ABVCMat3@@@Z 00408680 f   PSINS.obj
 0001:00007740       ?q2attr@@YA?AVCVect3@@ABVCQuat@@@Z 00408740 f   PSINS.obj
 0001:000077a0       ?m2rv@@YA?AVCVect3@@ABVCMat3@@@Z 004087a0 f   PSINS.obj
 0001:000078b0       ?m2qua@@YA?AVCQuat@@ABVCMat3@@@Z 004088b0 f   PSINS.obj
 0001:00007b80       ?q2att@@YA?AVCVect3@@ABVCQuat@@@Z 00408b80 f   PSINS.obj
 0001:00007cf0       ?q2mat@@YA?AVCMat3@@ABVCQuat@@@Z 00408cf0 f   PSINS.obj
 0001:00007e50       ?Ka2Cba@@YA?AVCMat3@@ABV1@PAVCVect3@@@Z 00408e50 f   PSINS.obj
 0001:00007f50       ?Cba2Ka@@YA?AVCMat3@@ABV1@VCVect3@@@Z 00408f50 f   PSINS.obj
 0001:00007ff0       ?adj@@YA?AVCMat3@@ABV1@@Z  00408ff0 f   PSINS.obj
 0001:00008150       ?inv@@YA?AVCMat3@@ABV1@@Z  00409150 f   PSINS.obj
 0001:000081f0       ?diag@@YA?AVCVect3@@ABVCMat3@@@Z 004091f0 f   PSINS.obj
 0001:00008250       ?diag@@YA?AVCMat3@@ABVCVect3@@@Z 00409250 f   PSINS.obj
 0001:000082e0       ?askew@@YA?AVCMat3@@ABV1@H@Z 004092e0 f   PSINS.obj
 0001:00008410       ?MMT@@YA?AVCMat3@@ABV1@0@Z 00409410 f   PSINS.obj
 0001:000085a0       ?trMMT@@YANABVCMat3@@0@Z   004095a0 f   PSINS.obj
 0001:00008660       ?norm@@YANABVCMat3@@@Z     00409660 f   PSINS.obj
 0001:000086b0       ?sfoam@@YA?AVCMat3@@ABV1@H@Z 004096b0 f   PSINS.obj
 0001:00008dc0       ??0CMat@@QAE@XZ            00409dc0 f   PSINS.obj
 0001:00008df0       ??0CMat@@QAE@HH@Z          00409df0 f   PSINS.obj
 0001:00008e40       ??0CMat@@QAE@HHN@Z         00409e40 f   PSINS.obj
 0001:00008ed0       ??0CMat@@QAA@HHNNZZ        00409ed0 f   PSINS.obj
 0001:00008f80       ??0CMat@@QAE@HHPBN@Z       00409f80 f   PSINS.obj
 0001:00009000       ?Clear@CMat@@QAEXXZ        0040a000 f   PSINS.obj
 0001:00009070       ??DCMat@@QBE?AV0@ABV0@@Z   0040a070 f   PSINS.obj
 0001:00009260       ??DCMat@@QBE?AVCVect@@ABV1@@Z 0040a260 f   PSINS.obj
 0001:000093b0       ??HCMat@@QBE?AV0@ABV0@@Z   0040a3b0 f   PSINS.obj
 0001:000094b0       ??YCMat@@QAEAAV0@ABVCVect@@@Z 0040a4b0 f   PSINS.obj
 0001:00009540       ??GCMat@@QBE?AV0@ABV0@@Z   0040a540 f   PSINS.obj
 0001:00009640       ??DCMat@@QBE?AV0@N@Z       0040a640 f   PSINS.obj
 0001:00009720       ??4CMat@@QAEAAV0@N@Z       0040a720 f   PSINS.obj
 0001:00009790       ??YCMat@@QAEAAV0@ABV0@@Z   0040a790 f   PSINS.obj
 0001:00009810       ??ZCMat@@QAEAAV0@ABV0@@Z   0040a810 f   PSINS.obj
 0001:00009890       ??XCMat@@QAEAAV0@N@Z       0040a890 f   PSINS.obj
 0001:00009900       ??ECMat@@QAEAAV0@XZ        0040a900 f   PSINS.obj
 0001:00009980       ??S@YA?AVCMat@@ABV0@@Z     0040a980 f   PSINS.obj
 0001:00009a80       ?symmetry@@YAXAAVCMat@@@Z  0040aa80 f   PSINS.obj
 0001:00009b70       ?trace@@YANABVCMat@@@Z     0040ab70 f   PSINS.obj
 0001:00009bf0       ?dotmul@@YA?AVCMat@@ABV1@0@Z 0040abf0 f   PSINS.obj
 0001:00009ce0       ??RCMat@@QAEAANHH@Z        0040ace0 f   PSINS.obj
 0001:00009d30       ?SetRow@CMat@@QAAXHNZZ     0040ad30 f   PSINS.obj
 0001:00009dc0       ?SetRow@CMat@@QAEXHABVCVect@@@Z 0040adc0 f   PSINS.obj
 0001:00009e40       ?SetClm@CMat@@QAAXHNZZ     0040ae40 f   PSINS.obj
 0001:00009ed0       ?SetClm@CMat@@QAEXHABVCVect@@@Z 0040aed0 f   PSINS.obj
 0001:00009f50       ?SetClmVect3@CMat@@QAEXHHABVCVect3@@@Z 0040af50 f   PSINS.obj
 0001:00009fe0       ?SetClmVect3@CMat@@QAEXHHABVCVect3@@0@Z 0040afe0 f   PSINS.obj
 0001:0000a0b0       ?SetClmVect3@CMat@@QAEXHHABVCVect3@@00@Z 0040b0b0 f   PSINS.obj
 0001:0000a1b0       ?SetRowVect3@CMat@@QAEXHHABVCVect3@@@Z 0040b1b0 f   PSINS.obj
 0001:0000a200       ?SetRowVect3@CMat@@QAEXHHABVCVect3@@0@Z 0040b200 f   PSINS.obj
 0001:0000a260       ?SetRowVect3@CMat@@QAEXHHABVCVect3@@00@Z 0040b260 f   PSINS.obj
 0001:0000a2e0       ?GetRowVect3@CMat@@QBE?AVCVect3@@HH@Z 0040b2e0 f   PSINS.obj
 0001:0000a330       ?GetClmVect3@CMat@@QBE?AVCVect3@@HH@Z 0040b330 f   PSINS.obj
 0001:0000a3e0       ?SetDiagVect3@CMat@@QAEXHHABVCVect3@@@Z 0040b3e0 f   PSINS.obj
 0001:0000a470       ?GetDiagVect3@CMat@@QBE?AVCVect3@@HH@Z 0040b470 f   PSINS.obj
 0001:0000a530       ?SetAskew@CMat@@QAEXHHABVCVect3@@@Z 0040b530 f   PSINS.obj
 0001:0000a620       ?SetMat3@CMat@@QAEXHHABVCMat3@@@Z 0040b620 f   PSINS.obj
 0001:0000a6b0       ?SetMat3@CMat@@QAEXHHABVCMat3@@0@Z 0040b6b0 f   PSINS.obj
 0001:0000a770       ?SetMat3@CMat@@QAEXHHABVCMat3@@00@Z 0040b770 f   PSINS.obj
 0001:0000a870       ?GetMat3@CMat@@QBE?AVCMat3@@HH@Z 0040b870 f   PSINS.obj
 0001:0000a930       ?SubAddMat3@CMat@@QAEXHHABVCMat3@@@Z 0040b930 f   PSINS.obj
 0001:0000a9c0       ?GetRow@CMat@@QBE?AVCVect@@H@Z 0040b9c0 f   PSINS.obj
 0001:0000aaa0       ?GetClm@CMat@@QBE?AVCVect@@H@Z 0040baa0 f   PSINS.obj
 0001:0000ab80       ?ZeroRow@CMat@@QAEXH@Z     0040bb80 f   PSINS.obj
 0001:0000abf0       ?ZeroClm@CMat@@QAEXH@Z     0040bbf0 f   PSINS.obj
 0001:0000ac60       ?SetDiag@CMat@@QAAXNZZ     0040bc60 f   PSINS.obj
 0001:0000ad40       ?SetDiag2@CMat@@QAAXNZZ    0040bd40 f   PSINS.obj
 0001:0000ae20       ?norm1@@YANABVCMat@@@Z     0040be20 f   PSINS.obj
 0001:0000ae60       ?normInf@@YANABVCMat@@@Z   0040be60 f   PSINS.obj
 0001:0000aea0       ?diag@@YA?AVCVect@@ABVCMat@@@Z 0040bea0 f   PSINS.obj
 0001:0000af80       ?eye@@YA?AVCMat@@H@Z       0040bf80 f   PSINS.obj
 0001:0000b040       ?inv4@@YA?AVCMat@@ABV1@@Z  0040c040 f   PSINS.obj
 0001:0000b320       ?RowMul@@YAXAAVCMat@@ABV1@1HH@Z 0040c320 f   PSINS.obj
 0001:0000b440       ?RowMulT@@YAXAAVCMat@@ABV1@1HH@Z 0040c440 f   PSINS.obj
 0001:0000b560       ?diag@@YA?AVCMat@@ABVCVect@@@Z 0040c560 f   PSINS.obj
 0001:0000b670       ?DVMDVafa@@YAXABVCVect@@AAVCMat@@N@Z 0040c670 f   PSINS.obj
 0001:0000b760       ??0CVect@@QAE@XZ           0040c760 f   PSINS.obj
 0001:0000b790       ??0CVect@@QAE@HH@Z         0040c790 f   PSINS.obj
 0001:0000b800       ??0CVect@@QAE@HN@Z         0040c800 f   PSINS.obj
 0001:0000b880       ??0CVect@@QAE@HPBN@Z       0040c880 f   PSINS.obj
 0001:0000b900       ??0CVect@@QAA@HNNZZ        0040c900 f   PSINS.obj
 0001:0000b9e0       ??0CVect@@QAE@ABVCVect3@@@Z 0040c9e0 f   PSINS.obj
 0001:0000ba70       ??0CVect@@QAE@ABVCVect3@@V1@@Z 0040ca70 f   PSINS.obj
 0001:0000bb20       ??S@YA?AVCVect@@ABV0@@Z    0040cb20 f   PSINS.obj
 0001:0000bb80       ??DCVect@@QBE?AV0@ABVCMat@@@Z 0040cb80 f   PSINS.obj
 0001:0000bce0       ??DCVect@@QBE?AVCMat@@ABV0@@Z 0040cce0 f   PSINS.obj
 0001:0000bea0       ??HCVect@@QBE?AV0@ABV0@@Z  0040cea0 f   PSINS.obj
 0001:0000bf80       ??GCVect@@QBE?AV0@ABV0@@Z  0040cf80 f   PSINS.obj
 0001:0000c060       ??DCVect@@QBE?AV0@N@Z      0040d060 f   PSINS.obj
 0001:0000c140       ??4CVect@@QAEAAV0@N@Z      0040d140 f   PSINS.obj
 0001:0000c1b0       ??4CVect@@QAEAAV0@PBN@Z    0040d1b0 f   PSINS.obj
 0001:0000c220       ??4CVect@@QAEAAV0@ABVCMat3@@@Z 0040d220 f   PSINS.obj
 0001:0000c290       ??YCVect@@QAEAAV0@ABV0@@Z  0040d290 f   PSINS.obj
 0001:0000c310       ??ZCVect@@QAEAAV0@ABV0@@Z  0040d310 f   PSINS.obj
 0001:0000c390       ??XCVect@@QAEAAV0@N@Z      0040d390 f   PSINS.obj
 0001:0000c400       ?dot@@YANABVCVect@@0@Z     0040d400 f   PSINS.obj
 0001:0000c480       ?dotmul@@YA?AVCVect@@ABV1@0@Z 0040d480 f   PSINS.obj
 0001:0000c570       ?pow@@YA?AVCVect@@ABV1@H@Z 0040d570 f   PSINS.obj
 0001:0000c660       ?abs@@YA?AVCVect@@ABV1@@Z  0040d660 f   PSINS.obj
 0001:0000c770       ?norm@@YANABVCVect@@@Z     0040d770 f   PSINS.obj
 0001:0000c7b0       ?norm1@@YANABVCVect@@@Z    0040d7b0 f   PSINS.obj
 0001:0000c7f0       ?normInf@@YANABVCVect@@@Z  0040d7f0 f   PSINS.obj
 0001:0000c830       ??RCVect@@QAEAANH@Z        0040d830 f   PSINS.obj
 0001:0000c860       ?Set@CVect@@QAAXNZZ        0040d860 f   PSINS.obj
 0001:0000c8f0       ?Set2@CVect@@QAAXNZZ       0040d8f0 f   PSINS.obj
 0001:0000c980       ?SetVect3@CVect@@QAEXHABVCVect3@@@Z 0040d980 f   PSINS.obj
 0001:0000c9c0       ?Set2Vect3@CVect@@QAEXHABVCVect3@@@Z 0040d9c0 f   PSINS.obj
 0001:0000ca40       ?SetBit@CVect@@QAEXIN@Z    0040da40 f   PSINS.obj
 0001:0000cab0       ?SetBit@CVect@@QAEXIABVCVect3@@@Z 0040dab0 f   PSINS.obj
 0001:0000cb40       ?GetVect3@CVect@@QBE?AVCVect3@@H@Z 0040db40 f   PSINS.obj
 0001:0000cb80       ?sort@@YA?AVCVect@@ABV1@@Z 0040db80 f   PSINS.obj
 0001:0000cca0       ??0CPolyfit@@QAE@XZ        0040dca0 f   PSINS.obj
 0001:0000ccd0       ?Init@CPolyfit@@UAEXNHN@Z  0040dcd0 f   PSINS.obj
 0001:0000ce10       ?SetP@CPolyfit@@QAAXNZZ    0040de10 f   PSINS.obj
 0001:0000ce90       ?SetUD@CPolyfit@@QAAXNZZ   0040de90 f   PSINS.obj
 0001:0000cf80       ?SetHk@CPolyfit@@QAAXNZZ   0040df80 f   PSINS.obj
 0001:0000d000       ?UpdateP@CPolyfit@@QAEXN@Z 0040e000 f   PSINS.obj
 0001:0000d280       ?Update@CPolyfit@@QAEXNN@Z 0040e280 f   PSINS.obj
 0001:0000d3a0       ?eval@CPolyfit@@QAENN@Z    0040e3a0 f   PSINS.obj
 0001:0000d470       ??0CPolyfit3@@QAE@XZ       0040e470 f   PSINS.obj
 0001:0000d4d0       ??_H@YGXPAXIHP6EX0@Z@Z     0040e4d0 f i PSINS.obj
 0001:0000d530       ?Init@CPolyfit3@@UAEXNHN@Z 0040e530 f   PSINS.obj
 0001:0000d5c0       ?Update@CPolyfit3@@QAEXABVCVect3@@N@Z 0040e5c0 f   PSINS.obj
 0001:0000d720       ?eval@CPolyfit3@@QAE?AVCVect3@@N@Z 0040e720 f   PSINS.obj
 0001:0000d840       ??0CIIR@@QAE@XZ            0040e840 f   PSINS.obj
 0001:0000d870       ??0CIIR@@QAE@PAN0H@Z       0040e870 f   PSINS.obj
 0001:0000d930       ?Update@CIIR@@QAENN@Z      0040e930 f   PSINS.obj
 0001:0000da40       ??0CIIRV3@@QAE@XZ          0040ea40 f   PSINS.obj
 0001:0000dab0       ??0CIIRV3@@QAE@PAN0H00H00H@Z 0040eab0 f   PSINS.obj
 0001:0000dbd0       ?Update@CIIRV3@@QAE?AVCVect3@@ABV2@@Z 0040ebd0 f   PSINS.obj
 0001:0000dc90       ??0CRAvar@@QAE@XZ          0040ec90 f   PSINS.obj
 0001:0000dcc0       ??0CRAvar@@QAE@HH@Z        0040ecc0 f   PSINS.obj
 0001:0000dd40       ?set@CRAvar@@QAEXNNNNH@Z   0040ed40 f   PSINS.obj
 0001:0000de60       ?set@CRAvar@@QAEXABVCVect3@@000@Z 0040ee60 f   PSINS.obj
 0001:0000df20       ?set@CRAvar@@QAEXABVCVect@@000@Z 0040ef20 f   PSINS.obj
 0001:0000dff0       ?Update@CRAvar@@QAEXNNH@Z  0040eff0 f   PSINS.obj
 0001:0000e1f0       ?Update@CRAvar@@QAEXABVCVect3@@N@Z 0040f1f0 f   PSINS.obj
 0001:0000e270       ?Update@CRAvar@@QAEXABVCVect@@N@Z 0040f270 f   PSINS.obj
 0001:0000e2f0       ??RCRAvar@@QBENH@Z         0040f2f0 f   PSINS.obj
 0001:0000e370       ??0CVAR@@QAE@HN@Z          0040f370 f   PSINS.obj
 0001:0000e430       ?Update@CVAR@@QAENNH@Z     0040f430 f   PSINS.obj
 0001:0000e5b0       ??0CVARn@@QAE@XZ           0040f5b0 f   PSINS.obj
 0001:0000e5f0       ??0CVARn@@QAE@HH@Z         0040f5f0 f   PSINS.obj
 0001:0000e770       ??1CVARn@@QAE@XZ           0040f770 f   PSINS.obj
 0001:0000e7d0       ?Reset@CVARn@@QAEXXZ       0040f7d0 f   PSINS.obj
 0001:0000e860       ?Update@CVARn@@QAEHPBN@Z   0040f860 f   PSINS.obj
 0001:0000eaa0       ?Update@CVARn@@QAAHNZZ     0040faa0 f   PSINS.obj
 0001:0000eb30       ??0CContLarge@@QAE@XZ      0040fb30 f   PSINS.obj
 0001:0000eb60       ??0CContLarge@@QAE@NNH@Z   0040fb60 f   PSINS.obj
 0001:0000ebd0       ?Update@CContLarge@@QAEHNN@Z 0040fbd0 f   PSINS.obj
 0001:0000ec90       ??0CAbnomalCnt@@QAE@XZ     0040fc90 f   PSINS.obj
 0001:0000ecc0       ??0CAbnomalCnt@@QAE@HNNN@Z 0040fcc0 f   PSINS.obj
 0001:0000ed70       ?Update@CAbnomalCnt@@QAEHNN@Z 0040fd70 f   PSINS.obj
 0001:0000ee30       ??0CWzhold@@QAE@XZ         0040fe30 f   PSINS.obj
 0001:0000ee60       ?Init@CWzhold@@QAEXNNNH@Z  0040fe60 f   PSINS.obj
 0001:0000ef20       ?Reset@CWzhold@@QAEXXZ     0040ff20 f   PSINS.obj
 0001:0000ef90       ?Update@CWzhold@@QAEHN@Z   0040ff90 f   PSINS.obj
 0001:0000f2d0       ??0CMaxMin@@QAE@HHM@Z      004102d0 f   PSINS.obj
 0001:0000f320       ?Init@CMaxMin@@QAEXHHM@Z   00410320 f   PSINS.obj
 0001:0000f450       ?Restart@CMaxMin@@QAEXXZ   00410450 f   PSINS.obj
 0001:0000f4a0       ?Update@CMaxMin@@QAEHM@Z   004104a0 f   PSINS.obj
 0001:0000f680       ??0CMaxMinn@@QAE@HHHM@Z    00410680 f   PSINS.obj
 0001:0000f6e0       ??_FCMaxMin@@QAEXXZ        004106e0 f i PSINS.obj
 0001:0000f720       ?Init@CMaxMinn@@QAEXHHHM@Z 00410720 f   PSINS.obj
 0001:0000f7c0       ?Restart@CMaxMinn@@QAEXXZ  004107c0 f   PSINS.obj
 0001:0000f830       ?Update@CMaxMinn@@QAAHMZZ  00410830 f   PSINS.obj
 0001:0000f8d0       ?Update@CMaxMinn@@QAEHABVCVect3@@@Z 004108d0 f   PSINS.obj
 0001:0000f960       ?Update@CMaxMinn@@QAEHABVCVect3@@0@Z 00410960 f   PSINS.obj
 0001:0000fa40       ?Update@CMaxMinn@@QAEHABVCVect3@@00@Z 00410a40 f   PSINS.obj
 0001:0000fb70       ?Update@CMaxMinn@@QAEHABVCVect3@@000@Z 00410b70 f   PSINS.obj
 0001:0000fcf0       ?Update@CMaxMinn@@QAEHABVCVect3@@0000@Z 00410cf0 f   PSINS.obj
 0001:0000fed0       ?ResFloat@CMaxMinn@@QAEMHH@Z 00410ed0 f   PSINS.obj
 0001:0000ff50       ?ResVect3@CMaxMinn@@QAE?AVCVect3@@HH@Z 00410f50 f   PSINS.obj
 0001:00010120       ??0CKalman@@QAE@XZ         00411120 f   PSINS.obj
 0001:00010380       ??0CKalman@@QAE@HH@Z       00411380 f   PSINS.obj
 0001:00010600       ?Init@CKalman@@QAEXHH@Z    00411600 f   PSINS.obj
 0001:00010bf0       ?SetRmmbt@CKalman@@QAEXNNNN@Z 00411bf0 f   PSINS.obj
 0001:00010cf0       ?SetRmaxcount@CKalman@@QAEXH@Z 00411cf0 f   PSINS.obj
 0001:00010d60       ?SetInnoMaxcount@CKalman@@QAEXH@Z 00411d60 f   PSINS.obj
 0001:00010dd0       ?SetZmm@CKalman@@QAEXHHNH@Z 00411dd0 f   PSINS.obj
 0001:00010e50       ?SetZmmVn@CKalman@@QAEXABVCVect3@@H@Z 00411e50 f   PSINS.obj
 0001:00010ed0       ?SetZmmPos@CKalman@@QAEXABVCVect3@@H@Z 00411ed0 f   PSINS.obj
 0001:00010f50       ?TimeUpdate@CKalman@@QAEXNH@Z 00411f50 f   PSINS.obj
 0001:00011170       ?SetMeasFlag@CKalman@@QAEXIH@Z 00412170 f   PSINS.obj
 0001:000111e0       ?SetMeasMask@CKalman@@QAEXIH@Z 004121e0 f   PSINS.obj
 0001:000112a0       ?SetMeasStop@CKalman@@QAEXIN@Z 004122a0 f   PSINS.obj
 0001:00011340       ?SetRadptStop@CKalman@@QAEXIN@Z 00412340 f   PSINS.obj
 0001:00011390       ?MeasUpdate@CKalman@@QAEHN@Z 00412390 f   PSINS.obj
 0001:00011730       ?MeasUD@@YAXQAN0QBNN0H@Z   00412730 f   PSINS.obj
 0001:00011a60       ?RAdaptive@CKalman@@QAEHHNN@Z 00412a60 f   PSINS.obj
 0001:00011c80       ?RPkFading@CKalman@@QAEXH@Z 00412c80 f   PSINS.obj
 0001:00011d70       ?ZmmPkSet@CKalman@@QAEXH@Z 00412d70 f   PSINS.obj
 0001:00011e40       ?XPConstrain@CKalman@@QAEXXZ 00412e40 f   PSINS.obj
 0001:00012180       ?PmaxPminCheck@CKalman@@QAEXXZ 00413180 f   PSINS.obj
 0001:00012280       ?Feedback@CKalman@@UAEXHN@Z 00413280 f   PSINS.obj
 0001:000124d0       ?RtFading@CKalman@@QAEXHN@Z 004134d0 f   PSINS.obj
 0001:00012620       ?fusion@@YAXPAN0PBN1H00@Z  00413620 f   PSINS.obj
 0001:000127d0       ?fusion@@YAXAAVCVect3@@0V1@1@Z 004137d0 f   PSINS.obj
 0001:00012820       ?fusion@@YAXAAVCVect3@@0V1@100@Z 00413820 f   PSINS.obj
 0001:00012870       ??0CSINSTDKF@@QAE@XZ       00413870 f   PSINS.obj
 0001:00012950       ??0CSINSTDKF@@QAE@HH@Z     00413950 f   PSINS.obj
 0001:00012a70       ?Init@CSINSTDKF@@QAEXABVCSINS@@@Z 00413a70 f   PSINS.obj
 0001:00012c90       ?TDReset@CSINSTDKF@@QAEXXZ 00413c90 f   PSINS.obj
 0001:00012d00       ?Innovationi@CSINSTDKF@@QAENH@Z 00413d00 f   PSINS.obj
 0001:00012db0       ?TDUpdate@CSINSTDKF@@QAEHPBVCVect3@@0HNH@Z 00413db0 f   PSINS.obj
 0001:00013bd0       ?MeasUpdate@CSINSTDKF@@QAEXABVCVect@@NN@Z 00414bd0 f   PSINS.obj
 0001:00013d90       ?MarkovGyro@CSINSTDKF@@QAEXABVCVect3@@0H@Z 00414d90 f   PSINS.obj
 0001:00013e10       ?MarkovAcc@CSINSTDKF@@QAEXABVCVect3@@0H@Z 00414e10 f   PSINS.obj
 0001:00013e90       ?SetYaw@CSINSTDKF@@QAEXNHH@Z 00414e90 f   PSINS.obj
 0001:00014090       ?PSetVertCh@CSINSTDKF@@QAEXNNN@Z 00415090 f   PSINS.obj
 0001:00014170       ?SetCalcuBurden@CSINSTDKF@@QAENIH@Z 00415170 f   PSINS.obj
 0001:000142f0       ??0CSINSGNSS@@QAE@XZ       004152f0 f   PSINS.obj
 0001:00014350       ??0CSINSGNSS@@QAE@HHNH@Z   00415350 f   PSINS.obj
 0001:00014580       ?Init@CSINSGNSS@@QAEXABVCSINS@@H@Z 00415580 f   PSINS.obj
 0001:00015920       ?SetFt@CSINSGNSS@@UAEXH@Z  00416920 f   PSINS.obj
 0001:00015d70       ?SetHk@CSINSGNSS@@UAEXH@Z  00416d70 f   PSINS.obj
 0001:00015ed0       ?Feedback@CSINSGNSS@@UAEXHN@Z 00416ed0 f   PSINS.obj
 0001:00016250       ?SetMeasGNSS@CSINSGNSS@@QAEXABVCVect3@@0NN@Z 00417250 f   PSINS.obj
 0001:00016420       ?MeasGNSSZvStop@CSINSGNSS@@QAEXAAVCVect3@@N@Z 00417420 f   PSINS.obj
 0001:000164e0       ?MeasGNSSZpStop@CSINSGNSS@@QAEXAAVCVect3@@N@Z 004174e0 f   PSINS.obj
 0001:000165a0       ?MeasGNSSZp2X@CSINSGNSS@@QAEXAAVCVect3@@@Z 004175a0 f   PSINS.obj
 0001:00016660       ?Update@CSINSGNSS@@QAEHPBVCVect3@@0HNH@Z 00417660 f   PSINS.obj
 0001:000166f0       ??6CSINSGNSS@@QAEXAAVCFileRdWt@@@Z 004176f0 f   PSINS.obj
 0001:000167f0       ??0CSysClbt@@QAE@XZ        004177f0 f   PSINS.obj
 0001:000168d0       ?SetHk@CSysClbt@@UAEXH@Z   004178d0 f i PSINS.obj
 0001:00016900       ?SetMeas@CSysClbt@@UAEXXZ  00417900 f i PSINS.obj
 0001:00016930       ?Init@CSysClbt@@QAEXABVCSINS@@NABVCMat3@@ABVCVect3@@2@Z 00417930 f   PSINS.obj
 0001:00016e80       ?NextIter@CSysClbt@@QAEXXZ 00417e80 f   PSINS.obj
 0001:00017280       ?SetFt@CSysClbt@@UAEXH@Z   00418280 f   PSINS.obj
 0001:00017640       ?Feedback@CSysClbt@@UAEXHN@Z 00418640 f   PSINS.obj
 0001:00017870       ?Correct@CSysClbt@@QAEXXZ  00418870 f   PSINS.obj
 0001:000179b0       ?Update@CSysClbt@@QAEHPBVCVect3@@0HN@Z 004189b0 f   PSINS.obj
 0001:00017ab0       ?Log@CSysClbt@@QAEXXZ      00418ab0 f   PSINS.obj
 0001:00017c50       ??0CPOS618@@QAE@XZ         00418c50 f   PSINS.obj
 0001:00017cf0       ??0CPOS618@@QAE@NNH@Z      00418cf0 f   PSINS.obj
 0001:00017f30       ??1CPOS618@@QAE@XZ         00418f30 f   PSINS.obj
 0001:00018120       ??_GCRMemory@@QAEPAXI@Z    00419120 f i PSINS.obj
 0001:00018180       ??_GCSmooth@@QAEPAXI@Z     00419180 f i PSINS.obj
 0001:000181e0       ??_GCFileRdWt@@QAEPAXI@Z   004191e0 f i PSINS.obj
 0001:00018240       ?Load@CPOS618@@QAEHPADNN@Z 00419240 f   PSINS.obj
 0001:000186b0       ?Init@CPOS618@@QAEXNABVCVect3@@@Z 004196b0 f   PSINS.obj
 0001:00018b70       ?Forward@CPOS618@@QAEXXZ   00419b70 f   PSINS.obj
 0001:00018f10       ?Backward@CPOS618@@QAEXXZ  00419f10 f   PSINS.obj
 0001:00019410       ?Reverse@CPOS618@@QAEXXZ   0041a410 f   PSINS.obj
 0001:00019640       ?Smooth@CPOS618@@QAEXXZ    0041a640 f   PSINS.obj
 0001:00019670       ?Process@CPOS618@@QAEXPADH@Z 0041a670 f   PSINS.obj
 0001:00019750       ??0CSINSGNSSCNS@@QAE@XZ    0041a750 f   PSINS.obj
 0001:000197b0       ??0CSINSGNSSCNS@@QAE@N@Z   0041a7b0 f   PSINS.obj
 0001:00019880       ?SetCNS@CSINSGNSSCNS@@QAEXHHHNNN@Z 0041a880 f   PSINS.obj
 0001:00019920       ?Init@CSINSGNSSCNS@@QAEXABVCSINS@@H@Z 0041a920 f   PSINS.obj
 0001:00019d10       ?SetHk@CSINSGNSSCNS@@UAEXH@Z 0041ad10 f   PSINS.obj
 0001:00019dc0       ?Feedback@CSINSGNSSCNS@@UAEXHN@Z 0041adc0 f   PSINS.obj
 0001:00019e50       ?SetMeasCNS@CSINSGNSSCNS@@QAEXAAVCQuat@@@Z 0041ae50 f   PSINS.obj
 0001:00019f40       ?SetMeasCNS@CSINSGNSSCNS@@QAEXAAVCVect3@@@Z 0041af40 f   PSINS.obj
 0001:0001a000       ??0CSINSGNSSDR@@QAE@XZ     0041b000 f   PSINS.obj
 0001:0001a080       ?SetHk@CSINSGNSSDR@@UAEXH@Z 0041b080 f i PSINS.obj
 0001:0001a0b0       ??0CSINSGNSSDR@@QAE@N@Z    0041b0b0 f   PSINS.obj
 0001:0001a240       ?Init@CSINSGNSSDR@@QAEXABVCSINS@@H@Z 0041b240 f   PSINS.obj
 0001:0001a840       ?SetFt@CSINSGNSSDR@@UAEXH@Z 0041b840 f   PSINS.obj
 0001:0001a9d0       ?Feedback@CSINSGNSSDR@@UAEXHN@Z 0041b9d0 f   PSINS.obj
 0001:0001aac0       ?SetMeas@CSINSGNSSDR@@UAEXXZ 0041bac0 f   PSINS.obj
 0001:0001ab50       ?SetMeasGNSS@CSINSGNSSDR@@QAEXABVCVect3@@0N@Z 0041bb50 f   PSINS.obj
 0001:0001ad90       ?Update@CSINSGNSSDR@@QAEHPBVCVect3@@0NHNH@Z 0041bd90 f   PSINS.obj
 0001:0001aef0       ??0CSINSGNSSOD@@QAE@XZ     0041bef0 f   PSINS.obj
 0001:0001aff0       ?SetMeas@CSINSGNSSOD@@UAEXXZ 0041bff0 f i PSINS.obj
 0001:0001b020       ??0CSINSGNSSOD@@QAE@HHNH@Z 0041c020 f   PSINS.obj
 0001:0001b210       ?Init@CSINSGNSSOD@@QAEXABVCSINS@@H@Z 0041c210 f   PSINS.obj
 0001:0001b2a0       ?SetDistance@CSINSGNSSOD@@QAEXN@Z 0041c2a0 f   PSINS.obj
 0001:0001b360       ?ODKappa@CSINSGNSSOD@@QAE?AVCVect3@@ABV2@@Z 0041c360 f   PSINS.obj
 0001:0001b460       ?ODVelUpdate@CSINSGNSSOD@@QAEHN@Z 0041c460 f   PSINS.obj
 0001:0001ba30       ?Update@CSINSGNSSOD@@QAEHPBVCVect3@@0NHNH@Z 0041ca30 f   PSINS.obj
 0001:0001bad0       ??6CSINSGNSSOD@@QAEXAAVCFileRdWt@@@Z 0041cad0 f   PSINS.obj
 0001:0001bc30       ??0CAutoDrive@@QAE@XZ      0041cc30 f   PSINS.obj
 0001:0001bca0       ?SetMeas@CAutoDrive@@UAEXXZ 0041cca0 f i PSINS.obj
 0001:0001bcd0       ??0CAutoDrive@@QAE@N@Z     0041ccd0 f   PSINS.obj
 0001:0001be90       ?Init@CAutoDrive@@QAEXABVCSINS@@H@Z 0041ce90 f   PSINS.obj
 0001:0001c370       ?SetFt@CAutoDrive@@UAEXH@Z 0041d370 f   PSINS.obj
 0001:0001c3b0       ?SetHk@CAutoDrive@@UAEXH@Z 0041d3b0 f   PSINS.obj
 0001:0001c3e0       ?Feedback@CAutoDrive@@UAEXHN@Z 0041d3e0 f   PSINS.obj
 0001:0001c4b0       ?ZUPTtest@CAutoDrive@@QAEXXZ 0041d4b0 f   PSINS.obj
 0001:0001c5b0       ?ZIHRtest@CAutoDrive@@QAEXXZ 0041d5b0 f   PSINS.obj
 0001:0001c6b0       ?NHCtest@CAutoDrive@@QAEXXZ 0041d6b0 f   PSINS.obj
 0001:0001c800       ?SetGNSSFixMode@CAutoDrive@@QAEXH@Z 0041d800 f   PSINS.obj
 0001:0001c9a0       ?Update@CAutoDrive@@QAEHPBVCVect3@@0NHNH@Z 0041d9a0 f   PSINS.obj
 0001:0001cb30       ??0CSGOClbt@@QAE@N@Z       0041db30 f   PSINS.obj
 0001:0001cc00       ?Init@CSGOClbt@@QAEXABVCSINS@@H@Z 0041dc00 f   PSINS.obj
 0001:0001d150       ?SetFt@CSGOClbt@@UAEXH@Z   0041e150 f   PSINS.obj
 0001:0001d1c0       ?SetHk@CSGOClbt@@UAEXH@Z   0041e1c0 f   PSINS.obj
 0001:0001d280       ?Feedback@CSGOClbt@@UAEXHN@Z 0041e280 f   PSINS.obj
 0001:0001d3c0       ?Update@CSGOClbt@@QAEHPBVCVect3@@0NHNH@Z 0041e3c0 f   PSINS.obj
 0001:0001d4a0       ??0CVAutoPOS@@QAE@XZ       0041e4a0 f   PSINS.obj
 0001:0001d4f0       ??0CVAutoPOS@@QAE@N@Z      0041e4f0 f   PSINS.obj
 0001:0001d550       ?Init@CVAutoPOS@@UAEXABVCSINS@@H@Z 0041e550 f   PSINS.obj
 0001:0001d7f0       ?SetFt@CVAutoPOS@@UAEXH@Z  0041e7f0 f   PSINS.obj
 0001:0001d830       ?SetHk@CVAutoPOS@@UAEXH@Z  0041e830 f   PSINS.obj
 0001:0001d860       ?Feedback@CVAutoPOS@@UAEXHN@Z 0041e860 f   PSINS.obj
 0001:0001d930       ?Update@CVAutoPOS@@QAEHPBVCVect3@@0NHNH@Z 0041e930 f   PSINS.obj
 0001:0001da10       ?Init@CCAM@@QAEXABVCVect3@@0NN@Z 0041ea10 f   PSINS.obj
 0001:0001dae0       ?Init@CCAM@@QAEXABVCVect3@@NN@Z 0041eae0 f   PSINS.obj
 0001:0001db50       ?Update@CCAM@@QAEXNNNN@Z   0041eb50 f   PSINS.obj
 0001:0001dc50       ?Update@CCAM@@QAEXNN@Z     0041ec50 f   PSINS.obj
 0001:0001deb0       ?Init@CCALLH@@QAEXAAVCSINS@@ABVCVect3@@@Z 0041eeb0 f   PSINS.obj
 0001:0001e080       ?Update@CCALLH@@QAEXABVCSINS@@ABVCVect3@@1@Z 0041f080 f   PSINS.obj
 0001:0001e270       ?Update@CCALLH@@QAEXABVCVect3@@0@Z 0041f270 f   PSINS.obj
 0001:0001e320       ?OutLLH@CCALLH@@QAEXXZ     0041f320 f   PSINS.obj
 0001:0001e520       ??0CEarth@@QAE@NNN@Z       0041f520 f   PSINS.obj
 0001:0001e680       ?Update@CEarth@@QAEXABVCVect3@@0H@Z 0041f680 f   PSINS.obj
 0001:0001ea40       ?vn2dpos@CEarth@@QBE?AVCVect3@@ABV2@N@Z 0041fa40 f   PSINS.obj
 0001:0001ead0       ??0CIMU@@QAE@XZ            0041fad0 f   PSINS.obj
 0001:0001f050       ?Reset@CIMU@@QAEXXZ        00420050 f   PSINS.obj
 0001:0001f0a0       ?SetRFU@CIMU@@QAEXPBD@Z    004200a0 f   PSINS.obj
 0001:0001f110       ?SetSf@CIMU@@QAEXABVCVect3@@0@Z 00420110 f   PSINS.obj
 0001:0001f170       ?SetTemp@CIMU@@QAEXPANH@Z  00420170 f   PSINS.obj
 0001:0001f240       ?SetKga@CIMU@@QAEXABVCMat3@@VCVect3@@0ABV3@@Z 00420240 f   PSINS.obj
 0001:0001f2c0       ?SetgSens@CIMU@@QAEXABVCMat3@@00@Z 004202c0 f   PSINS.obj
 0001:0001f370       ?SetKa2@CIMU@@QAEXABVCVect3@@@Z 00420370 f   PSINS.obj
 0001:0001f3c0       ?SetLvtGA@CIMU@@QAEXABVCVect3@@00N@Z 004203c0 f   PSINS.obj
 0001:0001f450       ?SetCba@CIMU@@QAEXABVCMat3@@@Z 00420450 f   PSINS.obj
 0001:0001f730       ?Update@CIMU@@QAENPBVCVect3@@0HN@Z 00420730 f   PSINS.obj
 0001:00020530       ?IMURFU@@YAXPAVCVect3@@HPBD@Z 00421530 f   PSINS.obj
 0001:00020690       ?IMURFU@@YAXPAVCVect3@@0HPBD@Z 00421690 f   PSINS.obj
 0001:000206f0       ?IMUStatic@@YAXAAVCVect3@@000N@Z 004216f0 f   PSINS.obj
 0001:00020820       ?lsclbt@@YA?AVCMat@@AAV1@0@Z 00421820 f   PSINS.obj
 0001:00020af0       ??0CSINS@@QAE@AANABVCVect3@@N@Z 00421af0 f   PSINS.obj
 0001:00020e60       ??0CSINS@@QAE@ABVCVect3@@00N@Z 00421e60 f   PSINS.obj
 0001:000211c0       ??0CSINS@@QAE@ABVCQuat@@ABVCVect3@@1N@Z 004221c0 f   PSINS.obj
 0001:00021510       ?Init@CSINS@@QAEXABVCQuat@@ABVCVect3@@1N@Z 00422510 f   PSINS.obj
 0001:00021a10       ?SetTauGA@CSINS@@QAEXABVCVect3@@0@Z 00422a10 f   PSINS.obj
 0001:00021c30       ?Update@CSINS@@QAEXPBVCVect3@@0HN@Z 00422c30 f   PSINS.obj
 0001:00022d00       ?Extrap@CSINS@@QAEXABVCVect3@@0N@Z 00423d00 f   PSINS.obj
 0001:00022ec0       ?Extrap@CSINS@@QAEXN@Z     00423ec0 f   PSINS.obj
 0001:00023040       ?lever@CSINS@@QAEXABVCVect3@@PAV2@1@Z 00424040 f   PSINS.obj
 0001:00023280       ?etm@CSINS@@QAEXXZ         00424280 f   PSINS.obj
 0001:000237b0       ?AddErr@CSINS@@QAEXABVCVect3@@00@Z 004247b0 f   PSINS.obj
 0001:00023860       ?AddErr@CSINS@@QAEXNABVCVect3@@0@Z 00424860 f   PSINS.obj
 0001:000238c0       ?DebugStop@CSINS@@QAEXNHH@Z 004248c0 f   PSINS.obj
 0001:00023980       ??0CDR@@QAE@XZ             00424980 f   PSINS.obj
 0001:00023a40       ?Init@CDR@@QAEXABVCSINS@@ABVCVect3@@@Z 00424a40 f   PSINS.obj
 0001:00023ad0       ?Init@CDR@@QAEXABVCVect3@@00N@Z 00424ad0 f   PSINS.obj
 0001:00023c70       ?Update@CDR@@QAEXABVCVect3@@NN@Z 00424c70 f   PSINS.obj
 0001:00023f00       ??0CCNS@@QAE@XZ            00424f00 f   PSINS.obj
 0001:00024070       ?SetdT@CCNS@@QAEXNN@Z      00425070 f   PSINS.obj
 0001:000240d0       ?Setxyp@CCNS@@QAEXNN@Z     004250d0 f   PSINS.obj
 0001:000241c0       ?JD@CCNS@@QAENHHHN@Z       004251c0 f   PSINS.obj
 0001:00024290       ?Precmat@CCNS@@QAE?AVCMat3@@N@Z 00425290 f   PSINS.obj
 0001:000243c0       ?Equinox@CCNS@@QAEXN@Z     004253c0 f   PSINS.obj
 0001:000245d0       ?Nutmat@CCNS@@QAE?AVCMat3@@N@Z 004255d0 f   PSINS.obj
 0001:000246c0       ?GAST@CCNS@@QAENNN@Z       004256c0 f   PSINS.obj
 0001:00024810       ?GetCie@CCNS@@QAE?AVCMat3@@NN@Z 00425810 f   PSINS.obj
 0001:00024990       ?GetCns@CCNS@@QAE?AVCMat3@@ABVCQuat@@ABVCVect3@@NABV2@@Z 00425990 f   PSINS.obj
 0001:00024ae0       ??0CAVPInterp@@QAE@XZ      00425ae0 f   PSINS.obj
 0001:00024b80       ?Init@CAVPInterp@@QAEXABVCSINS@@NH@Z 00425b80 f   PSINS.obj
 0001:00024c20       ?Init@CAVPInterp@@QAEXABVCVect3@@00N@Z 00425c20 f   PSINS.obj
 0001:00024d00       ?Push@CAVPInterp@@QAEXABVCSINS@@H@Z 00425d00 f   PSINS.obj
 0001:00024d90       ?Push@CAVPInterp@@QAEXABVCVect3@@00@Z 00425d90 f   PSINS.obj
 0001:00024e30       ?Interp@CAVPInterp@@QAEHNH@Z 00425e30 f   PSINS.obj
 0001:00025240       ?timestr@@YAPADHPAD@Z      00426240 f   PSINS.obj
 0001:000252f0       ?time2fname@@YAPADXZ       004262f0 f   PSINS.obj
 0001:00025340       ?DirI@CFileRdWt@@SAXPBD@Z  00426340 f   PSINS.obj
 0001:000253d0       ?DirO@CFileRdWt@@SAXPBD@Z  004263d0 f   PSINS.obj
 0001:00025460       ?Dir@CFileRdWt@@SAXPBD0@Z  00426460 f   PSINS.obj
 0001:000254c0       ??0CFileRdWt@@QAE@XZ       004264c0 f   PSINS.obj
 0001:000254f0       ??0CFileRdWt@@QAE@PBDH@Z   004264f0 f   PSINS.obj
 0001:00025560       ??1CFileRdWt@@QAE@XZ       00426560 f   PSINS.obj
 0001:000255b0       ?Init@CFileRdWt@@QAEXPBDH@Z 004265b0 f   PSINS.obj
 0001:00025980       ?load@CFileRdWt@@QAEHHH@Z  00426980 f   PSINS.obj
 0001:00025e50       ?loadf32@CFileRdWt@@QAEHH@Z 00426e50 f   PSINS.obj
 0001:00025f40       ?load@CFileRdWt@@QAEJPAEJ@Z 00426f40 f   PSINS.obj
 0001:00025ff0       ?bwseek@CFileRdWt@@QAEXHH@Z 00426ff0 f   PSINS.obj
 0001:00026060       ?filesize@CFileRdWt@@QAEJH@Z 00427060 f   PSINS.obj
 0001:00026130       ?getl@CFileRdWt@@QAEHXZ    00427130 f   PSINS.obj
 0001:00026190       ?savepos@CFileRdWt@@QAEJH@Z 00427190 f   PSINS.obj
 0001:00026200       ?restorepos@CFileRdWt@@QAEHH@Z 00427200 f   PSINS.obj
 0001:00026270       ?waitfor@CFileRdWt@@QAEHHNN@Z 00427270 f   PSINS.obj
 0001:00026310       ??6CFileRdWt@@QAEAAV0@N@Z  00427310 f   PSINS.obj
 0001:00026360       ??6CFileRdWt@@QAEAAV0@ABVCVect3@@@Z 00427360 f   PSINS.obj
 0001:000263b0       ??6CFileRdWt@@QAEAAV0@ABVCQuat@@@Z 004273b0 f   PSINS.obj
 0001:00026400       ??6CFileRdWt@@QAEAAV0@ABVCMat3@@@Z 00427400 f   PSINS.obj
 0001:00026450       ??6CFileRdWt@@QAEAAV0@ABVCVect@@@Z 00427450 f   PSINS.obj
 0001:000264b0       ??6CFileRdWt@@QAEAAV0@ABVCMat@@@Z 004274b0 f   PSINS.obj
 0001:00026510       ??6CFileRdWt@@QAEAAV0@ABVCRAvar@@@Z 00427510 f   PSINS.obj
 0001:00026570       ??6CFileRdWt@@QAEAAV0@ABVCMaxMinn@@@Z 00427570 f   PSINS.obj
 0001:00026680       ??6CFileRdWt@@QAEAAV0@ABVCAligni0@@@Z 00427680 f   PSINS.obj
 0001:00026710       ??6CFileRdWt@@QAEAAV0@ABVCPolyfit@@@Z 00427710 f   PSINS.obj
 0001:00026780       ??6CFileRdWt@@QAEAAV0@ABVCPolyfit3@@@Z 00427780 f   PSINS.obj
 0001:000267f0       ??6CFileRdWt@@QAEAAV0@ABVCIMU@@@Z 004277f0 f   PSINS.obj
 0001:00026860       ??6CFileRdWt@@QAEAAV0@ABVCSINS@@@Z 00427860 f   PSINS.obj
 0001:00026970       ??6CFileRdWt@@QAEAAV0@ABVCDR@@@Z 00427970 f   PSINS.obj
 0001:000269f0       ??6CFileRdWt@@QAEAAV0@ABVCRMemory@@@Z 004279f0 f   PSINS.obj
 0001:00026a40       ??6CFileRdWt@@QAEAAV0@AAVCKalman@@@Z 00427a40 f   PSINS.obj
 0001:00026b20       ??5CFileRdWt@@QAEAAV0@AAN@Z 00427b20 f   PSINS.obj
 0001:00026b70       ??5CFileRdWt@@QAEAAV0@AAVCVect3@@@Z 00427b70 f   PSINS.obj
 0001:00026bc0       ??5CFileRdWt@@QAEAAV0@AAVCQuat@@@Z 00427bc0 f   PSINS.obj
 0001:00026c10       ??5CFileRdWt@@QAEAAV0@AAVCMat3@@@Z 00427c10 f   PSINS.obj
 0001:00026c60       ??5CFileRdWt@@QAEAAV0@AAVCVect@@@Z 00427c60 f   PSINS.obj
 0001:00026cc0       ??5CFileRdWt@@QAEAAV0@AAVCMat@@@Z 00427cc0 f   PSINS.obj
 0001:00026d20       ??0CFileList@@QAE@PBD000@Z 00427d20 f   PSINS.obj
 0001:00026f60       ?NextFile@CFileList@@QAEPADXZ 00427f60 f   PSINS.obj
 0001:00027270       ??1CFileList@@QAE@XZ       00428270 f   PSINS.obj
 0001:00027340       ??0CFileLog@@QAE@XZ        00428340 f   PSINS.obj
 0001:00027390       ?LogSet@CFileLog@@QAEAAV1@HPBD@Z 00428390 f   PSINS.obj
 0001:000274b0       ??1CFileLog@@QAE@XZ        004284b0 f   PSINS.obj
 0001:00027510       ?LogTime@CFileLog@@QAEAAV1@H@Z 00428510 f   PSINS.obj
 0001:000275a0       ?LogRunTime@CFileLog@@QAEAAV1@H@Z 004285a0 f   PSINS.obj
 0001:00027620       ??6CFileLog@@QAEAAV0@PBD@Z 00428620 f   PSINS.obj
 0001:00027680       ??6CFileLog@@QAEAAV0@H@Z   00428680 f   PSINS.obj
 0001:000276e0       ??6CFileLog@@QAEAAV0@M@Z   004286e0 f   PSINS.obj
 0001:00027750       ??6CFileLog@@QAEAAV0@N@Z   00428750 f   PSINS.obj
 0001:000277b0       ??6CFileLog@@QAEAAV0@ABVCVect3@@@Z 004287b0 f   PSINS.obj
 0001:00027830       ??6CFileLog@@QAEAAV0@ABVCQuat@@@Z 00428830 f   PSINS.obj
 0001:000278c0       ??6CFileLog@@QAEAAV0@ABVCVect@@@Z 004288c0 f   PSINS.obj
 0001:00027950       ??6CFileLog@@QAEAAV0@ABVCMat3@@@Z 00428950 f   PSINS.obj
 0001:00027a40       ??6CFileLog@@QAEAAV0@ABVCMat@@@Z 00428a40 f   PSINS.obj
 0001:00027b20       ?Flush@CFileLog@@QAEXH@Z   00428b20 f   PSINS.obj
 0001:00027b90       ??0CFileCfg@@QAE@XZ        00428b90 f   PSINS.obj
 0001:00027bd0       ??1CFileCfg@@QAE@XZ        00428bd0 f   PSINS.obj
 0001:00027c30       ??6CFileCfg@@QAEAAV0@PBD@Z 00428c30 f   PSINS.obj
 0001:00027ce0       ??5CFileCfg@@QAEAAV0@PBD@Z 00428ce0 f   PSINS.obj
 0001:00027db0       ??6CFileCfg@@QAEAAV0@F@Z   00428db0 f   PSINS.obj
 0001:00027e00       ??6CFileCfg@@QAEAAV0@H@Z   00428e00 f   PSINS.obj
 0001:00027e50       ??6CFileCfg@@QAEAAV0@M@Z   00428e50 f   PSINS.obj
 0001:00027ea0       ??6CFileCfg@@QAEAAV0@N@Z   00428ea0 f   PSINS.obj
 0001:00027ef0       ??6CFileCfg@@QAEAAV0@ABVCVect3@@@Z 00428ef0 f   PSINS.obj
 0001:00027f40       ??6CFileCfg@@QAEAAV0@ABVCQuat@@@Z 00428f40 f   PSINS.obj
 0001:00027f90       ??6CFileCfg@@QAEAAV0@ABVCMat3@@@Z 00428f90 f   PSINS.obj
 0001:00027fe0       ??6CFileCfg@@QAEAAV0@ABVCMat@@@Z 00428fe0 f   PSINS.obj
 0001:00028040       ??5CFileCfg@@QAEAAV0@AAF@Z 00429040 f   PSINS.obj
 0001:000280b0       ??5CFileCfg@@QAEAAV0@AAH@Z 004290b0 f   PSINS.obj
 0001:00028120       ??5CFileCfg@@QAEAAV0@AAM@Z 00429120 f   PSINS.obj
 0001:000281a0       ??5CFileCfg@@QAEAAV0@AAN@Z 004291a0 f   PSINS.obj
 0001:00028230       ??5CFileCfg@@QAEAAV0@AAVCVect3@@@Z 00429230 f   PSINS.obj
 0001:000282c0       ??5CFileCfg@@QAEAAV0@AAVCQuat@@@Z 004292c0 f   PSINS.obj
 0001:00028360       ??5CFileCfg@@QAEAAV0@AAVCMat3@@@Z 00429360 f   PSINS.obj
 0001:00028400       ??4CFileCfg@@QAEAAV0@AAV0@@Z 00429400 f   PSINS.obj
 0001:00028440       ?WriteCfg@@YA?AVCFileCfg@@PBD0@Z 00429440 f   PSINS.obj
 0001:00028520       ?ReadCfg@@YA?AVCFileCfg@@PBD0@Z 00429520 f   PSINS.obj
 0001:00028600       ??0CRMemory@@QAE@XZ        00429600 f   PSINS.obj
 0001:00028630       ??0CRMemory@@QAE@JH@Z      00429630 f   PSINS.obj
 0001:000286d0       ??0CRMemory@@QAE@PAEJH@Z   004296d0 f   PSINS.obj
 0001:00028760       ??1CRMemory@@QAE@XZ        00429760 f   PSINS.obj
 0001:000287b0       ?pop@CRMemory@@QAEEPAE@Z   004297b0 f   PSINS.obj
 0001:000288a0       ?get@CRMemory@@QAEPAEH@Z   004298a0 f   PSINS.obj
 0001:000288e0       ?set@CRMemory@@QAEPAEHPBE@Z 004298e0 f   PSINS.obj
 0001:00028980       ?push@CRMemory@@QAEHPBE@Z  00429980 f   PSINS.obj
 0001:00028a90       ??0CSmooth@@QAE@HH@Z       00429a90 f   PSINS.obj
 0001:00028be0       ??1CSmooth@@QAE@XZ         00429be0 f   PSINS.obj
 0001:00028c50       ?Update@CSmooth@@QAE?AVCVect@@PBNPAN@Z 00429c50 f   PSINS.obj
 0001:00028da0       ??0CInterp@@QAE@PAPANHH@Z  00429da0 f   PSINS.obj
 0001:00028ec0       ??0CInterp@@QAE@PBDH@Z     00429ec0 f   PSINS.obj
 0001:000290e0       ??1CInterp@@QAE@XZ         0042a0e0 f   PSINS.obj
 0001:00029190       ?Interp@CInterp@@QAENNPAN@Z 0042a190 f   PSINS.obj
 0001:00029470       ??0CContinuousCnt@@QAE@H@Z 0042a470 f   PSINS.obj
 0001:000294c0       ?Update@CContinuousCnt@@QAEHH@Z 0042a4c0 f   PSINS.obj
 0001:00029560       ?Alignsb@@YA?AVCVect3@@V1@0N@Z 0042a560 f   PSINS.obj
 0001:000297b0       ??0CAligni0@@QAE@ABVCVect3@@0H@Z 0042a7b0 f   PSINS.obj
 0001:00029910       ?Init@CAligni0@@QAEXABVCVect3@@0H@Z 0042a910 f   PSINS.obj
 0001:00029aa0       ?Update@CAligni0@@QAE?AVCQuat@@PBVCVect3@@0HNABV3@@Z 0042aaa0 f   PSINS.obj
 0001:0002a120       ??0CAligni0fit@@QAE@XZ     0042b120 f   PSINS.obj
 0001:0002a230       ??0CAligni0fit@@QAE@ABVCVect3@@@Z 0042b230 f   PSINS.obj
 0001:0002a350       ?Init@CAligni0fit@@QAEXABVCVect3@@@Z 0042b350 f   PSINS.obj
 0001:0002a590       ?Update@CAligni0fit@@QAE?AVCQuat@@PBVCVect3@@0HN@Z 0042b590 f   PSINS.obj
 0001:0002ad40       ?pi0t@CAligni0fit@@QAE?AVCVect3@@N@Z 0042bd40 f   PSINS.obj
 0001:0002ae60       ?pib0t@CAligni0fit@@QAE?AVCVect3@@N@Z 0042be60 f   PSINS.obj
 0001:0002af40       ??0CAlignkf@@QAE@XZ        0042bf40 f   PSINS.obj
 0001:0002afa0       ??0CAlignkf@@QAE@N@Z       0042bfa0 f   PSINS.obj
 0001:0002b040       ??0CAlignkf@@QAE@ABVCSINS@@N@Z 0042c040 f   PSINS.obj
 0001:0002b0c0       ?Init@CAlignkf@@QAEXABVCSINS@@@Z 0042c0c0 f   PSINS.obj
 0001:0002b5b0       ?Update@CAlignkf@@QAEHPBVCVect3@@0HNH@Z 0042c5b0 f   PSINS.obj
 0001:0002b690       ?Update@CAlignkf@@QAEHPBVCVect3@@0HNABV2@H@Z 0042c690 f   PSINS.obj
 0001:0002b780       ??0CAligntrkang@@QAE@NNNN@Z 0042c780 f   PSINS.obj
 0001:0002b850       ?Init@CAligntrkang@@QAEXABVCSINS@@@Z 0042c850 f   PSINS.obj
 0001:0002bd30       ?Update@CAligntrkang@@QAEHPBVCVect3@@0HNABV2@H@Z 0042cd30 f   PSINS.obj
 0001:0002c040       ??0CAlignsv@@QAE@XZ        0042d040 f   PSINS.obj
 0001:0002c0a0       ??0CAlignsv@@QAE@N@Z       0042d0a0 f   PSINS.obj
 0001:0002c120       ??0CAlignsv@@QAE@ABVCVect3@@NNN@Z 0042d120 f   PSINS.obj
 0001:0002c1c0       ?Init@CAlignsv@@QAEXABVCVect3@@NNN@Z 0042d1c0 f   PSINS.obj
 0001:0002c3a0       ??1CAlignsv@@QAE@XZ        0042d3a0 f   PSINS.obj
 0001:0002c420       ?Update@CAlignsv@@QAEHPBVCVect3@@0H@Z 0042d420 f   PSINS.obj
 0001:0002c670       ??0CAligntf@@QAE@N@Z       0042d670 f   PSINS.obj
 0001:0002c710       ??0CAligntf@@QAE@ABVCSINS@@N@Z 0042d710 f   PSINS.obj
 0001:0002c790       ?Init@CAligntf@@QAEXABVCSINS@@@Z 0042d790 f   PSINS.obj
 0001:0002cca0       ?SetFt@CAligntf@@UAEXH@Z   0042dca0 f   PSINS.obj
 0001:0002cd20       ?SetHk@CAligntf@@UAEXH@Z   0042dd20 f   PSINS.obj
 0001:0002ce60       ?Feedback@CAligntf@@UAEXHN@Z 0042de60 f   PSINS.obj
 0001:0002cf50       ?Update@CAligntf@@QAEHPBVCVect3@@0HNH@Z 0042df50 f   PSINS.obj
 0001:0002cfe0       ?SetMeasVnAtt@CAligntf@@QAEXABVCVect3@@0@Z 0042dfe0 f   PSINS.obj
 0001:0002d150       ??6CAligntf@@QAEXAAVCFileRdWt@@@Z 0042e150 f   PSINS.obj
 0001:0002d210       ?swap16@@YAGG@Z            0042e210 f   PSINS.obj
 0001:0002d260       ?swap24@@YAPAEPAE0@Z       0042e260 f   PSINS.obj
 0001:0002d2c0       ?swap32@@YAII@Z            0042e2c0 f   PSINS.obj
 0001:0002d330       ?swap64@@YAKK@Z            0042e330 f   PSINS.obj
 0001:0002d3d0       ?int24@@YAPAEPAEH@Z        0042e3d0 f   PSINS.obj
 0001:0002d440       ?diffint24@@YAHPBE0@Z      0042e440 f   PSINS.obj
 0001:0002d520       ?r2dm@@YANN@Z              0042e520 f   PSINS.obj
 0001:0002d5c0       ?dm2r@@YANN@Z              0042e5c0 f   PSINS.obj
 0001:0002d660       ?logtrigger@@YAHHN@Z       0042e660 f   PSINS.obj
 0001:0002d6d0       ?IsZero@@YAHNN@Z           0042e6d0 f i PSINS.obj
 0001:0002d720       ?sign@@YAHNN@Z             0042e720 f   PSINS.obj
 0001:0002d780       ?range@@YANNNN@Z           0042e780 f   PSINS.obj
 0001:0002d7f0       ?maxn@@YANPBNH@Z           0042e7f0 f   PSINS.obj
 0001:0002d860       ?minn@@YANPBNH@Z           0042e860 f   PSINS.obj
 0001:0002d8d0       ?norm1@@YANPBNH@Z          0042e8d0 f   PSINS.obj
 0001:0002d950       ?norm@@YANPBNH@Z           0042e950 f   PSINS.obj
 0001:0002d9d0       ?normInf@@YANPBNH@Z        0042e9d0 f   PSINS.obj
 0001:0002da60       ?attract@@YANNNN@Z         0042ea60 f   PSINS.obj
 0001:0002dad0       ?polyval@@YANPBNHN@Z       0042ead0 f   PSINS.obj
 0001:0002db30       ?atan2Ex@@YANNN@Z          0042eb30 f   PSINS.obj
 0001:0002dbd0       ?diffYaw@@YANNN@Z          0042ebd0 f   PSINS.obj
 0001:0002dc40       ?MKQt@@YANNN@Z             0042ec40 f   PSINS.obj
 0001:0002dc70       ?MKQt@@YA?AVCVect3@@ABV1@0@Z 0042ec70 f   PSINS.obj
 0001:0002dd00       ?randn@@YANNN@Z            0042ed00 f   PSINS.obj
 0001:0002ddc0       ?randn@@YA?AVCVect3@@ABV1@0@Z 0042edc0 f   PSINS.obj
 0001:0002de70       ?randn@@YA?AVCVect@@ABV1@0@Z 0042ee70 f   PSINS.obj
 0001:0002df70       ?randn@@YA?AVCMat3@@ABV1@ABN@Z 0042ef70 f   PSINS.obj
 0001:0002e010       ?randn@@YA?AVCMat@@ABV1@ABN@Z 0042f010 f   PSINS.obj
 0001:0002e100       ?sizedisp@@YAXH@Z          0042f100 f   PSINS.obj
 0001:0002e220       ?Demo_User@@YAXXZ          0042f220 f   PSINS_Demo.obj
 0001:0002e5c0       ?Demo_CIIRV3@@YAXXZ        0042f5c0 f   PSINS_Demo.obj
 0001:0002e7a0       ?Demo_CMaxMin@@YAXXZ       0042f7a0 f   PSINS_Demo.obj
 0001:0002e910       ?Demo_CVAR@@YAXXZ          0042f910 f   PSINS_Demo.obj
 0001:0002ea60       ?Demo_CVARn@@YAXXZ         0042fa60 f   PSINS_Demo.obj
 0001:0002ebd0       ?Demo_CRAvar@@YAXXZ        0042fbd0 f   PSINS_Demo.obj
 0001:0002ed60       ?Demo_CSINS_static@@YAXXZ  0042fd60 f   PSINS_Demo.obj
 0001:0002f200       ?Demo_CAlignsv@@YAXXZ      00430200 f   PSINS_Demo.obj
 0001:0002f3d0       ??0CFileIMU6@@QAE@PBD@Z    004303d0 f i PSINS_Demo.obj
 0001:0002f670       ??1CFileIMU6@@QAE@XZ       00430670 f i PSINS_Demo.obj
 0001:0002f6b0       ?Demo_CAligntf@@YAXXZ      004306b0 f   PSINS_Demo.obj
 0001:0002f980       ?load@CFileIMU6@@QAEHHH@Z  00430980 f i PSINS_Demo.obj
 0001:0002fa90       ?Demo_CAlign_CSINS@@YAXXZ  00430a90 f   PSINS_Demo.obj
 0001:0002fd40       ?Demo_CSINSGNSS@@YAXXZ     00430d40 f   PSINS_Demo.obj
 0001:00030270       ??0CFileIMUGNSS@@QAE@PBD@Z 00431270 f i PSINS_Demo.obj
 0001:00030470       ?load@CFileIMUGNSS@@QAEHH@Z 00431470 f i PSINS_Demo.obj
 0001:000304e0       ??1CFileIMUGNSS@@QAE@XZ    004314e0 f i PSINS_Demo.obj
 0001:00030520       ?Demo_CSINSGNSSDR@@YAXXZ   00431520 f   PSINS_Demo.obj
 0001:00030820       ??0CFileRdSr49@@QAE@PBD@Z  00431820 f i PSINS_Demo.obj
 0001:00030920       ?load@CFileRdSr49@@QAEHH@Z 00431920 f i PSINS_Demo.obj
 0001:00030ae0       ?waitforgps@CFileRdSr49@@QAEHXZ 00431ae0 f i PSINS_Demo.obj
 0001:00030b50       ??0DataSensor49@@QAE@XZ    00431b50 f i PSINS_Demo.obj
 0001:00030be0       ??1CFileRdSr49@@QAE@XZ     00431be0 f i PSINS_Demo.obj
 0001:00030c20       ?Demo_SINSOD@@YAXXZ        00431c20 f   PSINS_Demo.obj
 0001:00030ed0       ?Demo_POS618@@YAXXZ        00431ed0 f   PSINS_Demo.obj
 0001:00030fe0       ?Demo_CNS_PrecNut@@YAXXZ   00431fe0 f   PSINS_Demo.obj
 0001:000311c0       ?Demo_SINSCNS@@YAXXZ       004321c0 f   PSINS_Demo.obj
 0001:00031520       ?Demo_IMUTempCompensate@@YAXXZ 00432520 f   PSINS_Demo.obj
 0001:00031610       ?Demo_CVCFileFind@@YAXXZ   00432610 f   PSINS_Demo.obj
 0001:00031630       ?Demo_DSP_main@@YAXXZ      00432630 f   PSINS_Demo.obj
 0001:00031650       ?Demo_CONSOLE_UART@@YAXXZ  00432650 f   PSINS_Demo.obj
 0001:00031670       ?Demo_Cfg@@YAXXZ           00432670 f   PSINS_Demo.obj
 0001:00031870       ?Demo_CPolyfit@@YAXXZ      00432870 f   PSINS_Demo.obj
 0001:00031ae0       ?Demo_CAligni0@@YAXXZ      00432ae0 f   PSINS_Demo.obj
 0001:00031dc0       ?Demo_SysClbt@@YAXXZ       00432dc0 f   PSINS_Demo.obj
 0001:00032270       ??0CFileIMU7@@QAE@PBD@Z    00433270 f i PSINS_Demo.obj
 0001:00032380       ?load@CFileIMU7@@QAEHH@Z   00433380 f i PSINS_Demo.obj
 0001:000323f0       ?sumIMU@CFileIMU7@@QAEXHAAVCVect3@@0@Z 004333f0 f i PSINS_Demo.obj
 0001:000324c0       ??1CFileIMU7@@QAE@XZ       004334c0 f i PSINS_Demo.obj
 0001:00032500       ?getRegKeyValues@@YA_NV?$basic_string@DU?$char_traits@D@std@@V?$allocator@D@2@@std@@AAV?$list@V?$basic_string@DU?$char_traits@D@std@@V?$allocator@D@2@@std@@V?$allocator@V?$basic_string@DU?$char_traits@D@std@@V?$allocator@D@2@@std@@@2@@2@@Z 00433500 f   SerialPort.obj
 0001:00032810       ??0CSerialPort@itas109@@QAE@XZ 00433810 f   SerialPort.obj
 0001:00032960       ??1CSerialPort@itas109@@UAE@XZ 00433960 f   SerialPort.obj
 0001:00032a50       ?InitPort@CSerialPort@itas109@@QAEHPAUHWND__@@IIDIIKIKKKKK@Z 00433a50 f   SerialPort.obj
 0001:00032ff0       ?CommThread@CSerialPort@itas109@@KGKPAX@Z 00433ff0 f   SerialPort.obj
 0001:00033450       ?StartMonitoring@CSerialPort@itas109@@QAEHXZ 00434450 f   SerialPort.obj
 0001:000334c0       ?ResumeMonitoring@CSerialPort@itas109@@QAEHXZ 004344c0 f   SerialPort.obj
 0001:00033510       ?SuspendMonitoring@CSerialPort@itas109@@QAEHXZ 00434510 f   SerialPort.obj
 0001:00033560       ?IsThreadSuspend@CSerialPort@itas109@@QAEHPAX@Z 00434560 f   SerialPort.obj
 0001:000335d0       ?ProcessErrorMessage@CSerialPort@itas109@@IAEXPAD@Z 004345d0 f   SerialPort.obj
 0001:00033690       ?WriteChar@CSerialPort@itas109@@KAXPAV12@@Z 00434690 f   SerialPort.obj
 0001:000339c0       ?ReceiveChar@CSerialPort@itas109@@KAXPAV12@@Z 004349c0 f   SerialPort.obj
 0001:00033c80       ?ReceiveStr@CSerialPort@itas109@@KAXPAV12@@Z 00434c80 f   SerialPort.obj
 0001:00033f80       ?GetDCB@CSerialPort@itas109@@QAE?AU_DCB@@XZ 00434f80 f   SerialPort.obj
 0001:00033fc0       ?GetCommEvents@CSerialPort@itas109@@QAEKXZ 00434fc0 f   SerialPort.obj
 0001:00033ff0       ?GetWriteBufferSize@CSerialPort@itas109@@QAEKXZ 00434ff0 f   SerialPort.obj
 0001:00034020       ?IsOpened@CSerialPort@itas109@@QAEHXZ 00435020 f   SerialPort.obj
 0001:00034060       ?ClosePort@CSerialPort@itas109@@QAEXXZ 00435060 f   SerialPort.obj
 0001:00034220       ?WriteToPort@CSerialPort@itas109@@QAEXPADI@Z 00435220 f   SerialPort.obj
 0001:00034310       ?WriteToPort@CSerialPort@itas109@@QAEXPAEI@Z 00435310 f   SerialPort.obj
 0001:00034400       ?GetVersion@CSerialPort@itas109@@QAE?AV?$basic_string@DU?$char_traits@D@std@@V?$allocator@D@2@@std@@XZ 00435400 f   SerialPort.obj
 0001:000344a0       ??0CSerialPortInfo@itas109@@QAE@XZ 004354a0 f   SerialPort.obj
 0001:000344d0       ??1CSerialPortInfo@itas109@@QAE@XZ 004354d0 f   SerialPort.obj
 0001:00034500       ?availablePorts@CSerialPortInfo@itas109@@SA?AV?$list@V?$basic_string@DU?$char_traits@D@std@@V?$allocator@D@2@@std@@V?$allocator@V?$basic_string@DU?$char_traits@D@std@@V?$allocator@D@2@@std@@@2@@std@@XZ 00435500 f   SerialPort.obj
 0001:000345d0       ??0?$basic_string@DU?$char_traits@D@std@@V?$allocator@D@2@@std@@QAE@ABV?$allocator@D@1@@Z 004355d0 f i SerialPort.obj
 0001:00034620       ??0?$basic_string@DU?$char_traits@D@std@@V?$allocator@D@2@@std@@QAE@ABV01@@Z 00435620 f i SerialPort.obj
 0001:00034680       ??0?$basic_string@DU?$char_traits@D@std@@V?$allocator@D@2@@std@@QAE@PBDABV?$allocator@D@1@@Z 00435680 f i SerialPort.obj
 0001:000346e0       ??1?$basic_string@DU?$char_traits@D@std@@V?$allocator@D@2@@std@@QAE@XZ 004356e0 f i SerialPort.obj
 0001:00034720       ??4?$basic_string@DU?$char_traits@D@std@@V?$allocator@D@2@@std@@QAEAAV01@ABV01@@Z 00435720 f i SerialPort.obj
 0001:00034760       ?c_str@?$basic_string@DU?$char_traits@D@std@@V?$allocator@D@2@@std@@QBEPBDXZ 00435760 f i SerialPort.obj
 0001:000347b0       ??0?$list@UserialPortBuffer@@V?$allocator@UserialPortBuffer@@@std@@@std@@QAE@ABV?$allocator@UserialPortBuffer@@@1@@Z 004357b0 f i SerialPort.obj
 0001:00034810       ??1?$list@UserialPortBuffer@@V?$allocator@UserialPortBuffer@@@std@@@std@@QAE@XZ 00435810 f i SerialPort.obj
 0001:00034890       ?begin@?$list@UserialPortBuffer@@V?$allocator@UserialPortBuffer@@@std@@@std@@QAE?AViterator@12@XZ 00435890 f i SerialPort.obj
 0001:000348f0       ?end@?$list@UserialPortBuffer@@V?$allocator@UserialPortBuffer@@@std@@@std@@QAE?AViterator@12@XZ 004358f0 f i SerialPort.obj
 0001:00034940       ?size@?$list@UserialPortBuffer@@V?$allocator@UserialPortBuffer@@@std@@@std@@QBEIXZ 00435940 f i SerialPort.obj
 0001:00034970       ?push_back@?$list@UserialPortBuffer@@V?$allocator@UserialPortBuffer@@@std@@@std@@QAEXABUserialPortBuffer@@@Z 00435970 f i SerialPort.obj
 0001:000349c0       ?erase@?$list@UserialPortBuffer@@V?$allocator@UserialPortBuffer@@@std@@@std@@QAE?AViterator@12@V312@@Z 004359c0 f i SerialPort.obj
 0001:00034aa0       ??0iterator@?$list@UserialPortBuffer@@V?$allocator@UserialPortBuffer@@@std@@@std@@QAE@XZ 00435aa0 f i SerialPort.obj
 0001:00034ae0       ??Diterator@?$list@UserialPortBuffer@@V?$allocator@UserialPortBuffer@@@std@@@std@@QBEAAUserialPortBuffer@@XZ 00435ae0 f i SerialPort.obj
 0001:00034b20       ??Eiterator@?$list@UserialPortBuffer@@V?$allocator@UserialPortBuffer@@@std@@@std@@QAE?AV012@H@Z 00435b20 f i SerialPort.obj
 0001:00034b70       ??9iterator@?$list@UserialPortBuffer@@V?$allocator@UserialPortBuffer@@@std@@@std@@QBE_NABV012@@Z 00435b70 f i SerialPort.obj
 0001:00034bc0       ??0?$list@V?$basic_string@DU?$char_traits@D@std@@V?$allocator@D@2@@std@@V?$allocator@V?$basic_string@DU?$char_traits@D@std@@V?$allocator@D@2@@std@@@2@@std@@QAE@ABV?$allocator@V?$basic_string@DU?$char_traits@D@std@@V?$allocator@D@2@@std@@@1@@Z 00435bc0 f i SerialPort.obj
 0001:00034c20       ??0?$list@V?$basic_string@DU?$char_traits@D@std@@V?$allocator@D@2@@std@@V?$allocator@V?$basic_string@DU?$char_traits@D@std@@V?$allocator@D@2@@std@@@2@@std@@QAE@ABV01@@Z 00435c20 f i SerialPort.obj
 0001:00034cb0       ??1?$list@V?$basic_string@DU?$char_traits@D@std@@V?$allocator@D@2@@std@@V?$allocator@V?$basic_string@DU?$char_traits@D@std@@V?$allocator@D@2@@std@@@2@@std@@QAE@XZ 00435cb0 f i SerialPort.obj
 0001:00034d30       ?empty@?$list@V?$basic_string@DU?$char_traits@D@std@@V?$allocator@D@2@@std@@V?$allocator@V?$basic_string@DU?$char_traits@D@std@@V?$allocator@D@2@@std@@@2@@std@@QBE_NXZ 00435d30 f i SerialPort.obj
 0001:00034d70       ?push_back@?$list@V?$basic_string@DU?$char_traits@D@std@@V?$allocator@D@2@@std@@V?$allocator@V?$basic_string@DU?$char_traits@D@std@@V?$allocator@D@2@@std@@@2@@std@@QAEXABV?$basic_string@DU?$char_traits@D@std@@V?$allocator@D@2@@2@@Z 00435d70 f i SerialPort.obj
 0001:00034dc0       ?clear@?$list@V?$basic_string@DU?$char_traits@D@std@@V?$allocator@D@2@@std@@V?$allocator@V?$basic_string@DU?$char_traits@D@std@@V?$allocator@D@2@@std@@@2@@std@@QAEXXZ 00435dc0 f i SerialPort.obj
 0001:00034e20       ?assign@?$basic_string@DU?$char_traits@D@std@@V?$allocator@D@2@@std@@QAEAAV12@ABV12@@Z 00435e20 f i SerialPort.obj
 0001:00034e70       ?assign@?$basic_string@DU?$char_traits@D@std@@V?$allocator@D@2@@std@@QAEAAV12@ABV12@II@Z 00435e70 f i SerialPort.obj
 0001:00034ff0       ?copy@?$char_traits@D@std@@SAPADPADPBDI@Z 00435ff0 f i SerialPort.obj
 0001:00035030       ?size@?$basic_string@DU?$char_traits@D@std@@V?$allocator@D@2@@std@@QBEIXZ 00436030 f i SerialPort.obj
 0001:00035060       ?assign@?$basic_string@DU?$char_traits@D@std@@V?$allocator@D@2@@std@@QAEAAV12@PBD@Z 00436060 f i SerialPort.obj
 0001:000350b0       ?length@?$char_traits@D@std@@SAIPBD@Z 004360b0 f i SerialPort.obj
 0001:000350f0       ?_Nullstr@?$basic_string@DU?$char_traits@D@std@@V?$allocator@D@2@@std@@CAPBDXZ 004360f0 f i SerialPort.obj
 0001:00035120       ?_Tidy@?$basic_string@DU?$char_traits@D@std@@V?$allocator@D@2@@std@@AAEX_N@Z 00436120 f i SerialPort.obj
 0001:00035200       ?insert@?$list@UserialPortBuffer@@V?$allocator@UserialPortBuffer@@@std@@@std@@QAE?AViterator@12@V312@ABUserialPortBuffer@@@Z 00436200 f i SerialPort.obj
 0001:000352e0       ?erase@?$list@UserialPortBuffer@@V?$allocator@UserialPortBuffer@@@std@@@std@@QAE?AViterator@12@V312@0@Z 004362e0 f i SerialPort.obj
 0001:00035350       ?_Buynode@?$list@UserialPortBuffer@@V?$allocator@UserialPortBuffer@@@std@@@std@@IAEPAU_Node@12@PAU312@0@Z 00436350 f i SerialPort.obj
 0001:000353e0       ?_Freenode@?$list@UserialPortBuffer@@V?$allocator@UserialPortBuffer@@@std@@@std@@IAEXPAU_Node@12@@Z 004363e0 f i SerialPort.obj
 0001:00035420       ?_Next@_Acc@?$list@UserialPortBuffer@@V?$allocator@UserialPortBuffer@@@std@@@std@@SAAAPAU_Node@23@PAU423@@Z 00436420 f i SerialPort.obj
 0001:00035450       ?_Prev@_Acc@?$list@UserialPortBuffer@@V?$allocator@UserialPortBuffer@@@std@@@std@@SAAAPAU_Node@23@PAU423@@Z 00436450 f i SerialPort.obj
 0001:00035480       ?_Value@_Acc@?$list@UserialPortBuffer@@V?$allocator@UserialPortBuffer@@@std@@@std@@SAAAUserialPortBuffer@@PAU_Node@23@@Z 00436480 f i SerialPort.obj
 0001:000354b0       ?destroy@?$allocator@UserialPortBuffer@@@std@@QAEXPAUserialPortBuffer@@@Z 004364b0 f i SerialPort.obj
 0001:000354f0       ??0const_iterator@?$list@UserialPortBuffer@@V?$allocator@UserialPortBuffer@@@std@@@std@@QAE@XZ 004364f0 f i SerialPort.obj
 0001:00035520       ?_Mynode@const_iterator@?$list@UserialPortBuffer@@V?$allocator@UserialPortBuffer@@@std@@@std@@QBEPAU_Node@23@XZ 00436520 f i SerialPort.obj
 0001:00035550       ??0iterator@?$list@UserialPortBuffer@@V?$allocator@UserialPortBuffer@@@std@@@std@@QAE@PAU_Node@12@@Z 00436550 f i SerialPort.obj
 0001:00035590       ??Eiterator@?$list@UserialPortBuffer@@V?$allocator@UserialPortBuffer@@@std@@@std@@QAEAAV012@XZ 00436590 f i SerialPort.obj
 0001:000355e0       ??8iterator@?$list@UserialPortBuffer@@V?$allocator@UserialPortBuffer@@@std@@@std@@QBE_NABV012@@Z 004365e0 f i SerialPort.obj
 0001:00035620       ?begin@?$list@V?$basic_string@DU?$char_traits@D@std@@V?$allocator@D@2@@std@@V?$allocator@V?$basic_string@DU?$char_traits@D@std@@V?$allocator@D@2@@std@@@2@@std@@QAE?AViterator@12@XZ 00436620 f i SerialPort.obj
 0001:00035680       ?begin@?$list@V?$basic_string@DU?$char_traits@D@std@@V?$allocator@D@2@@std@@V?$allocator@V?$basic_string@DU?$char_traits@D@std@@V?$allocator@D@2@@std@@@2@@std@@QBE?AVconst_iterator@12@XZ 00436680 f i SerialPort.obj
 0001:000356e0       ?end@?$list@V?$basic_string@DU?$char_traits@D@std@@V?$allocator@D@2@@std@@V?$allocator@V?$basic_string@DU?$char_traits@D@std@@V?$allocator@D@2@@std@@@2@@std@@QAE?AViterator@12@XZ 004366e0 f i SerialPort.obj
 0001:00035730       ??0CSerialPort@itas109@@QAE@ABV01@@Z 00436730 f i SerialPort.obj
 0001:000358c0       ??0?$list@UserialPortBuffer@@V?$allocator@UserialPortBuffer@@@std@@@std@@QAE@ABV01@@Z 004368c0 f i SerialPort.obj
 0001:00035950       ?begin@?$list@UserialPortBuffer@@V?$allocator@UserialPortBuffer@@@std@@@std@@QBE?AVconst_iterator@12@XZ 00436950 f i SerialPort.obj
 0001:000359b0       ?end@?$list@UserialPortBuffer@@V?$allocator@UserialPortBuffer@@@std@@@std@@QBE?AVconst_iterator@12@XZ 004369b0 f i SerialPort.obj
 0001:00035a00       ?insert@?$list@UserialPortBuffer@@V?$allocator@UserialPortBuffer@@@std@@@std@@QAEXViterator@12@Vconst_iterator@12@1@Z 00436a00 f i SerialPort.obj
 0001:00035a70       ??Dconst_iterator@?$list@UserialPortBuffer@@V?$allocator@UserialPortBuffer@@@std@@@std@@QBEABUserialPortBuffer@@XZ 00436a70 f i SerialPort.obj
 0001:00035ab0       ??Econst_iterator@?$list@UserialPortBuffer@@V?$allocator@UserialPortBuffer@@@std@@@std@@QAEAAV012@XZ 00436ab0 f i SerialPort.obj
 0001:00035b00       ??9const_iterator@?$list@UserialPortBuffer@@V?$allocator@UserialPortBuffer@@@std@@@std@@QBE_NABV012@@Z 00436b00 f i SerialPort.obj
 0001:00035b50       ?end@?$list@V?$basic_string@DU?$char_traits@D@std@@V?$allocator@D@2@@std@@V?$allocator@V?$basic_string@DU?$char_traits@D@std@@V?$allocator@D@2@@std@@@2@@std@@QBE?AVconst_iterator@12@XZ 00436b50 f i SerialPort.obj
 0001:00035ba0       ?size@?$list@V?$basic_string@DU?$char_traits@D@std@@V?$allocator@D@2@@std@@V?$allocator@V?$basic_string@DU?$char_traits@D@std@@V?$allocator@D@2@@std@@@2@@std@@QBEIXZ 00436ba0 f i SerialPort.obj
 0001:00035bd0       ?insert@?$list@V?$basic_string@DU?$char_traits@D@std@@V?$allocator@D@2@@std@@V?$allocator@V?$basic_string@DU?$char_traits@D@std@@V?$allocator@D@2@@std@@@2@@std@@QAE?AViterator@12@V312@ABV?$basic_string@DU?$char_traits@D@std@@V?$allocator@D@2@@2@@Z 00436bd0 f i SerialPort.obj
 0001:00035cb0       ??4CSerialPort@itas109@@QAEAAV01@ABV01@@Z 00436cb0 f i SerialPort.obj
 0001:00035e50       ??4?$list@UserialPortBuffer@@V?$allocator@UserialPortBuffer@@@std@@@std@@QAEAAV01@ABV01@@Z 00436e50 f i SerialPort.obj
 0001:00035f60       ?insert@?$list@V?$basic_string@DU?$char_traits@D@std@@V?$allocator@D@2@@std@@V?$allocator@V?$basic_string@DU?$char_traits@D@std@@V?$allocator@D@2@@std@@@2@@std@@QAEXViterator@12@Vconst_iterator@12@1@Z 00436f60 f i SerialPort.obj
 0001:00035fd0       ?erase@?$list@V?$basic_string@DU?$char_traits@D@std@@V?$allocator@D@2@@std@@V?$allocator@V?$basic_string@DU?$char_traits@D@std@@V?$allocator@D@2@@std@@@2@@std@@QAE?AViterator@12@V312@0@Z 00436fd0 f i SerialPort.obj
 0001:00036040       ?_Buynode@?$list@V?$basic_string@DU?$char_traits@D@std@@V?$allocator@D@2@@std@@V?$allocator@V?$basic_string@DU?$char_traits@D@std@@V?$allocator@D@2@@std@@@2@@std@@IAEPAU_Node@12@PAU312@0@Z 00437040 f i SerialPort.obj
 0001:000360d0       ?_Freenode@?$list@V?$basic_string@DU?$char_traits@D@std@@V?$allocator@D@2@@std@@V?$allocator@V?$basic_string@DU?$char_traits@D@std@@V?$allocator@D@2@@std@@@2@@std@@IAEXPAU_Node@12@@Z 004370d0 f i SerialPort.obj
 0001:00036110       ??_GCSerialPort@itas109@@UAEPAXI@Z 00437110 f i SerialPort.obj
 0001:00036170       ?assign@?$basic_string@DU?$char_traits@D@std@@V?$allocator@D@2@@std@@QAEAAV12@PBDI@Z 00437170 f i SerialPort.obj
 0001:000361e0       ??_ECSerialPort@itas109@@UAEPAXI@Z 004371e0 f i SerialPort.obj
 0001:00036280       ?erase@?$basic_string@DU?$char_traits@D@std@@V?$allocator@D@2@@std@@QAEAAV12@II@Z 00437280 f i SerialPort.obj
 0001:00036350       ?move@?$char_traits@D@std@@SAPADPADPBDI@Z 00437350 f i SerialPort.obj
 0001:00036390       ??4CSerialPortInfo@itas109@@QAEAAV01@ABV01@@Z 00437390 f i SerialPort.obj
 0001:000363d0       ?capacity@?$basic_string@DU?$char_traits@D@std@@V?$allocator@D@2@@std@@QBEIXZ 004373d0 f i SerialPort.obj
 0001:00036400       ?_Eos@?$basic_string@DU?$char_traits@D@std@@V?$allocator@D@2@@std@@AAEXI@Z 00437400 f i SerialPort.obj
 0001:00036460       ?assign@?$char_traits@D@std@@SAXAADABD@Z 00437460 f i SerialPort.obj
 0001:00036490       ?_Grow@?$basic_string@DU?$char_traits@D@std@@V?$allocator@D@2@@std@@AAE_NI_N@Z 00437490 f i SerialPort.obj
 0001:000365f0       ?_Refcnt@?$basic_string@DU?$char_traits@D@std@@V?$allocator@D@2@@std@@AAEAAEPBD@Z 004375f0 f i SerialPort.obj
 0001:00036620       ?deallocate@?$allocator@D@std@@QAEXPAXI@Z 00437620 f i SerialPort.obj
 0001:00036660       ?_Charalloc@?$allocator@UserialPortBuffer@@@std@@QAEPADI@Z 00437660 f i SerialPort.obj
 0001:000366a0       ?deallocate@?$allocator@UserialPortBuffer@@@std@@QAEXPAXI@Z 004376a0 f i SerialPort.obj
 0001:000366e0       ?construct@?$allocator@UserialPortBuffer@@@std@@QAEXPAUserialPortBuffer@@ABU3@@Z 004376e0 f i SerialPort.obj
 0001:00036720       ??0const_iterator@?$list@UserialPortBuffer@@V?$allocator@UserialPortBuffer@@@std@@@std@@QAE@PAU_Node@12@@Z 00437720 f i SerialPort.obj
 0001:00036760       ??8const_iterator@?$list@UserialPortBuffer@@V?$allocator@UserialPortBuffer@@@std@@@std@@QBE_NABV012@@Z 00437760 f i SerialPort.obj
 0001:000367a0       ?erase@?$list@V?$basic_string@DU?$char_traits@D@std@@V?$allocator@D@2@@std@@V?$allocator@V?$basic_string@DU?$char_traits@D@std@@V?$allocator@D@2@@std@@@2@@std@@QAE?AViterator@12@V312@@Z 004377a0 f i SerialPort.obj
 0001:00036880       ?_Next@_Acc@?$list@V?$basic_string@DU?$char_traits@D@std@@V?$allocator@D@2@@std@@V?$allocator@V?$basic_string@DU?$char_traits@D@std@@V?$allocator@D@2@@std@@@2@@std@@SAAAPAU_Node@23@PAU423@@Z 00437880 f i SerialPort.obj
 0001:000368b0       ?_Prev@_Acc@?$list@V?$basic_string@DU?$char_traits@D@std@@V?$allocator@D@2@@std@@V?$allocator@V?$basic_string@DU?$char_traits@D@std@@V?$allocator@D@2@@std@@@2@@std@@SAAAPAU_Node@23@PAU423@@Z 004378b0 f i SerialPort.obj
 0001:000368e0       ?_Value@_Acc@?$list@V?$basic_string@DU?$char_traits@D@std@@V?$allocator@D@2@@std@@V?$allocator@V?$basic_string@DU?$char_traits@D@std@@V?$allocator@D@2@@std@@@2@@std@@SAAAV?$basic_string@DU?$char_traits@D@std@@V?$allocator@D@2@@3@PAU_Node@23@@Z 004378e0 f i SerialPort.obj
 0001:00036910       ?_Charalloc@?$allocator@V?$basic_string@DU?$char_traits@D@std@@V?$allocator@D@2@@std@@@std@@QAEPADI@Z 00437910 f i SerialPort.obj
 0001:00036950       ?deallocate@?$allocator@V?$basic_string@DU?$char_traits@D@std@@V?$allocator@D@2@@std@@@std@@QAEXPAXI@Z 00437950 f i SerialPort.obj
 0001:00036990       ?construct@?$allocator@V?$basic_string@DU?$char_traits@D@std@@V?$allocator@D@2@@std@@@std@@QAEXPAV?$basic_string@DU?$char_traits@D@std@@V?$allocator@D@2@@2@ABV32@@Z 00437990 f i SerialPort.obj
 0001:000369d0       ??0const_iterator@?$list@V?$basic_string@DU?$char_traits@D@std@@V?$allocator@D@2@@std@@V?$allocator@V?$basic_string@DU?$char_traits@D@std@@V?$allocator@D@2@@std@@@2@@std@@QAE@PAU_Node@12@@Z 004379d0 f i SerialPort.obj
 0001:00036a10       ??Dconst_iterator@?$list@V?$basic_string@DU?$char_traits@D@std@@V?$allocator@D@2@@std@@V?$allocator@V?$basic_string@DU?$char_traits@D@std@@V?$allocator@D@2@@std@@@2@@std@@QBEABV?$basic_string@DU?$char_traits@D@std@@V?$allocator@D@2@@2@XZ 00437a10 f i SerialPort.obj
 0001:00036a50       ??Econst_iterator@?$list@V?$basic_string@DU?$char_traits@D@std@@V?$allocator@D@2@@std@@V?$allocator@V?$basic_string@DU?$char_traits@D@std@@V?$allocator@D@2@@std@@@2@@std@@QAEAAV012@XZ 00437a50 f i SerialPort.obj
 0001:00036aa0       ??9const_iterator@?$list@V?$basic_string@DU?$char_traits@D@std@@V?$allocator@D@2@@std@@V?$allocator@V?$basic_string@DU?$char_traits@D@std@@V?$allocator@D@2@@std@@@2@@std@@QBE_NABV012@@Z 00437aa0 f i SerialPort.obj
 0001:00036af0       ?_Mynode@const_iterator@?$list@V?$basic_string@DU?$char_traits@D@std@@V?$allocator@D@2@@std@@V?$allocator@V?$basic_string@DU?$char_traits@D@std@@V?$allocator@D@2@@std@@@2@@std@@QBEPAU_Node@23@XZ 00437af0 f i SerialPort.obj
 0001:00036b20       ??0iterator@?$list@V?$basic_string@DU?$char_traits@D@std@@V?$allocator@D@2@@std@@V?$allocator@V?$basic_string@DU?$char_traits@D@std@@V?$allocator@D@2@@std@@@2@@std@@QAE@PAU_Node@12@@Z 00437b20 f i SerialPort.obj
 0001:00036b60       ??Eiterator@?$list@V?$basic_string@DU?$char_traits@D@std@@V?$allocator@D@2@@std@@V?$allocator@V?$basic_string@DU?$char_traits@D@std@@V?$allocator@D@2@@std@@@2@@std@@QAE?AV012@H@Z 00437b60 f i SerialPort.obj
 0001:00036bb0       ??9iterator@?$list@V?$basic_string@DU?$char_traits@D@std@@V?$allocator@D@2@@std@@V?$allocator@V?$basic_string@DU?$char_traits@D@std@@V?$allocator@D@2@@std@@@2@@std@@QBE_NABV012@@Z 00437bb0 f i SerialPort.obj
 0001:00036c00       ?max_size@?$basic_string@DU?$char_traits@D@std@@V?$allocator@D@2@@std@@QBEIXZ 00437c00 f i SerialPort.obj
 0001:00036c60       ?_Copy@?$basic_string@DU?$char_traits@D@std@@V?$allocator@D@2@@std@@AAEXI@Z 00437c60 f i SerialPort.obj
 0001:00036dc0       ?_Split@?$basic_string@DU?$char_traits@D@std@@V?$allocator@D@2@@std@@AAEXXZ 00437dc0 f i SerialPort.obj
 0001:00036e50       ?destroy@?$allocator@V?$basic_string@DU?$char_traits@D@std@@V?$allocator@D@2@@std@@@std@@QAEXPAV?$basic_string@DU?$char_traits@D@std@@V?$allocator@D@2@@2@@Z 00437e50 f i SerialPort.obj
 0001:00036e90       ??8const_iterator@?$list@V?$basic_string@DU?$char_traits@D@std@@V?$allocator@D@2@@std@@V?$allocator@V?$basic_string@DU?$char_traits@D@std@@V?$allocator@D@2@@std@@@2@@std@@QBE_NABV012@@Z 00437e90 f i SerialPort.obj
 0001:00036ed0       ??Eiterator@?$list@V?$basic_string@DU?$char_traits@D@std@@V?$allocator@D@2@@std@@V?$allocator@V?$basic_string@DU?$char_traits@D@std@@V?$allocator@D@2@@std@@@2@@std@@QAEAAV012@XZ 00437ed0 f i SerialPort.obj
 0001:00036f20       ??8iterator@?$list@V?$basic_string@DU?$char_traits@D@std@@V?$allocator@D@2@@std@@V?$allocator@V?$basic_string@DU?$char_traits@D@std@@V?$allocator@D@2@@std@@@2@@std@@QBE_NABV012@@Z 00437f20 f i SerialPort.obj
 0001:00036f60       ?allocate@?$allocator@D@std@@QAEPADIPBX@Z 00437f60 f i SerialPort.obj
 0001:00036fa0       ?max_size@?$allocator@D@std@@QBEIXZ 00437fa0 f i SerialPort.obj
 0001:00036ff0       ??8std@@YA_NABV?$allocator@D@0@0@Z 00437ff0 f i SerialPort.obj
 0001:00037020       ?_Destroy@std@@YAXPAUserialPortBuffer@@@Z 00438020 f i SerialPort.obj
 0001:00037040       ?_Allocate@std@@YAPADHPAD@Z 00438040 f i SerialPort.obj
 0001:00037090       ?_Construct@std@@YAXPAUserialPortBuffer@@ABU2@@Z 00438090 f i SerialPort.obj
 0001:000370f0       ??2@YAPAXIPAX@Z            004380f0 f i SerialPort.obj
 0001:00037120       ?_Construct@std@@YAXPAV?$basic_string@DU?$char_traits@D@std@@V?$allocator@D@2@@1@ABV21@@Z 00438120 f i SerialPort.obj
 0001:000371b0       ??3@YAXPAX0@Z              004381b0 f i SerialPort.obj
 0001:000371d0       ?_Destroy@std@@YAXPAV?$basic_string@DU?$char_traits@D@std@@V?$allocator@D@2@@1@@Z 004381d0 f i SerialPort.obj
 0001:00037210       ??_G?$basic_string@DU?$char_traits@D@std@@V?$allocator@D@2@@std@@QAEPAXI@Z 00438210 f i SerialPort.obj
 0001:000372b0       ?id@?$ctype@G@std@@$D      004382b0 f i SerialPort.obj
 0001:00037330       ?id@?$ctype@G@std@@$E      00438330 f i SerialPort.obj
 0001:00037350       _InitializeCriticalSection@4 00438350 f   kernel32:KERNEL32.dll
 0001:00037356       _CreateEventA@16           00438356 f   kernel32:KERNEL32.dll
 0001:0003735c       _DeleteCriticalSection@4   0043835c f   kernel32:KERNEL32.dll
 0001:00037362       _CloseHandle@4             00438362 f   kernel32:KERNEL32.dll
 0001:00037368       _PurgeComm@8               00438368 f   kernel32:KERNEL32.dll
 0001:0003736e       _SetCommState@8            0043836e f   kernel32:KERNEL32.dll
 0001:00037374       _GetCommState@8            00438374 f   kernel32:KERNEL32.dll
 0001:0003737a       _SetCommMask@8             0043837a f   kernel32:KERNEL32.dll
 0001:00037380       _SetCommTimeouts@8         00438380 f   kernel32:KERNEL32.dll
 0001:00037386       _LeaveCriticalSection@4    00438386 f   kernel32:KERNEL32.dll
 0001:0003738c       _GetLastError@0            0043838c f   kernel32:KERNEL32.dll
 0001:00037392       _CreateFileA@28            00438392 f   kernel32:KERNEL32.dll
 0001:00037398       _EnterCriticalSection@4    00438398 f   kernel32:KERNEL32.dll
 0001:0003739e       _GetCommMask@8             0043839e f   kernel32:KERNEL32.dll
 0001:000373a4       _ExitThread@4              004383a4 f   kernel32:KERNEL32.dll
 0001:000373aa       _WaitForSingleObject@8     004383aa f   kernel32:KERNEL32.dll
 0001:000373b0       _ClearCommError@12         004383b0 f   kernel32:KERNEL32.dll
 0001:000373b6       _WaitCommEvent@12          004383b6 f   kernel32:KERNEL32.dll
 0001:000373bc       _CreateThread@24           004383bc f   kernel32:KERNEL32.dll
 0001:000373c2       _ResumeThread@4            004383c2 f   kernel32:KERNEL32.dll
 0001:000373c8       _SuspendThread@4           004383c8 f   kernel32:KERNEL32.dll
 0001:000373ce       _LocalFree@4               004383ce f   kernel32:KERNEL32.dll
 0001:000373d4       _FormatMessageA@28         004383d4 f   kernel32:KERNEL32.dll
 0001:000373da       _GetOverlappedResult@16    004383da f   kernel32:KERNEL32.dll
 0001:000373e0       _WriteFile@20              004383e0 f   kernel32:KERNEL32.dll
 0001:000373e6       _ResetEvent@4              004383e6 f   kernel32:KERNEL32.dll
 0001:000373ec       _ReadFile@20               004383ec f   kernel32:KERNEL32.dll
 0001:000373f2       _Sleep@4                   004383f2 f   kernel32:KERNEL32.dll
 0001:000373f8       _SetEvent@4                004383f8 f   kernel32:KERNEL32.dll
 0001:000373fe       _MessageBoxA@16            004383fe f   user32:USER32.dll
 0001:00037404       _SendMessageA@16           00438404 f   user32:USER32.dll
 0001:0003740a       _MsgWaitForMultipleObjects@20 0043840a f   user32:USER32.dll
 0001:00037410       _PostMessageA@16           00438410 f   user32:USER32.dll
 0001:00037416       _DispatchMessageA@4        00438416 f   user32:USER32.dll
 0001:0003741c       _TranslateMessage@4        0043841c f   user32:USER32.dll
 0001:00037422       _PeekMessageA@20           00438422 f   user32:USER32.dll
 0001:00037428       _RegCloseKey@4             00438428 f   advapi32:ADVAPI32.dll
 0001:0003742e       _RegEnumValueA@32          0043842e f   advapi32:ADVAPI32.dll
 0001:00037434       _RegQueryInfoKeyA@48       00438434 f   advapi32:ADVAPI32.dll
 0001:0003743a       _RegOpenKeyExA@20          0043843a f   advapi32:ADVAPI32.dll
 0001:00037440       __fpmath                   00438440 f   LIBCD:fpinit.obj
 0001:00037470       __fpclear                  00438470 f   LIBCD:fpinit.obj
 0001:00037480       __cfltcvt_init             00438480 f   LIBCD:fpinit.obj
 0001:000374d0       ___setfflag                004384d0 f   LIBCD:fpinit.obj
 0001:000374f0       __chkesp                   004384f0 f   LIBCD:chkesp.obj
 0001:00037530       _printf                    00438530 f   LIBCD:printf.obj
 0001:000375b0       __cinit                    004385b0 f   LIBCD:crt0dat.obj
 0001:000375f0       _exit                      004385f0 f   LIBCD:crt0dat.obj
 0001:00037610       __exit                     00438610 f   LIBCD:crt0dat.obj
 0001:00037630       __cexit                    00438630 f   LIBCD:crt0dat.obj
 0001:00037650       __c_exit                   00438650 f   LIBCD:crt0dat.obj
 0001:00037780       ?_JumpToContinuation@@YGXPAXPAUEHRegistrationNode@@@Z 00438780 f   LIBCD:trnsctrl.obj
 0001:000377c0       ?_CallMemberFunction0@@YGXPAX0@Z 004387c0 f   LIBCD:trnsctrl.obj
 0001:000377d0       ?_CallMemberFunction1@@YGXPAX00@Z 004387d0 f   LIBCD:trnsctrl.obj
 0001:000377e0       ?_CallMemberFunction2@@YGXPAX00H@Z 004387e0 f   LIBCD:trnsctrl.obj
 0001:000377f0       ?_UnwindNestedFrames@@YGXPAUEHRegistrationNode@@PAUEHExceptionRecord@@@Z 004387f0 f   LIBCD:trnsctrl.obj
 0001:00037850       ___CxxFrameHandler         00438850 f   LIBCD:trnsctrl.obj
 0001:00037890       ___CxxLongjmpUnwind@4      00438890 f   LIBCD:trnsctrl.obj
 0001:000378c0       ?_CallCatchBlock2@@YAPAXPAUEHRegistrationNode@@PBU_s_FuncInfo@@PAXHK@Z 004388c0 f   LIBCD:trnsctrl.obj
[...]
FIXUPS: 3918a 7 14 7 fffffd8b 1434 28 1c 29 41 84 3a 24 31 36 50 a 21 154
FIXUPS: 3aa4d 20 28a ffffec3f a 14 ffffffd2 ffffff67 1f ffffff6f fffffbc6
FIXUPS: 3940c 28 16 1d 29 25 fffffe52 a3a 3a 9 2e 9 48 9 2e 9 2e 9 2c 9
FIXUPS: 39edb 9 2c 9 3d a0 f3 23 23 23 3a 51 24 51 2a 28 45 2d 2d 1015
FIXUPS: 3b1f2 fffffc54 2d 18 1c 1e f ffffead5 15 1b 50 9 2e 9 71 15 1b
FIXUPS: 39b5b 9 2e 9 6e 15 37 15 1e 14 1c 1c 1c 1b 20ee 4f 79 fffffd0e
FIXUPS: 3bc49 6a fffffde9 2a 33 1a fffffd7d 2e 2a 2e 14 22 22 fffffc92
FIXUPS: 3b63e 146 70 fffffce8 2a 75 fffffe26 66 1b 6c fffffe5e 27 f f 3328
FIXUPS: 3e683 28 ffffdea1 e 28 76 6e 7d 41 fffffd8e 36 3a fffffee4 2a 1e
FIXUPS: 3c465 13 fffffe94 2a 45 4b fffffc0e 15 15 28 e0 15 15 28 ea fffffb5d
FIXUPS: 3daf8 39 20 49 33 142 23 1c 59 84 58 bf fd 76 11e a1 20 31 28 4f
FIXUPS: 3e376 31 18 45 18 1f 8c 69 2a 34 39 16 ffffed65 3b 2b 3b 45 2b
FIXUPS: 3d45f 41 6b 56 36 c 2b 1c 2c 1c 18 1f 62 51 60 5a ac 4e 51 2b 28
FIXUPS: 3d99c 28 ac 2b 32 fffff0a6 3e 52 38 3c 21 1b 1c 6b 28 32 4f 18
FIXUPS: 3ce1a 5b 66 25 25 b3 19 59 5f 54 86 38 1f 2a 1c 50 1d 1f 62 187f
FIXUPS: 3eba1 16 14 19 19 a 1c fffffc1c fffffe98 12 2c 10 1d 2a 10 ffffdfe9
FIXUPS: 3c79b 27 23 20 29 2f 1c 69 28 5f 54 21 128 1e 1b 217d 7f 47 fffffb6f
FIXUPS: 3e90f d 19 16 14 2c 1b 17 27 16 16 14 c 1d 16 15 16 14 11 14 16
FIXUPS: 3eaf1 f e 1e 20 16 15 c4d 35 6b 12 29 43 5a 3d 33 3c 38 1c 1a 18
FIXUPS: 3fa85 fffff895 ffffff54 fffffee1 e f 10 a 5 5 25 f 17 10 22 9 27
FIXUPS: 3f246 b3d 2e 18 18 7a 63 34 47 1e d 2f 15 11 1d 21 14 26 19d 18
FIXUPS: 401ff 19 a fffff11c 28 19f 20 57 14 32 64 140 2a 1454 b9 31 1e
FIXUPS: 40d16 1b 131 25 123 1e 30 75 32 22 26 14 170 55 53 ffffef4d 21
FIXUPS: 402ff c8 33 49 fffff766 10b 2a 18 38 16 2b 2201 d a 13 16 13 28
FIXUPS: 41fff 15 14 7 17 6b 20 fffff300 35 18 a6 10 fffff089 34 24 cb 67
FIXUPS: 4081a 18 21 34 30 a8 e2 d5 d47 3f 25 b2 65 ce 36 12 38 4c 31 16
FIXUPS: 41bc8 17 37 19 92 18 20 62 a f3 12 24 f 1f 12 1e 26 f 1c 12 c2e
FIXUPS: 42b92 fffffbca 3d 49 132 31 fffffdb3 1f 7 10 fffffe9c 5e 7 fffffead
FIXUPS: 421fb 38 78 fffffeb4 22 fffff37a 32 92 3f 6a 15 31 51 ba 3c 27
FIXUPS: 41853 17e0 44 c 3e e 11 182 1d8 1ac 2b 33 1b6 f4 27 36 44 c 10
FIXUPS: 439c1 c fffff38a c8 1d 27 fffffb6d 12 1d 5 55 3c 7 2f 2a7c fffff6ef
FIXUPS: 44c81 15d 19 18 c 25 15 3b 5b 52 6c c7 53 66 53 25 23 ffffe9b6
FIXUPS: 43d3d 17 fffff167 1d 53 1d 2b 2c c 3a e 11 46ff 1c 147 8a 32 24
FIXUPS: 47955 ffffea9a fffffc37 2a 2a 227 fffff9f7 13 dd 23f fffffaf9 82
FIXUPS: 45b6c fffffe95 59 fffffed3 3a ffffff09 1b c 10 29 2a fffffec1 45
FIXUPS: 4553d 1820 64 46 41 12 2f 4d 23 10 70 24 5a 46 2f c1 24 e5 39 76
FIXUPS: 4732f 3d 76 6c 62 20 77 27 70 46 31 35 44 e6f 51 fffffe63 fffffcf3
FIXUPS: 48292 fffffb5e 108 10 3e 54 4b 28 fffffadd 2a3 ffffe709 2d 47 4a
FIXUPS: 4655d 19 a4 1aa 1d 118 1de 32 97 1f 58 a8 28 33 1fea fffffebb 19
FIXUPS: 48c10 1d fffffb6a 17 31 30 18 3f c 13 70 10 5c 62 37 1b 40 14 59
FIXUPS: 48ad6 3f 6b fffffaa5 2f 80 36 fffffda5 2a 29 3cb8 5 25e 35 35 1e8
FIXUPS: 4bea9 fffffbc0 b6 7f 24 62 38 61 18 28 ffffd0c6 23 3c 6ef 192 19
FIXUPS: 4a49c 7e5 236 11a 9e a3 102 119 ffffd958 1b 4948 11 2f 25 fffffdfa
FIXUPS: 4d497 c 5a fffffa21 18 11b 21 4b 5d 17 b5 fffff92e 182 35 fffffd2b
FIXUPS: 4ca00 a fffffd1b 98 f6 fffff628 23 5 111 43 107 4a 1f88 77 3a 59
FIXUPS: 4e24f 17 1d 14 13 14 1a 19 fffffcd3 4a 94 2b fffff903 56 1e 13
FIXUPS: 4da79 fffffe07 36 28 1f 29 26 17 12 1c fffffcda ffffff70 1506 14
FIXUPS: 4ed64 19 1c 13 2a 3a 10 13 16 26 1e 41 93 20 68 82 10 30 10 30
FIXUPS: 4f0fb fffff74a a7 fffffa75 21 21 24 2a 23 fffffd00 1dcf 1c 2b 37
FIXUPS: 4ff7e 2b 13 b7 fffff95e 72 13 24 17 fffffda9 14 ffffff70 2b fffffd4d
FIXUPS: 4f560 44 4b fffffe4d 2a 44 4b ffffff11 fffffe19 29 ffffffa0 17
FIXUPS: 4ea14 41 23d3 15 15 fffffabc 37 fffffc5f 2bf 2d 2f fffffaff 29
FIXUPS: 50400 2c fffffd2e 85 69 33 8c 34 fffff815 21 2b 28 1e 2c 38 16
FIXUPS: 4fc7e 23 ac 4e 23 1c71 fffffb63 48 141 52 35 140 fffffb7c 5f fffffbaa
FIXUPS: 510b4 40 40 43 4d 40 43 50 50 4d 65 60 fffffb20 fffffadb 2a0 5a
FIXUPS: 50d22 37 60 21 20 1d 1e1e 33 24 bd 2d 9b 32 43 c 10 c fffff35c
FIXUPS: 52357 eb 1c8 8c 152 6d 238 13 fffff1f7 21 35 35 13a c 10 c 27 6c
FIXUPS: 51b97 1d 1b98 fffffc9d 73 1c 1f 49 11 71 5f 1d c 47 fffffd4f 43
FIXUPS: 5330e fffffce3 2b 28 2c 3a 26 1c 5e 25 28 31 43 28 31 16 14 fffff964
FIXUPS: 54f42 87 fffff68d fffffaae 45 29 3a 40 3e 33 4b 59 5a c 19 42 3c
FIXUPS: 544a5 19 28 c 21 fffff822 19 d9 13f 9e fffff9e4 70 4f 1df fffffa1f
FIXUPS: 113f d3 bd 85 45 30 ba 13 541b0 fffffdcb 1a 13 28 30 30 fffffd65
FIXUPS: 5523e 2b c 2a 50 c 2b 3d c 3a fffffe06 fffffc16 79 81 12 42 fffac9f1
FIXUPS: 190c 9 c 14 f 12 1a 53d47 c c b fffac327 d 4e 15 1c 25 21 53c11
FIXUPS: 556ef fffac418 1a 30 b b b b 10 fffff4a2 19 3f 57b 7 7 7 7 7 7
FIXUPS: 1633 7 7 7 5 7 7 7 7 7 7 7 f 15 19 14 31 39 c 38 d5 2a 44 7 12
FIXUPS: 2eea2 93 30 2d 4a 2a 13 2d 75 30 33 12 12 12 12 12 12 12 12 12
FIXUPS: 2f1d2 12 17 a d fffd236c 4b a a a a a 2cafa a d 21 10 8a 7 7 7
FIXUPS: 2e1e3 7 7 7 d 366 9d 3a8 10 19b 1e 2c 16 11c 1c 4d 34 42 39 21
FIXUPS: 2ee2f e 1c ffffeefb 19 1c 16 16 16 16 16 26 a 13 10 46 18 18 17
FIXUPS: 2deef 18 17 28 41 1f 19 10 43 28 1a 1e 13 2c 11 16 fffff50a 80
FIXUPS: 2d6a5 e e 29 9 13 39 e e 15 10 3d 5c 17 17 b8 ae af 85 50 1f 31
FIXUPS: 2dba8 c9 16 3c 14 14 19 d fffff10a 86 24 35 c0 4a 2f 2e 1a 19 35
FIXUPS: 2d0e3 26 40 1a 3a 10 121 2e 23 26 9 3c 2851b c fffd7b3f 26 55 4f
FIXUPS: 2d566 9 43 fffff0d4 43 c 26 20 24 29 4d e 66 9 13 38 12 1f 1f 1f
FIXUPS: 2c9de c4 f5 31 1f 31 2a 6f 67 3a 30 2f 1e 1d 24 fffff0fe 1c 37
FIXUPS: 2bf6f e 19 3f e e 29 9 13 39 e e 15 10 3b b0 a7 9c 72 a7 4b 1f
FIXUPS: 2c492 27 a5 45 46 1e 3d fffff4c3 a 2a 50 7 7 d 47 21 1b 22 18 a
FIXUPS: 2bc74 7 1a 16 13 25 13 35 b4 19 17 7 7 7 7 1f 48 2a 35 fffff77c
FIXUPS: 2b69c 2a 36 1f 16 19 59 10 49 af 23 4e 7 10 7 4d 7 10 7 18 21 d
FIXUPS: 2b9fb 3e d 10 10 a 4a d 30 fffff729 31 b b b b b e e e e e 36 e
FIXUPS: 2b320 c 10 4c 9d 65 d 10 10 5d 49 20 54 27 13 48 7 7 fffff74c e4
FIXUPS: 2aeaa 53 10 3c a6 10 44 d 10 10 a 41 10 a 7 38 2d b b b b b e e
FIXUPS: 2b1a2 e e 36 e e fffff660 36 e e e e 14 10 40 12d 1f 5c 1e 2b 2d
FIXUPS: 2abb9 d 34 a 10 31 3d c 23 24 7 9 16 2b 2c 16 2f 2aae5 fffd48c9
FIXUPS: 2a16c 17 2b704 b fffd492b 1fc a5 129 13 f 15 15 15 93 75 74 13
FIXUPS: 2a799 3b b b b b e e e e e e e fffff3df 3c 19 c 3b 16 15 27 37
FIXUPS: 29d8f 50 40 24 73 2b981 b fffd46bd 28 11 2c 32 49 6 f d 47 18 4c
FIXUPS: 2a0d0 2b787 c d fffd3c3d e 37 1d 2c2b6 b fffd3da3 9 11 e 37 1d
FIXUPS: 557f5 b fffd3e5c 21 21 1e d0 19 2bd 15 58 e e 23 29 3d 5e 2bc43
FIXUPS: 55821 fffd43fe fffff221 3d 13 3d 13 3d 13 3d 13 3d 13 48 13 4a
FIXUPS: 2909c 49 28 48 35 4b 43 4d 1e 2b 53 1e 2b 51 1e 2e ac 9 fffff3f0
FIXUPS: 28899 10 75 f 10 68 34 34 d 10 ac 15 14 10 55 1a 88 1a 3f c 1a
FIXUPS: 28c9c 17 1c 4b 15 1a 58 3c 13 3d fffff5fd c 2f 11 1d 10 39 23 3f
FIXUPS: 2854a 1a 22 10 28 25 d 1f 46 d 10 43 d 10 48 d 10 52 d 10 5b d
FIXUPS: 2881e fffff698 27 2a 9 14 29 7a 21 2e 58 9e 33 34 1b 20 1d 1b 1a
FIXUPS: 2821b 1b 1a 16 5a 2b 18 f 17 2d46b b fffd2bd2 16 63 fffff5e3 d
FIXUPS: 27a23 13 7f 15 7 7 7 7 7 1d 42 13 3d 13 3d 13 3d 13 4b 13 4d 13
FIXUPS: 27d41 4c 9 1e 34 51 1f 1d fffff7eb 15 58 c 7 7 7 d 63 12 5f 12
FIXUPS: 27835 7 7 d 79 7 7 7 7 7 45 7 7 7 7 7 d 57 7 7 fffff6ed 1d 48 4b
FIXUPS: 27174 10 43 2a 56 10 6d 3a 3e 13 3d 13 3d 13 3d 13 4b 13 4d 13
FIXUPS: 27546 13 dd 7 7 7 7 7 fffff021 13 15 1d 2a 2e 2d 20 11f ad 3d 63
FIXUPS: 269f6 23 3c 103 f2 1b3 40 57 25 7b 30 15 e 1a 26 13 53 25 32 21
FIXUPS: 26152 45 30 a 36 2a 39 c 20 1f 1f 13 29 1c 31 18 32 1c 2a 18 32
FIXUPS: 26453 2a 20 10 75 15 13 42 19 3b 73 fffff379 19 1c 26 10 a 7 d
FIXUPS: 25a83 19 38 3a 18 18 e e e 10 54 2f d 13c 27 d 130 1be 27 a 35
FIXUPS: 260d2 46 30 fffff264 f0 36 2e 23 1c 25 36 28 3d 1c 24 28 a 7 38
FIXUPS: 25775 1d 29 41 4b 1e 24 28 a 7 2b 25 16 d a 38 fffff425 a 30 16
FIXUPS: 24e0e 40 a d a 7 27 2b 25 37 e e e e 16 10 e4 128 22 65 10 24 19
FIXUPS: 2531a 2a 25 a 7 fffff480 3c f d 47 9 d ab d 65 e e e e e e 10 54
FIXUPS: 24aab 16 61 a 25 2b 2a 5d 62 8d 13 13 36 1b fffff390 30 3b 16 37
FIXUPS: 241c7 36 16 31 16 1c 4f 61 ff 4c 59 38 10 57 2b 28 33 d 27 7 2d
FIXUPS: 2466a b7 63 22 30 12 fffff3e6 77 32 6 1b 20 6 24 10 c0 1b 13 7
FIXUPS: 23e19 16 22 19 27 25 4f 30 7 13 7 36 16 2f d 19 d 25 b7 fffff285
FIXUPS: 2337b 32 32 a 30 16 30 58 a d a 7 32 32 a 32 16 2d 13 16 3b 44
FIXUPS: 23674 d a 7 28 2b 2a 34 430 fffff304 a 4a 31 32 32 a 32 16 2d 13
FIXUPS: 23008 3b 19 28 2b 2a 34 74 22 27 7 32 27 7 2f 16 2a 16 2d 20 32
FIXUPS: 22482 e e e 14 14 1c 10 246 13 9 c 20 1d a ce 84 bf 11 16 10 2bf
FIXUPS: 22cde 27 7 32 27 7 3a 20 32 4c fffff47e e e e e e e e e e e e e
FIXUPS: 22378 e e e e e e e e e e e e e e e e e e fffffc22 e e e e e e
FIXUPS: 220f8 e e e e e e 14 14 1d c 10 5f e e e e e e e e e e e e fffffc22
FIXUPS: 21ee4 e e e e e e e e e e e e e e e e e e e e e e e e e e e e e
FIXUPS: 22088 fffffc20 e e e e e e e e e e e e e e e e e e e e e e 14 14
FIXUPS: 21e2f a c 10 57 e e fffffb92 17 16 17 16 32 56 e e e e e e e e
FIXUPS: 21bba e e e e e e e e e e e e e e e e fffffa4c 57 16 10 10 37 7
FIXUPS: 217ea a 7 1c 12 2c 13 13 b 6c 18 18 15 16 16 14 30 a 29 a d a 1c
FIXUPS: 21a2d 17 fffff7e5 1d 1d c 30 1d 1d c 30 1d 1d c 31 27 27 7 7 26
FIXUPS: 21427 19 e 2a 1e 2e 7 f 30 1c 54 de 6a 14 fffff28f 55 17 1a 17
FIXUPS: 20a1d 16 2d 23 7 35 a 16 7 3e 35 5b 78 21 7 38 23 7 42d 42 43 7
FIXUPS: 211a9 10 1e a 1a ffffea94 e e e e 15 35d 470 10 26 23 23 27 2d
FIXUPS: 205a9 2d 2d 30 2d 2d 30 4b 10 54 c f4 2f 57 c 27 c 1a fffff15a
FIXUPS: 1fac1 30 b b e e e e e e e e e e e e e e e e e e e e e e e e e
FIXUPS: 1fc73 e fffff5da 51 23 24 8 d 72 4a 4a 4a 4a 4d 22 36 e e e e e
FIXUPS: 1f59b 6c 56 10 67 18 43 200 d7 7 f 10 72 fffff2b2 12 7 20 1a 22
FIXUPS: 1edf5 2a 10 37 12 7 22 68 2f f 3a 2f f 3a 32 f 1b 21 44 13 13 13
FIXUPS: 1f165 66 67 8 fffff657 2e a 19 43 4c 34 1c 25 12 6e a d 3e 10 3d
FIXUPS: 1eb3f 43 38 1b 24 7 7 2a 10 36 8 17 1f 2d 26 10 fffff499 38 1b
FIXUPS: 1e223 16 d 16 10 45 2e a 19 4b 67 4d 34 25 28 10 2f 19 45 19 41
FIXUPS: 1e62a bc 81 33 31 d 3b d ffffef78 13 16 22 10 1ee 34 1c 28 62 8
FIXUPS: 1db13 10 3c 20 1a 27 1c 10 43 113 11c 10e a5 75 38 31 29 18 10
FIXUPS: 1e173 26 ffffed58 b7 c8 bd 81 b8 3b 31 2c 20 27 a 10 34 d 71 2e
FIXUPS: 1d449 19 43 ec d 51 6a 1e 31 47 31 a 25 26 10 fffff44d 7 7 7 7
FIXUPS: 1cbf5 7 7 7 7 7 d 2c e e e 19 6b e e e 72 17 17 12 1f 1c 12 1b
FIXUPS: 1ce5e 19 48 fffff7e4 7 13 7f a d 10 6d b9 31 52 26 f 26 f 1d 12
FIXUPS: 1c9cc 10 19 f 1f 46 2e 10 10 85 73 7 7 7 7 fffff3d2 e e e 19 75
FIXUPS: 1c063 e e e e e e e e e e e e 71 45 d 2a 41 2b 24 ff 1b 5f d 44
FIXUPS: 1c660 fffff5bc 13 28 1a 1e 17 2b 2b 27 2f 1d 10 50 25 13 13 29
FIXUPS: 1be59 30 16 16 25 37 e e e e e e e e e fffff644 8c 8e 38 31 27
FIXUPS: 1b81f 16 34 a4 f 12 25 19 10 23 10 10 42 2e a 19 4b 10 60 21 d
FIXUPS: 1bb82 2c 1a 1e 15 fffff371 26 36 18 10 31 e e e e 19 73 e e e e
FIXUPS: 1b179 24 19 a 13 11 16 12 20 43 17 12 35 76 d1 e7 fffff2f2 e 20
FIXUPS: 1a82d 31 10 4f 26 18 10 42 c3 c6 80 63 38 31 c3 16 4e 2b 26 d 4a
FIXUPS: 1ae04 19 22 85 1c 19 21 10 fffff3be 77 34 3a 8 9 c 15 57 28 2a
FIXUPS: 1a534 2a 11 55 67 81 10 8 10 10 14 1c 12 1a 3b037 b fffc4fef e
FIXUPS: 1a78d 19 39 fffff11e ca e 7e 51 38 31 2a 15 10 3d 13 19 a6 5f 137
FIXUPS: 19e88 12 3a 8 9 c 15 33 1b 21 fb 175 77 36 12 16 fffff01b 55 1f
FIXUPS: 19379 1f 2d 59 28 c 2f 69 5a 15 30 3b 30 65 24 20 3c09a d e e c
FIXUPS: 196b9 4f 10 9a 12 1f 44 9 fffff5af b 39 22 2f 22 42 46 3c7e7 b
FIXUPS: 5571b c fffc385f 47 47 47 47 47 29 2f 13 13 3a 13 13 3a 13 13 57
FIXUPS: 19292 2a c fffff7ba 20 51 34 1f 7 7 7 7 7 7 7 7 38 34 10 7 7 7
FIXUPS: 18c16 7 7 7 7 10 2f e 5a 61 e 32 47 fffff72d 2a 2a 13 15 13 19
FIXUPS: 185b7 1e 20 10 13 1d 41 18 18 17 18 16 15 25 9b 1c 29 18 18 2b
FIXUPS: 18947 32 26 38 58 ffffef26 2d 12 13 5a 42 180 187 cd 32 18 d 3d
FIXUPS: 17ef6 e 190 33 181 28 46 10 19 2b 16 33 38 39 b8 10 13 16 13 ffffeeac
FIXUPS: 173a7 2c 33 d a0 17 a9 17 10f 1e 1a 10 aa 7 7 7 7 7 7 7 7 7 7 d
FIXUPS: 17815 e e e 44 33 10 fffff52b 1f 16 13 16 24 22 16 10 4b 18 18
FIXUPS: 16f4d 18 18 75 e4 18 30 15 2b a5 1c 22 3b 2f 1a 1e 13 2f 1a 1e
FIXUPS: 1656f 15d 45 38 31 2a 151 16 42 2c 15 13 2c 19 22 19 18 2f 40 43
FIXUPS: 16b0d 35 38 38 36 30 39 39 bf 10 55 19 ffffe698 1f 1f 1f 1f 1f
FIXUPS: 15539 19 11 10 38 1f 12 2b 155 168 154 c1 15c 45 38 31 2a 3f d
FIXUPS: 15d98 41 163 157 15f 169 154 ffffe887 16 19 f 10 3c 17 26 43 17
FIXUPS: 14e7d 1c 38 17 24 28 2b 2a 2e 2f 33 35 10 14 10 28f e e 19 33 e
FIXUPS: 15395 fffff01f 61 d7 45 9b 19 2b 2b 1fe be 8e 19 f 72 f 42 26 5c
FIXUPS: 14b15 f 34 3b 2e 18 4e 19 2f 7 31 7 41 38 ffffec14 36 e e e e e
FIXUPS: 139c5 e e 21 19 3e 20 61 32 1f ac a7 66 d c8 3c 3d 39 15c b6 52
FIXUPS: 140fb 14 1b 1f1 ffffea2d 6 13 57 71 17c 128 ab 45b 35 4c 2c 11
FIXUPS: 136a1 da a d 34 39 10 44 10 2e e e e e e e e e 21 ffffe799 a1 123
FIXUPS: 1228c e7 d 19 25 b b 14 8d 22 19 2c 7 26 22 7 52 2c 50 2f f 13
FIXUPS: 12667 f 4a 8 e 33 16 fffff3ac 1c 73 57 18 10 5c 26 31 33 22 12b
FIXUPS: 11e43 40 1b 1b d 3d 1b 1b d 13 25 38 20 7 24 2e 27 7 26 f fffff4a8
FIXUPS: 11548 e e e e e e 16 1c 10 10 1b 63 45 32 30 60 47 28 47 47 2b
FIXUPS: 118c3 2e 5a 2e 2e 41 8f 1c 1c fffff88d 16 19 39 e e e e e e e e
FIXUPS: 11422 e e e e e e e e e e e e e e e e e e e fffffc50 e e e e e
FIXUPS: 111d0 e e e e e e e e e e e e e e e e e e e e e e e e e fffff92a
FIXUPS: 10c73 1a 1b 1b 1f 41 18 1b 1a 1b 1b 1a 1b 1b 1a 1b 1b 1a 1b 1b
FIXUPS: 10eb8 10e 46 46 46 46 33 33 e e e fffff699 19 64 3a 42 18 1b 1f
FIXUPS: 10990 18 1b 1a 1b 1b 1f 3e 18 1b 1a 1b 1b 1a 1b 1b 1f 3e 18 1b
FIXUPS: 10bed 1b 1b 1a ffffe9ec 2f e9 11 10 42 1a 5f 1e 10 1ed 59 88 d
FIXUPS: fefa d 15e a6 a3 93 81 3b 10 16f d 225 18 10 31 d 47 4f ffffe002
FIXUPS: e800 c 22 233 e e e 10 3c e e e 17 3e 44 25 43 1f 18 e 35 285 f
FIXUPS: efd1 f 26e f 78 f 60 16 ffffdd3d 91 140 13 237 b1 12f d6 2f 10
FIXUPS: d7d7 10 30 10 837 20d 9e 86 102 17 19 41 18 4b 43 a8 47 c 3c 19
FIXUPS: e70a 99 ffffd9b7 32 6 24 4a 7 7 7 13 10 36 a 7 10 2f a 10 3b 256
FIXUPS: c5cd 94 275 13 2ce 11f 13 32 171 6d 6e 72 6e ffffe456 7e 388 7c
FIXUPS: b96c 1e 1e d 3e a1 3e 9e f9 34 96 16 34 93 37 10 30 10 41 97 1a
FIXUPS: bfb5 82 12 80 b 2c 2f ffffda80 66 19 25 4b 57 5d 5e 226 13 90 32
FIXUPS: a250 42 10b 1c 32 af af 32 af 1f 32 8f 27f 2d b6 18d 2d b1 67a
FIXUPS: b3cd ffffddfb 1f 45 1c 62 1f 39 ff 31 15f f1 8 10 40 10 24 1d 9
FIXUPS: 974b 15 ba 1e 16 138 46 26 2d a 7 7 20 76 ffffeec4 8d 72 77 52
FIXUPS: 8b78 bb 21 b 2f 2f 26 c3 9b 39 18 f f e 1b 10 a d 48 32 1b a d
FIXUPS: 8fdb 37 129 3f fffff2d4 16 16 16 16 e 9c 37 d 22 26 1e b 24 24
FIXUPS: 8670 2c 1b 27 b 20 23 3b d 22 2d 1a 43 61 7 1f 5d fffff10e 81 81
FIXUPS: 7b95 31 232 1f b0 1c 2f a5 11d 2e 59 13 13 13 13 13 e 7c 49 1f
FIXUPS: 82e9 15 16 16 16 16 e a4 31 ffffe85f 3f 10 22 34 47 22 e 1c af
FIXUPS: 6e9e 96 1f 34 19d 33 a5 1db a5 c1 1f 144 1c 61 1c 3e 13 5a 6b 56
FIXUPS: 78c4 cd ffffefae 3b 43 1f 1f 1f 1f 1e 1a 1a 1a 1a 29 15 a 15 a
FIXUPS: 6b3b c b 15 a 15 a 15 c 21 a d 22 3b 46 fffff0c5 8 14e 45 28 1f
FIXUPS: 5f93 4d 32 68 23 4b 7 1f 39 10 a 22 31 10 1f 34 30 22 601 19 12
FIXUPS: 68ad 14 f 52 d ffffece2 c 17 2d 31 7 1f 1d4 d 1f 1f 45 1f 1f 3d
FIXUPS: 59a4 10 49 1d 14 51 7 1f 2c f9 3f 1c 37 1f 1f 66 1c fffff21e 3c
FIXUPS: 4f8b 16 16 23 5c 1f 32 10 1f 26 e 42 50 30 e 42 42 42 32 27 29
FIXUPS: 532b 27 128 ab 2c 29 e 1f 52 fffff3fb 16 69 1f 60 15 2e 52 41 1f
FIXUPS: 4c17 1a 1f 6 f f 16 51 18 a 2f 56 31 29 13 13 5f 3e 13 13 23 33
FIXUPS: 3ec5 1c cd 1f 37 13 12 b 1c ac cb 2b 8 1c7 54 10 182 10 169 1c
FIXUPS: 47f5 19 13 4b 1f 3c d 22 81 1f 33 15 ffffe7bd 7 2a 1e 7 46 d 22
FIXUPS: 3321 63 25 1d 1d 35 a 22 371 1c 64 1c 8c 1c 64 1c be 1c 5a 1c 6c
FIXUPS: 3b51 307 1c ffffee45 16 19 14 29 42 8 f 19 19 14 29 42 b2 1f 67
FIXUPS: 2f6f 8 37 13 99 14 10 a 7 d 33 19 1f 3c d 2d fffff386 29 4e 29
FIXUPS: 25e8 29 6c 29 48 29 52 29 79 10 34 29 59 43 29 43 7 29 47 29 94
FIXUPS: 2add aa 10 6a 10 46 53 fffff1c5 10 2a d 50 d 26 5 d 33 d 33 10
FIXUPS: 1ffe d 97 3a d6 22 4e 22 34 22 25 22 1f a3 29 4e 29 42 29 30f31
FIXUPS: 33414 46 12 12 13 d d 36 d fffce6cb d 2c 11 19 25 23 1b 2a d 3b
FIXUPS: 1cfe 2b d 55 2e 11 d 22 d 34 11 312ab 7 7 7 b 38 26 24 12 2b 8
FIXUPS: 331e6 c 10 b 11 f f 12 1a 2298f c c b fffdd692 11 28 2a 65 228b0
FIXUPS: 55c2f fffdd778 fffff9ed 1a 22e19 c b fffdd200 21 13 19 16 f b b
FIXUPS: 32e76 d 1e 5f 58 2f c c 11 35 27 21 7 27 21 7 1a 36 1c fffff962
FIXUPS: 32a78 7 1e 18 1a 230d8 b fffdcf4c 24 13 19 1a f f 3a b5 2a 37 17
FIXUPS: 32cfc 7 7 7 7 7 7 2b 8 9 c 14 fffff94a 28 21 2c 27 7 7 7 7 7 7
FIXUPS: 32799 12 37 27 7 7 7 7 7 7 7 12 1a 23311 c b fffdcd20 15 6c 20
FIXUPS: 32a22 fffff933 c c 3a 34 20 22 1e 22 24 2b 8 9 c 14 f 12 1a 2362f
FIXUPS: 55b53 c b fffdc9db 15 12 29 15 49 14 a0 8 b fffff855 21 22 2b 7
FIXUPS: 31f94 12 12 1a 23b55 b fffdc4d7 11 69 20 13 10 25 10 8c 11 13 33
FIXUPS: 321ff 15 19 16 61 f 2c 2c 43 fffff881 32 d 30 21 15 19 16 1f 15
FIXUPS: 31d16 c 1f 3a 41 29 13 7 24 2b 8 9 c 14 f 12 1a 23c3d c c b fffdc3d4
FIXUPS: 317b1 c 14 f 12 1a 2429b c c b fffdbd92 15 4a 1e 15 24 241c2 b
FIXUPS: 31947 2b 23 55 ec 49 1c 36 b b e e e e fffff763 5c 52 20 11 5b
FIXUPS: 55a84 b fffdba08 35 35 d 30 21 13 19 16 1b 15 4d c c 38 47 3f 5a
FIXUPS: 31755 7 7 12 2b 8 fffff63f 49 15 1b 24 c 160 be 3e 28 30 3e 7 7
FIXUPS: 311b4 2b 8 9 c 14 f f 12 1a 247ed c c c b fffdb836 15 e fffff803
FIXUPS: 30ae5 19 16 2d c 1e 44 51 25 12 27 21 f 7 2b 8 9 c 14 f 12 1a 24ceb
FIXUPS: 55a23 c b fffdb324 21 13 19 16 fffff946 19 16 1f 60 7 16 c c 3a
FIXUPS: 30857 31 30 7 7 7 12 2b 8 9 c 14 f 12 1a 25071 c c b fffdaf9d da
FIXUPS: 30aae fffff8b5 9 c 14 f 12 1a 255d0 c c b fffdaa58 15 e e e e c
FIXUPS: 3048b 37 43 72 20 46 7 77 25369 b fffdacc2 d 30 24 fffff86e 2a
FIXUPS: 2ffa3 63 7a 20 19 22 16 d 10 3e 21 38 8 9 c 17 1a 25784 b fffda89c
FIXUPS: 30242 13 19 29 3e 24 21 f 7 2b fffff84c 1a 25d66 c b fffda2d0 15
FIXUPS: 2fc39 2c 3b 4b 13 1c 7 17 1a 25c05 b fffda41c 24 15 44 3e 24 15
FIXUPS: 2fea1 64 7 1b a c b fffff8fb 1e 4f 7 7 7 7 17 1a 25fea b fffda05c
FIXUPS: 2f963 18 3b 24 3b 7 7 17 1a 25eb3 b fffda18c 15 16 3f 23 48 7 7
FIXUPS: 2fb95 860e 1db76 e fffe24c7 d 36 13 13 32 5 d 73 10 ffff700a a0
FIXUPS: 2f565 37 13 d8 15 28 3a 2b 28 7 17 1a 2613e b fffd9f0c 15 18 837e
FIXUPS: 37ba1 34 17 35 2b 56 23 22 4c 16 1b 2e 17 1df5d fffe20eb 17 1f
FIXUPS: 37e33 d 32 10 72 1a 76 10 d6 10 35 38 6d 1f fffff511 10 2e 10 34
FIXUPS: 37716 b1 7 c e b 10 e b 10 c c 27 c9 10 2e 10 34 10 6e 10 30 1a
FIXUPS: 37ac5 17 69 10 fffff66e 10 4a 16 13 13 13 3d 8 49 1d 15 10 39 10
FIXUPS: 37439 10 68 a 18 17 21 1a 13 24 15 2f c 25 f 62 10 fffff840 11
FIXUPS: 36eb4 f 8 c 15 11 d 1b 14 10 3a c 11 11 f 35 17 f 1a 2e 20 25 18
FIXUPS: 370f7 d 2d 13 13 40 1d fffff7c1 e 17 3e 17 34 c 11 11 f 34 10 30
FIXUPS: 36aee 37 17 3c 17 62 c 12 b e 11 b 15 c 1b 17 142 64 44 fffff484
FIXUPS: 3631c f 1a 2e 20 25 18 37 d be 10 93 10 2f 1a 77 e 17 3b e 17 3e
FIXUPS: 3671f 128 6d 3b 1c f f b 10 fffff606 e e 15 20 15 10 f 10 36 10
FIXUPS: 36082 10 d 2e 10 82 17 28 11 3a 38 c 12 b e 11 b 15 c 1b 17 fffff988
FIXUPS: 35c6b f f b 10 31 f f f 21 2e 12 36 f d 30 f f d 3d d 37 a 8 31
FIXUPS: 35ee2 17 11 9 19 16 fffff920 21 32 e 17 3e 17 6a f d 32 7 c e b
FIXUPS: 35a23 e b 10 c c 27 36 10 33 10 35 18 34 17 43 20 200a7 fffdf886
FIXUPS: 35554 19 8 f 15 c 1a 20705 9 17 b fffdf90e 10 40 14 10 3c c 10
FIXUPS: 35703 d 35 d 35 1e 3a 20 36 f f fffff86e 25 23 17 13 1a 1f 29 1f
FIXUPS: 351d3 21 1d 4b 13 1b 14 3f 16 d 4c 13 1b 14 3f 16 d 56 13 15 1a
FIXUPS: 55c94 17 fffded82 1e 19 21 31 1c 98 50 f 39 16 16 31 15 5a 1f 1e
FIXUPS: 34d24 20 3c 33 1c 98 50 f 39 16 16 2d 1f 111 1a fffff4af 3b 20
FIXUPS: 345c2 67 15 1f 16 10 35 1f 2b 8 15 1a 9 15 e 3b 29 1c 9f 50 f 30
FIXUPS: 34929 21 23 18 1b 10 5e fffff52f 15 18 1b 16 15 ae 21 1c 9f 50
FIXUPS: 341a3 20 2f 60 47 25 e 22 1c 14 e 37 34 34 37 37 50 25 41 12 3e
FIXUPS: 33a03 16 15 17 22235 b fffdde13 23 b 33 19 4d 1c 28 1f 1c 5c 90
FIXUPS: 33cf2 22 52 3a 15 18 19 6f 22 25 61 13 f f fffff5f0 7a 17 1f d
FIXUPS: 33604 63 e 11 9c 1d 28 f f d 2c 1b f 20 2243c c c b fffddbd4 8a
FIXUPS: 338e2 1d 40 10 57 1f 1f
