 PSINS

 Timestamp is 5fd36afa (Fri Dec 11 20:50:02 2020)

 Preferred load address is 00400000

 Start         Length     Name                   Class
 0001:00000000 00016b00H .text                   CODE
 0001:00016b00 00000065H .text$x                 CODE
 0002:00000000 000003b4H .rdata                  DATA
 0002:000003b8 00000088H .xdata$x                DATA
 0002:00000440 00000000H .edata                  DATA
 0003:00000000 00000004H .CRT$XCA                DATA
 0003:00000004 00000014H .CRT$XCU                DATA
 0003:00000018 00000004H .CRT$XCZ                DATA
 0003:0000001c 00000004H .CRT$XIA                DATA
 0003:00000020 00000004H .CRT$XIZ                DATA
 0003:00000030 000000a4H .data                   DATA
 0003:000000d8 000005acH .bss                    DATA
 0004:00000000 00000014H .idata$2                DATA
 0004:00000014 00000014H .idata$3                DATA
 0004:00000028 000000ccH .idata$4                DATA
 0004:000000f4 000000ccH .idata$5                DATA
 0004:000001c0 00000236H .idata$6                DATA

  Address         Publics by Value              Rva+Base     Lib:Object

 0001:00000000       ??0CKFApp@@QAE@N@Z         00401000 f   KFApp.obj
 0001:00000050       ?Init@CKFApp@@UAEXABVCSINS@@H@Z 00401050 f   KFApp.obj
 0001:000005c0       ?SetMeas@CKFApp@@UAEXABVCVect3@@0@Z 004015c0 f   KFApp.obj
 0001:00000690       ?Update@CKFApp@@QAEHPBVCVect3@@0HN@Z 00401690 f   KFApp.obj
 0001:000006f0       ?Miscellanous@CSINSKF@@UAEXXZ 004016f0 f i KFApp.obj
 0001:00000720       ?RTOutput@CSINSTDKF@@UAEXXZ 00401720 f i KFApp.obj
 0001:00000750       ?SetMeas@CKFApp@@UAEXXZ    00401750 f i KFApp.obj
 0001:00000780       _main                      00401780 f   Main_SinsGps.obj
 0001:00000a10       ??1CFileRdSr@@QAE@XZ       00401a10 f i Main_SinsGps.obj
 0001:00000a50       ??0CFileRdSr@@QAE@PBDH@Z   00401a50 f i Main_SinsGps.obj
 0001:00000b30       ?load@CFileRdSr@@QAEHHH@Z  00401b30 f i Main_SinsGps.obj
 0001:00000b80       ??0DataSensor@@QAE@XZ      00401b80 f i Main_SinsGps.obj
 0001:00000f30       ??0CGLV@@QAE@NNNN@Z        00401f30 f   PSINS.obj
 0001:00001210       ??0CVect3@@QAE@XZ          00402210 f   PSINS.obj
 0001:00001240       ??0CVect3@@QAE@N@Z         00402240 f   PSINS.obj
 0001:000012a0       ??0CVect3@@QAE@NNN@Z       004022a0 f   PSINS.obj
 0001:00001300       ??0CVect3@@QAE@PBN@Z       00402300 f   PSINS.obj
 0001:00001370       ??0CVect3@@QAE@PBM@Z       00402370 f   PSINS.obj
 0001:000013d0       ?IsZero@@YAHABVCVect3@@N@Z 004023d0 f   PSINS.obj
 0001:00001470       ?sZeroXY@@YAHABVCVect3@@N@Z 00402470 f   PSINS.obj
 0001:000014f0       ?IsNaN@@YAHABVCVect3@@@Z   004024f0 f   PSINS.obj
 0001:00001520       ??HCVect3@@QBE?AV0@ABV0@@Z 00402520 f   PSINS.obj
 0001:000015a0       ??GCVect3@@QBE?AV0@ABV0@@Z 004025a0 f   PSINS.obj
 0001:00001620       ??DCVect3@@QBE?AV0@ABV0@@Z 00402620 f   PSINS.obj
 0001:000016d0       ??DCVect3@@QBE?AV0@N@Z     004026d0 f   PSINS.obj
 0001:00001750       ??DCVect3@@QBE?AV0@ABVCMat3@@@Z 00402750 f   PSINS.obj
 0001:00001820       ??KCVect3@@QBE?AV0@N@Z     00402820 f   PSINS.obj
 0001:000018a0       ??KCVect3@@QBE?AV0@ABV0@@Z 004028a0 f   PSINS.obj
 0001:00001920       ??4CVect3@@QAEAAV0@N@Z     00402920 f   PSINS.obj
 0001:00001980       ??4CVect3@@QAEAAV0@PBN@Z   00402980 f   PSINS.obj
 0001:000019f0       ??YCVect3@@QAEAAV0@ABV0@@Z 004029f0 f   PSINS.obj
 0001:00001a50       ??ZCVect3@@QAEAAV0@ABV0@@Z 00402a50 f   PSINS.obj
 0001:00001ab0       ??XCVect3@@QAEAAV0@N@Z     00402ab0 f   PSINS.obj
 0001:00001b10       ??_0CVect3@@QAEAAV0@N@Z    00402b10 f   PSINS.obj
 0001:00001b70       ??_0CVect3@@QAEAAV0@ABV0@@Z 00402b70 f   PSINS.obj
 0001:00001bd0       ??D@YA?AVCVect3@@NABV0@@Z  00402bd0 f   PSINS.obj
 0001:00001c40       ??G@YA?AVCVect3@@ABV0@@Z   00402c40 f   PSINS.obj
 0001:00001cb0       ?vxv@@YA?AVCMat3@@ABVCVect3@@0@Z 00402cb0 f   PSINS.obj
 0001:00001da0       ?sqrt@@YA?AVCVect3@@ABV1@@Z 00402da0 f   PSINS.obj
 0001:00001e20       ?pow@@YA?AVCVect3@@ABV1@H@Z 00402e20 f   PSINS.obj
 0001:00001ea0       ?abs@@YA?AVCVect3@@ABV1@@Z 00402ea0 f   PSINS.obj
 0001:00001f90       ?norm@@YANABVCVect3@@@Z    00402f90 f   PSINS.obj
 0001:00001ff0       ?normInf@@YANABVCVect3@@@Z 00402ff0 f   PSINS.obj
 0001:00002130       ?normXY@@YANABVCVect3@@@Z  00403130 f   PSINS.obj
 0001:00002180       ?dot@@YANABVCVect3@@0@Z    00403180 f   PSINS.obj
 0001:000021d0       ?rv2q@@YA?AVCQuat@@ABVCVect3@@@Z 004031d0 f   PSINS.obj
 0001:00002320       ?askew@@YA?AVCMat3@@ABVCVect3@@@Z 00403320 f   PSINS.obj
 0001:000023c0       ?pos2Cen@@YA?AVCMat3@@ABVCVect3@@@Z 004033c0 f   PSINS.obj
 0001:000024c0       ?pp2vn@@YA?AVCVect3@@ABV1@0NPAVCEarth@@@Z 004034c0 f   PSINS.obj
 0001:00002610       ?sinAng@@YANABVCVect3@@0@Z 00403610 f   PSINS.obj
 0001:000026b0       ?MagYaw@@YANABVCVect3@@0N@Z 004036b0 f   PSINS.obj
 0001:000027c0       ?xyz2blh@@YA?AVCVect3@@ABV1@@Z 004037c0 f   PSINS.obj
 0001:00002980       ?blh2xyz@@YA?AVCVect3@@ABV1@@Z 00403980 f   PSINS.obj
 0001:00002a90       ?Vxyz2enu@@YA?AVCVect3@@ABV1@0@Z 00403a90 f   PSINS.obj
 0001:00002af0       ??0CQuat@@QAE@XZ           00403af0 f   PSINS.obj
 0001:00002b20       ??0CQuat@@QAE@NNNN@Z       00403b20 f   PSINS.obj
 0001:00002b90       ??0CQuat@@QAE@PBN@Z        00403b90 f   PSINS.obj
 0001:00002c20       ??HCQuat@@QBE?AV0@ABVCVect3@@@Z 00403c20 f   PSINS.obj
 0001:00002cb0       ??GCQuat@@QBE?AV0@ABVCVect3@@@Z 00403cb0 f   PSINS.obj
 0001:00002d30       ??GCQuat@@QBE?AVCVect3@@AAV0@@Z 00403d30 f   PSINS.obj
 0001:00002e70       ??DCQuat@@QBE?AV0@ABV0@@Z  00403e70 f   PSINS.obj
 0001:00002fa0       ??XCQuat@@QAEAAV0@ABV0@@Z  00403fa0 f   PSINS.obj
 0001:00002ff0       ??ZCQuat@@QAEAAV0@ABVCVect3@@@Z 00403ff0 f   PSINS.obj
 0001:00003070       ??S@YA?AVCQuat@@ABV0@@Z    00404070 f   PSINS.obj
 0001:000030f0       ??DCQuat@@QBE?AVCVect3@@ABV1@@Z 004040f0 f   PSINS.obj
 0001:00003280       ?SetYaw@CQuat@@QAEXN@Z     00404280 f   PSINS.obj
 0001:00003300       ?normlize@@YAXPAVCQuat@@@Z 00404300 f   PSINS.obj
 0001:000033b0       ?q2rv@@YA?AVCVect3@@ABVCQuat@@@Z 004043b0 f   PSINS.obj
 0001:000034e0       ?qq2phi@@YA?AVCVect3@@ABVCQuat@@0@Z 004044e0 f   PSINS.obj
 0001:00003550       ?UpDown@@YA?AVCQuat@@ABV1@@Z 00404550 f   PSINS.obj
 0001:000035e0       ??0CMat3@@QAE@XZ           004045e0 f   PSINS.obj
 0001:00003610       ??0CMat3@@QAE@NNNNNNNNN@Z  00404610 f   PSINS.obj
 0001:000036c0       ??0CMat3@@QAE@ABVCVect3@@00@Z 004046c0 f   PSINS.obj
 0001:00003790       ?dv2att@@YA?AVCMat3@@ABVCVect3@@000@Z 00404790 f   PSINS.obj
 0001:000039f0       ?vn2att@@YA?AVCVect3@@ABV1@@Z 004049f0 f   PSINS.obj
 0001:00003ab0       ??G@YA?AVCMat3@@ABV0@@Z    00404ab0 f   PSINS.obj
 0001:00003b80       ??S@YA?AVCMat3@@ABV0@@Z    00404b80 f   PSINS.obj
 0001:00003c30       ??DCMat3@@QBE?AV0@ABV0@@Z  00404c30 f   PSINS.obj
 0001:00003e00       ??HCMat3@@QBE?AV0@ABV0@@Z  00404e00 f   PSINS.obj
 0001:00003ee0       ??YCMat3@@QAEAAV0@ABV0@@Z  00404ee0 f   PSINS.obj
 0001:00003fb0       ??GCMat3@@QBE?AV0@ABV0@@Z  00404fb0 f   PSINS.obj
 0001:00004090       ??DCMat3@@QBE?AV0@N@Z      00405090 f   PSINS.obj
 0001:00004170       ??D@YA?AVCMat3@@NABV0@@Z   00405170 f   PSINS.obj
 0001:00004240       ??DCMat3@@QBE?AVCVect3@@ABV1@@Z 00405240 f   PSINS.obj
 0001:00004310       ?det@@YANABVCMat3@@@Z      00405310 f   PSINS.obj
 0001:000043a0       ?trace@@YANABVCMat3@@@Z    004053a0 f   PSINS.obj
 0001:000043d0       ?pow@@YA?AVCMat3@@ABV1@H@Z 004053d0 f   PSINS.obj
 0001:00004460       ?a2qua@@YA?AVCQuat@@NNN@Z  00405460 f   PSINS.obj
 0001:000045a0       ?a2qua@@YA?AVCQuat@@ABVCVect3@@@Z 004055a0 f   PSINS.obj
 0001:00004610       ?a2mat@@YA?AVCMat3@@ABVCVect3@@@Z 00405610 f   PSINS.obj
 0001:00004760       ?m2att@@YA?AVCVect3@@ABVCMat3@@@Z 00405760 f   PSINS.obj
 0001:00004820       ?m2qua@@YA?AVCQuat@@ABVCMat3@@@Z 00405820 f   PSINS.obj
 0001:00004af0       ?q2att@@YA?AVCVect3@@ABVCQuat@@@Z 00405af0 f   PSINS.obj
 0001:00004c60       ?q2mat@@YA?AVCMat3@@ABVCQuat@@@Z 00405c60 f   PSINS.obj
 0001:00004dc0       ?adj@@YA?AVCMat3@@ABV1@@Z  00405dc0 f   PSINS.obj
 0001:00004f20       ?inv@@YA?AVCMat3@@ABV1@@Z  00405f20 f   PSINS.obj
 0001:00004fc0       ?diag@@YA?AVCVect3@@ABVCMat3@@@Z 00405fc0 f   PSINS.obj
 0001:00005020       ?diag@@YA?AVCMat3@@ABVCVect3@@@Z 00406020 f   PSINS.obj
 0001:000050b0       ?foam@@YA?AVCMat3@@ABV1@H@Z 004060b0 f   PSINS.obj
 0001:00005370       ??0CMat@@QAE@XZ            00406370 f   PSINS.obj
 0001:000053a0       ??0CMat@@QAE@HH@Z          004063a0 f   PSINS.obj
 0001:000053f0       ??0CMat@@QAE@HHN@Z         004063f0 f   PSINS.obj
 0001:00005480       ??0CMat@@QAE@HHPBN@Z       00406480 f   PSINS.obj
 0001:00005500       ?Clear@CMat@@QAEXXZ        00406500 f   PSINS.obj
 0001:00005570       ??DCMat@@QBE?AV0@ABV0@@Z   00406570 f   PSINS.obj
 0001:00005760       ??DCMat@@QBE?AVCVect@@ABV1@@Z 00406760 f   PSINS.obj
 0001:000058b0       ??HCMat@@QBE?AV0@ABV0@@Z   004068b0 f   PSINS.obj
 0001:000059a0       ??YCMat@@QAEAAV0@ABVCVect@@@Z 004069a0 f   PSINS.obj
 0001:00005a30       ??GCMat@@QBE?AV0@ABV0@@Z   00406a30 f   PSINS.obj
 0001:00005b20       ??DCMat@@QBE?AV0@N@Z       00406b20 f   PSINS.obj
 0001:00005bf0       ??4CMat@@QAEAAV0@N@Z       00406bf0 f   PSINS.obj
 0001:00005c60       ??YCMat@@QAEAAV0@ABV0@@Z   00406c60 f   PSINS.obj
 0001:00005ce0       ??ZCMat@@QAEAAV0@ABV0@@Z   00406ce0 f   PSINS.obj
 0001:00005d60       ??XCMat@@QAEAAV0@N@Z       00406d60 f   PSINS.obj
 0001:00005dd0       ??ECMat@@QAEAAV0@XZ        00406dd0 f   PSINS.obj
 0001:00005e50       ??S@YA?AVCMat@@ABV0@@Z     00406e50 f   PSINS.obj
 0001:00005f40       ?symmetry@@YAXAAVCMat@@@Z  00406f40 f   PSINS.obj
 0001:00006030       ??RCMat@@QAEAANHH@Z        00407030 f   PSINS.obj
 0001:00006080       ?SetRow@CMat@@QAAXHNZZ     00407080 f   PSINS.obj
 0001:00006110       ?SetRow@CMat@@QAEXHABVCVect@@@Z 00407110 f   PSINS.obj
 0001:00006190       ?SetClm@CMat@@QAAXHNZZ     00407190 f   PSINS.obj
 0001:00006220       ?SetClm@CMat@@QAEXHABVCVect@@@Z 00407220 f   PSINS.obj
 0001:000062a0       ?SetClmVect3@CMat@@QAEXHHABVCVect3@@@Z 004072a0 f   PSINS.obj
 0001:00006330       ?SetRowVect3@CMat@@QAEXHHABVCVect3@@@Z 00407330 f   PSINS.obj
 0001:00006380       ?SetDiagVect3@CMat@@QAEXHHABVCVect3@@@Z 00407380 f   PSINS.obj
 0001:00006410       ?GetDiagVect3@CMat@@QAE?AVCVect3@@HH@Z 00407410 f   PSINS.obj
 0001:000064d0       ?SetAskew@CMat@@QAEXHHABVCVect3@@@Z 004074d0 f   PSINS.obj
 0001:000065c0       ?SetMat3@CMat@@QAEXHHABVCMat3@@@Z 004075c0 f   PSINS.obj
 0001:00006650       ?GetMat3@CMat@@QBE?AVCMat3@@HH@Z 00407650 f   PSINS.obj
 0001:00006710       ?SubAddMat3@CMat@@QAEXHHABVCMat3@@@Z 00407710 f   PSINS.obj
 0001:000067a0       ?GetRow@CMat@@QBE?AVCVect@@H@Z 004077a0 f   PSINS.obj
 0001:00006880       ?GetClm@CMat@@QBE?AVCVect@@H@Z 00407880 f   PSINS.obj
 0001:00006960       ?ZeroRow@CMat@@QAEXH@Z     00407960 f   PSINS.obj
 0001:000069d0       ?ZeroClm@CMat@@QAEXH@Z     004079d0 f   PSINS.obj
 0001:00006a40       ?SetDiag@CMat@@QAAXNZZ     00407a40 f   PSINS.obj
 0001:00006b10       ?SetDiag2@CMat@@QAAXNZZ    00407b10 f   PSINS.obj
 0001:00006be0       ?normInf@@YANAAVCMat@@@Z   00407be0 f   PSINS.obj
 0001:00006c80       ?diag@@YA?AVCVect@@ABVCMat@@@Z 00407c80 f   PSINS.obj
 0001:00006d60       ?RowMul@@YAXAAVCMat@@ABV1@1H@Z 00407d60 f   PSINS.obj
 0001:00006e50       ?RowMulT@@YAXAAVCMat@@ABV1@1H@Z 00407e50 f   PSINS.obj
 0001:00006f30       ?diag@@YA?AVCMat@@ABVCVect@@@Z 00407f30 f   PSINS.obj
 0001:00007040       ?DVMDVafa@@YAXABVCVect@@AAVCMat@@N@Z 00408040 f   PSINS.obj
 0001:00007130       ??0CVect@@QAE@XZ           00408130 f   PSINS.obj
 0001:00007160       ??0CVect@@QAE@HH@Z         00408160 f   PSINS.obj
 0001:000071d0       ??0CVect@@QAE@HN@Z         004081d0 f   PSINS.obj
 0001:00007250       ??0CVect@@QAE@HPBN@Z       00408250 f   PSINS.obj
 0001:000072d0       ??0CVect@@QAA@HNNZZ        004082d0 f   PSINS.obj
 0001:00007390       ??0CVect@@QAE@ABVCVect3@@@Z 00408390 f   PSINS.obj
 0001:00007420       ??0CVect@@QAE@ABVCVect3@@V1@@Z 00408420 f   PSINS.obj
 0001:000074d0       ??S@YA?AVCVect@@ABV0@@Z    004084d0 f   PSINS.obj
 0001:00007530       ??DCVect@@QBE?AV0@ABVCMat@@@Z 00408530 f   PSINS.obj
 0001:00007690       ??DCVect@@QBE?AVCMat@@ABV0@@Z 00408690 f   PSINS.obj
 0001:00007850       ??HCVect@@QBE?AV0@ABV0@@Z  00408850 f   PSINS.obj
 0001:00007930       ??GCVect@@QBE?AV0@ABV0@@Z  00408930 f   PSINS.obj
 0001:00007a10       ??DCVect@@QBE?AV0@N@Z      00408a10 f   PSINS.obj
 0001:00007af0       ??4CVect@@QAEAAV0@N@Z      00408af0 f   PSINS.obj
 0001:00007b60       ??4CVect@@QAEAAV0@PBN@Z    00408b60 f   PSINS.obj
 0001:00007bd0       ??YCVect@@QAEAAV0@ABV0@@Z  00408bd0 f   PSINS.obj
 0001:00007c50       ??ZCVect@@QAEAAV0@ABV0@@Z  00408c50 f   PSINS.obj
 0001:00007cd0       ??XCVect@@QAEAAV0@N@Z      00408cd0 f   PSINS.obj
 0001:00007d40       ?pow@@YA?AVCVect@@ABV1@H@Z 00408d40 f   PSINS.obj
 0001:00007e30       ?abs@@YA?AVCVect@@ABV1@@Z  00408e30 f   PSINS.obj
 0001:00007f40       ?norm@@YANABVCVect@@@Z     00408f40 f   PSINS.obj
 0001:00007fd0       ?normInf@@YANABVCVect@@@Z  00408fd0 f   PSINS.obj
 0001:00008070       ??RCVect@@QAEAANH@Z        00409070 f   PSINS.obj
 0001:000080a0       ?Set@CVect@@QAAXNZZ        004090a0 f   PSINS.obj
 0001:00008120       ?Set2@CVect@@QAAXNZZ       00409120 f   PSINS.obj
 0001:00008190       ??0CIIR@@QAE@XZ            00409190 f   PSINS.obj
 0001:000081c0       ??0CIIR@@QAE@PAN0H@Z       004091c0 f   PSINS.obj
 0001:00008280       ?Update@CIIR@@QAENN@Z      00409280 f   PSINS.obj
 0001:00008390       ??0CIIRV3@@QAE@XZ          00409390 f   PSINS.obj
 0001:00008400       ??0CIIRV3@@QAE@PAN0H00H00H@Z 00409400 f   PSINS.obj
 0001:00008520       ?Update@CIIRV3@@QAE?AVCVect3@@ABV2@@Z 00409520 f   PSINS.obj
 0001:000085e0       ??0CRAvar@@QAE@XZ          004095e0 f   PSINS.obj
 0001:00008610       ??0CRAvar@@QAE@HH@Z        00409610 f   PSINS.obj
 0001:00008690       ?set@CRAvar@@QAEXNNNNH@Z   00409690 f   PSINS.obj
 0001:000087b0       ?set@CRAvar@@QAEXABVCVect3@@000@Z 004097b0 f   PSINS.obj
 0001:00008870       ?set@CRAvar@@QAEXABVCVect@@000@Z 00409870 f   PSINS.obj
 0001:00008940       ?Update@CRAvar@@QAEXNNH@Z  00409940 f   PSINS.obj
 0001:00008b30       ?Update@CRAvar@@QAEXABVCVect3@@N@Z 00409b30 f   PSINS.obj
 0001:00008bb0       ?Update@CRAvar@@QAEXABVCVect@@N@Z 00409bb0 f   PSINS.obj
 0001:00008c30       ??RCRAvar@@QAENH@Z         00409c30 f   PSINS.obj
 0001:00008cb0       ??0CVAR@@QAE@HN@Z          00409cb0 f   PSINS.obj
 0001:00008d70       ?Update@CVAR@@QAENNH@Z     00409d70 f   PSINS.obj
 0001:00008ef0       ??0CVARn@@QAE@XZ           00409ef0 f   PSINS.obj
 0001:00008f30       ??0CVARn@@QAE@HH@Z         00409f30 f   PSINS.obj
 0001:000090b0       ??1CVARn@@QAE@XZ           0040a0b0 f   PSINS.obj
 0001:00009110       ?Reset@CVARn@@QAEXXZ       0040a110 f   PSINS.obj
 0001:000091a0       ?Update@CVARn@@QAEHPBN@Z   0040a1a0 f   PSINS.obj
 0001:000093e0       ?Update@CVARn@@QAAHNZZ     0040a3e0 f   PSINS.obj
 0001:00009470       ??0CMaxMin@@QAE@HHN@Z      0040a470 f   PSINS.obj
 0001:00009580       ?Update@CMaxMin@@QAEHN@Z   0040a580 f   PSINS.obj
 0001:00009720       ??0CMaxMinn@@QAE@HHHN@Z    0040a720 f   PSINS.obj
 0001:000097d0       ??_FCMaxMin@@QAEXXZ        0040a7d0 f i PSINS.obj
 0001:00009810       ??_H@YGXPAXIHP6EX0@Z@Z     0040a810 f i PSINS.obj
 0001:00009870       ?Update@CMaxMinn@@QAAHNZZ  0040a870 f   PSINS.obj
 0001:00009910       ?Update@CMaxMinn@@QAEHABVCVect3@@@Z 0040a910 f   PSINS.obj
 0001:000099a0       ?Update@CMaxMinn@@QAEHABVCVect3@@0@Z 0040a9a0 f   PSINS.obj
 0001:00009a70       ??0CKalman@@QAE@HH@Z       0040aa70 f   PSINS.obj
 0001:00009c50       ?Init@CKalman@@QAEXHH@Z    0040ac50 f   PSINS.obj
 0001:0000a0e0       ?TimeUpdate@CKalman@@QAEXNH@Z 0040b0e0 f   PSINS.obj
 0001:0000a270       ?SetMeasFlag@CKalman@@QAEXH@Z 0040b270 f   PSINS.obj
 0001:0000a2c0       ?MeasUpdate@CKalman@@QAEHN@Z 0040b2c0 f   PSINS.obj
 0001:0000a620       ?RAdaptive@CKalman@@QAEHHNN@Z 0040b620 f   PSINS.obj
 0001:0000a7b0       ?RPkFading@CKalman@@QAEXH@Z 0040b7b0 f   PSINS.obj
 0001:0000a8a0       ?XPConstrain@CKalman@@QAEXXZ 0040b8a0 f   PSINS.obj
 0001:0000abe0       ?Feedback@CKalman@@UAEXN@Z 0040bbe0 f   PSINS.obj
 0001:0000ade0       ?RtFading@CKalman@@QAEXHN@Z 0040bde0 f   PSINS.obj
 0001:0000af10       ?fusion@@YAXPAN0PBN1H00@Z  0040bf10 f   PSINS.obj
 0001:0000b0c0       ??0CSINSKF@@QAE@HH@Z       0040c0c0 f   PSINS.obj
 0001:0000b230       ?Init@CSINSKF@@QAEXABVCSINS@@H@Z 0040c230 f   PSINS.obj
 0001:0000c400       ?SetFt@CSINSKF@@UAEXH@Z    0040d400 f   PSINS.obj
 0001:0000c7e0       ?SetHk@CSINSKF@@UAEXH@Z    0040d7e0 f   PSINS.obj
 0001:0000c970       ?Update@CSINSKF@@QAEHPBVCVect3@@0HN@Z 0040d970 f   PSINS.obj
 0001:0000ca10       ?Feedback@CSINSKF@@UAEXN@Z 0040da10 f   PSINS.obj
 0001:0000cad0       ?QtMarkovGA@CSINSKF@@QAEXABVCVect3@@000@Z 0040dad0 f   PSINS.obj
 0001:0000cb70       ?SetYaw@CSINSKF@@QAEXN@Z   0040db70 f   PSINS.obj
 0001:0000cd20       ?SecretAttitude@CSINSKF@@UAEXXZ 0040dd20 f   PSINS.obj
 0001:0000ce10       ??0CSINSTDKF@@QAE@HH@Z     0040de10 f   PSINS.obj
 0001:0000ced0       ?Init@CSINSTDKF@@QAEXABVCSINS@@H@Z 0040ded0 f   PSINS.obj
 0001:0000d040       ?TDReset@CSINSTDKF@@QAEXXZ 0040e040 f   PSINS.obj
 0001:0000d0b0       ?TDUpdate@CSINSTDKF@@QAEHPBVCVect3@@0HNH@Z 0040e0b0 f   PSINS.obj
 0001:0000d9a0       ?MeasUpdate@CSINSTDKF@@QAEXABVCVect@@NN@Z 0040e9a0 f   PSINS.obj
 0001:0000db60       ??0CSINSGPSOD@@QAE@XZ      0040eb60 f   PSINS.obj
 0001:0000dcc0       ?Init@CSINSGPSOD@@QAEXABVCSINS@@H@Z 0040ecc0 f   PSINS.obj
 0001:0000e4f0       ?SetFt@CSINSGPSOD@@UAEXH@Z 0040f4f0 f   PSINS.obj
 0001:0000e690       ?SetMeas@CSINSGPSOD@@UAEXXZ 0040f690 f   PSINS.obj
 0001:0000e750       ?Feedback@CSINSGPSOD@@UAEXN@Z 0040f750 f   PSINS.obj
 0001:0000e840       ?SetMeasGPS@CSINSGPSOD@@QAEXABVCVect3@@0@Z 0040f840 f   PSINS.obj
 0001:0000e910       ?SetMeasOD@CSINSGPSOD@@QAEXNN@Z 0040f910 f   PSINS.obj
 0001:0000eab0       ?SetMeasYaw@CSINSGPSOD@@QAEXN@Z 0040fab0 f   PSINS.obj
 0001:0000eb70       ?Update@CSINSGPSOD@@QAEHPBVCVect3@@0HN@Z 0040fb70 f   PSINS.obj
 0001:0000ebd0       ??0CEarth@@QAE@NNN@Z       0040fbd0 f   PSINS.obj
 0001:0000ed30       ?Update@CEarth@@QAEXABVCVect3@@0@Z 0040fd30 f   PSINS.obj
 0001:0000f020       ?vn2dpos@CEarth@@QBE?AVCVect3@@ABV2@N@Z 00410020 f   PSINS.obj
 0001:0000f0b0       ??0CIMU@@QAE@XZ            004100b0 f   PSINS.obj
 0001:0000f210       ?SetRFU@CIMU@@QAEXPBE@Z    00410210 f   PSINS.obj
 0001:0000f280       ?SetgSens@CIMU@@QAEXABVCMat3@@00@Z 00410280 f   PSINS.obj
 0001:0000f320       ?SetKa2@CIMU@@QAEXABVCVect3@@@Z 00410320 f   PSINS.obj
 0001:0000f370       ?Update@CIMU@@QAEXPBVCVect3@@0HN@Z 00410370 f   PSINS.obj
 0001:0000fa80       ?IMURFU@@YAXPAVCVect3@@HPBE@Z 00410a80 f   PSINS.obj
 0001:0000fbe0       ?IMURFU@@YAXPAVCVect3@@0HPBE@Z 00410be0 f   PSINS.obj
 0001:0000fc40       ??0CSINS@@QAE@ABVCVect3@@00N@Z 00410c40 f   PSINS.obj
 0001:0000ff20       ??0CSINS@@QAE@ABVCQuat@@ABVCVect3@@1N@Z 00410f20 f   PSINS.obj
 0001:000101f0       ?Init@CSINS@@QAEXABVCQuat@@ABVCVect3@@1N@Z 004111f0 f   PSINS.obj
 0001:000105a0       ?SetTauGA@CSINS@@QAEXABVCVect3@@0@Z 004115a0 f   PSINS.obj
 0001:000107a0       ?Update@CSINS@@QAEXPBVCVect3@@0HN@Z 004117a0 f   PSINS.obj
 0001:00010f80       ?Extrap@CSINS@@QAEXABVCVect3@@0N@Z 00411f80 f   PSINS.obj
 0001:00011140       ?Extrap@CSINS@@QAEXN@Z     00412140 f   PSINS.obj
 0001:000112c0       ?lever@CSINS@@QAEXABVCVect3@@@Z 004122c0 f   PSINS.obj
 0001:00011480       ?etm@CSINS@@QAEXXZ         00412480 f   PSINS.obj
 0001:000118f0       ?Init@CAVPInterp@@QAEXABVCSINS@@@Z 004128f0 f   PSINS.obj
 0001:00011950       ?Init@CAVPInterp@@QAEXABVCVect3@@00N@Z 00412950 f   PSINS.obj
 0001:00011a30       ?Push@CAVPInterp@@QAEXABVCSINS@@@Z 00412a30 f   PSINS.obj
 0001:00011a90       ?Push@CAVPInterp@@QAEXABVCVect3@@00@Z 00412a90 f   PSINS.obj
 0001:00011b30       ?Interp@CAVPInterp@@QAEHN@Z 00412b30 f   PSINS.obj
 0001:00011ec0       ?time2fname@@YAPADXZ       00412ec0 f   PSINS.obj
 0001:00011f40       ?Dir@CFileRdWt@@SAXPBD0@Z  00412f40 f   PSINS.obj
 0001:00012070       ??0CFileRdWt@@QAE@XZ       00413070 f   PSINS.obj
 0001:000120a0       ??0CFileRdWt@@QAE@PBDH@Z   004130a0 f   PSINS.obj
 0001:00012110       ??1CFileRdWt@@QAE@XZ       00413110 f   PSINS.obj
 0001:00012170       ?Init@CFileRdWt@@QAEXPBDH@Z 00413170 f   PSINS.obj
 0001:00012540       ??_GCFileRdWt@@QAEPAXI@Z   00413540 f i PSINS.obj
 0001:000125a0       ?load@CFileRdWt@@QAEHHH@Z  004135a0 f   PSINS.obj
 0001:00012a80       ?loadf32@CFileRdWt@@QAEHH@Z 00413a80 f   PSINS.obj
 0001:00012b90       ?load@CFileRdWt@@QAEJPAEJ@Z 00413b90 f   PSINS.obj
 0001:00012c70       ?filesize@CFileRdWt@@QAEJH@Z 00413c70 f   PSINS.obj
 0001:00012d60       ?getl@CFileRdWt@@QAEHXZ    00413d60 f   PSINS.obj
 0001:00012dd0       ??6CFileRdWt@@QAEAAV0@N@Z  00413dd0 f   PSINS.obj
 0001:00012e30       ??6CFileRdWt@@QAEAAV0@ABVCVect3@@@Z 00413e30 f   PSINS.obj
 0001:00012e90       ??6CFileRdWt@@QAEAAV0@ABVCQuat@@@Z 00413e90 f   PSINS.obj
 0001:00012ef0       ??6CFileRdWt@@QAEAAV0@ABVCMat3@@@Z 00413ef0 f   PSINS.obj
 0001:00012f50       ??6CFileRdWt@@QAEAAV0@ABVCVect@@@Z 00413f50 f   PSINS.obj
 0001:00012fc0       ??6CFileRdWt@@QAEAAV0@ABVCMat@@@Z 00413fc0 f   PSINS.obj
 0001:00013030       ??6CFileRdWt@@QAEAAV0@ABVCRAvar@@@Z 00414030 f   PSINS.obj
 0001:00013090       ??6CFileRdWt@@QAEAAV0@ABVCMaxMinn@@@Z 00414090 f   PSINS.obj
 0001:00013170       ??6CFileRdWt@@QAEAAV0@ABVCAligni0@@@Z 00414170 f   PSINS.obj
 0001:00013200       ??6CFileRdWt@@QAEAAV0@ABVCSINS@@@Z 00414200 f   PSINS.obj
 0001:000132a0       ??6CFileRdWt@@QAEAAV0@ABVCRMemory@@@Z 004142a0 f   PSINS.obj
 0001:00013300       ??6CFileRdWt@@QAEAAV0@AAVCKalman@@@Z 00414300 f   PSINS.obj
 0001:000133c0       ??5CFileRdWt@@QAEAAV0@AAN@Z 004143c0 f   PSINS.obj
 0001:00013420       ??5CFileRdWt@@QAEAAV0@AAVCVect3@@@Z 00414420 f   PSINS.obj
 0001:00013480       ??5CFileRdWt@@QAEAAV0@AAVCQuat@@@Z 00414480 f   PSINS.obj
 0001:000134e0       ??5CFileRdWt@@QAEAAV0@AAVCMat3@@@Z 004144e0 f   PSINS.obj
 0001:00013540       ??5CFileRdWt@@QAEAAV0@AAVCVect@@@Z 00414540 f   PSINS.obj
 0001:000135b0       ??5CFileRdWt@@QAEAAV0@AAVCMat@@@Z 004145b0 f   PSINS.obj
 0001:00013620       ??0CRMemory@@QAE@JH@Z      00414620 f   PSINS.obj
 0001:000136c0       ??0CRMemory@@QAE@PAEJH@Z   004146c0 f   PSINS.obj
 0001:00013750       ??1CRMemory@@QAE@XZ        00414750 f   PSINS.obj
 0001:000137b0       ?pop@CRMemory@@QAEEPAE@Z   004147b0 f   PSINS.obj
 0001:000138a0       ?get@CRMemory@@QAEPAEH@Z   004148a0 f   PSINS.obj
 0001:000138e0       ?push@CRMemory@@QAEHPBE@Z  004148e0 f   PSINS.obj
 0001:000139f0       ?Alignsb@@YA?AVCVect3@@V1@0N@Z 004149f0 f   PSINS.obj
 0001:00013c40       ??0CAligni0@@QAE@ABVCVect3@@0H@Z 00414c40 f   PSINS.obj
 0001:00013da0       ?Init@CAligni0@@QAEXABVCVect3@@0H@Z 00414da0 f   PSINS.obj
 0001:00013f30       ?Update@CAligni0@@QAE?AVCQuat@@PBVCVect3@@0HNABV3@@Z 00414f30 f   PSINS.obj
 0001:000145b0       ??0CAlignkf@@QAE@XZ        004155b0 f   PSINS.obj
 0001:00014660       ?SetMeas@CAlignkf@@UAEXXZ  00415660 f i PSINS.obj
 0001:00014690       ??0CAlignkf@@QAE@ABVCSINS@@@Z 00415690 f   PSINS.obj
 0001:00014710       ?Init@CAlignkf@@QAEXABVCSINS@@@Z 00415710 f   PSINS.obj
 0001:00014d60       ?Update@CAlignkf@@QAEHPBVCVect3@@0HN@Z 00415d60 f   PSINS.obj
 0001:00014ef0       ?Update@CAlignkf@@QAEHPBVCVect3@@0HNABV2@@Z 00415ef0 f   PSINS.obj
 0001:00014fd0       ??0CAligntrkang@@QAE@NNN@Z 00415fd0 f   PSINS.obj
 0001:000150a0       ?SetMeas@CAligntrkang@@UAEXXZ 004160a0 f i PSINS.obj
 0001:000150d0       ?Init@CAligntrkang@@QAEXABVCSINS@@@Z 004160d0 f   PSINS.obj
 0001:000155f0       ?Update@CAligntrkang@@QAEHPBVCVect3@@0HNABV2@@Z 004165f0 f   PSINS.obj
 0001:00015900       ??0CAlignsv@@QAE@XZ        00416900 f   PSINS.obj
 0001:00015970       ??0CAlignsv@@QAE@ABVCVect3@@NNN@Z 00416970 f   PSINS.obj
 0001:00015a10       ?Init@CAlignsv@@QAEXABVCVect3@@NNN@Z 00416a10 f   PSINS.obj
 0001:00015bc0       ??_GCRMemory@@QAEPAXI@Z    00416bc0 f i PSINS.obj
 0001:00015c20       ??1CAlignsv@@QAE@XZ        00416c20 f   PSINS.obj
 0001:00015ca0       ?Update@CAlignsv@@QAEHPBVCVect3@@0@Z 00416ca0 f   PSINS.obj
 0001:00015ea0       ?swap16@@YAGG@Z            00416ea0 f   PSINS.obj
 0001:00015ef0       ?swap24@@YAPAEPAE0@Z       00416ef0 f   PSINS.obj
 0001:00015f50       ?swap32@@YAII@Z            00416f50 f   PSINS.obj
 0001:00015fc0       ?swap64@@YAKK@Z            00416fc0 f   PSINS.obj
 0001:00016060       ?int24@@YAPAEPAEH@Z        00417060 f   PSINS.obj
 0001:000160d0       ?diffint24@@YAHPBE0@Z      004170d0 f   PSINS.obj
 0001:000161b0       ?r2dm@@YANN@Z              004171b0 f   PSINS.obj
 0001:00016250       ?dm2r@@YANN@Z              00417250 f   PSINS.obj
 0001:000162f0       ?logtrigger@@YAHHN@Z       004172f0 f   PSINS.obj
 0001:00016360       ?IsZero@@YAHNN@Z           00417360 f   PSINS.obj
 0001:000163b0       ?sign@@YAHNN@Z             004173b0 f   PSINS.obj
 0001:00016410       ?range@@YANNNN@Z           00417410 f   PSINS.obj
 0001:00016480       ?atan2Ex@@YANNN@Z          00417480 f   PSINS.obj
 0001:00016510       ?diffYaw@@YANNN@Z          00417510 f   PSINS.obj
 0001:00016580       ?MKQt@@YANNN@Z             00417580 f   PSINS.obj
 0001:000165b0       ?MKQt@@YA?AVCVect3@@ABV1@0@Z 004175b0 f   PSINS.obj
 0001:00016640       ?randn@@YANNN@Z            00417640 f   PSINS.obj
 0001:00016710       ?randn@@YA?AVCVect3@@ABV1@0@Z 00417710 f   PSINS.obj
 0001:000167b2       __chkesp                   004177b2 f   MSVCRTD:MSVCRTD.dll
 0001:000167c0       _printf                    004177c0 f   MSVCRTD:MSVCRTD.dll
 0001:000167c6       ___CxxFrameHandler         004177c6 f   MSVCRTD:MSVCRTD.dll
 0001:000167d0       __alloca_probe             004177d0 f   MSVCRTD:chkstk.obj
 0001:000167d0       __chkstk                   004177d0 f   MSVCRTD:chkstk.obj
 0001:00016800       _fseek                     00417800 f   MSVCRTD:MSVCRTD.dll
 0001:00016806       _memcpy                    00417806 f   MSVCRTD:MSVCRTD.dll
 0001:0001680c       _sqrt                      0041780c f   MSVCRTD:MSVCRTD.dll
 0001:00016812       _sin                       00417812 f   MSVCRTD:MSVCRTD.dll
 0001:00016818       _cos                       00417818 f   MSVCRTD:MSVCRTD.dll
 0001:0001681e       _atan2                     0041781e f   MSVCRTD:MSVCRTD.dll
 0001:00016824       _acos                      00417824 f   MSVCRTD:MSVCRTD.dll
 0001:0001682a       _asin                      0041782a f   MSVCRTD:MSVCRTD.dll
 0001:00016830       _fabs                      00417830 f   MSVCRTD:MSVCRTD.dll
 0001:00016836       ??2@YAPAXI@Z               00417836 f   MSVCRTD:MSVCRTD.dll
 0001:0001683c       ??3@YAXPAX@Z               0041783c f   MSVCRTD:MSVCRTD.dll
 0001:00016842       _memset                    00417842 f   MSVCRTD:MSVCRTD.dll
 0001:00016848       __purecall                 00417848 f   MSVCRTD:MSVCRTD.dll
 0001:0001684e       _exit                      0041784e f   MSVCRTD:MSVCRTD.dll
 0001:00016854       __ftol                     00417854 f   MSVCRTD:MSVCRTD.dll
 0001:0001685a       _strftime                  0041785a f   MSVCRTD:MSVCRTD.dll
 0001:00016860       _localtime                 00417860 f   MSVCRTD:MSVCRTD.dll
 0001:00016866       _time                      00417866 f   MSVCRTD:MSVCRTD.dll
 0001:0001686c       __access                   0041786c f   MSVCRTD:MSVCRTD.dll
 0001:00016872       _strlen                    00417872 f   MSVCRTD:MSVCRTD.dll
 0001:00016878       _fclose                    00417878 f   MSVCRTD:MSVCRTD.dll
 0001:0001687e       _fsetpos                   0041787e f   MSVCRTD:MSVCRTD.dll
 0001:00016884       _fgets                     00417884 f   MSVCRTD:MSVCRTD.dll
 0001:0001688a       _ftell                     0041788a f   MSVCRTD:MSVCRTD.dll
 0001:00016890       _fopen                     00417890 f   MSVCRTD:MSVCRTD.dll
 0001:00016896       _strcat                    00417896 f   MSVCRTD:MSVCRTD.dll
 0001:0001689c       _sscanf                    0041789c f   MSVCRTD:MSVCRTD.dll
 0001:000168a2       _fread                     004178a2 f   MSVCRTD:MSVCRTD.dll
 0001:000168a8       _fwrite                    004178a8 f   MSVCRTD:MSVCRTD.dll
 0001:000168ae       _malloc                    004178ae f   MSVCRTD:MSVCRTD.dll
 0001:000168b4       _free                      004178b4 f   MSVCRTD:MSVCRTD.dll
 0001:000168ba       _tan                       004178ba f   MSVCRTD:MSVCRTD.dll
 0001:000168c0       _rand                      004178c0 f   MSVCRTD:MSVCRTD.dll
 0001:000168d0       _mainCRTStartup            004178d0 f   MSVCRTD:crtexe.obj
 0001:00016a18       __exit                     00417a18 f   MSVCRTD:MSVCRTD.dll
 0001:00016a1e       __XcptFilter               00417a1e f   MSVCRTD:MSVCRTD.dll
 0001:00016a24       ___p___initenv             00417a24 f   MSVCRTD:MSVCRTD.dll
 0001:00016a2a       ___getmainargs             00417a2a f   MSVCRTD:MSVCRTD.dll
 0001:00016a30       __initterm                 00417a30 f   MSVCRTD:MSVCRTD.dll
 0001:00016a40       __setdefaultprecision      00417a40 f   MSVCRTD:fp8.obj
 0001:00016a58       ___setusermatherr          00417a58 f   MSVCRTD:MSVCRTD.dll
 0001:00016a60       __matherr                  00417a60 f   MSVCRTD:merr.obj
 0001:00016a70       __setargv                  00417a70 f   MSVCRTD:dllargv.obj
 0001:00016a76       ___p__commode              00417a76 f   MSVCRTD:MSVCRTD.dll
 0001:00016a7c       ___p__fmode                00417a7c f   MSVCRTD:MSVCRTD.dll
 0001:00016a90       __onexit                   00417a90 f   MSVCRTD:atonexit.obj
 0001:00016ad0       _atexit                    00417ad0 f   MSVCRTD:atonexit.obj
 0001:00016ae8       ___set_app_type            00417ae8 f   MSVCRTD:MSVCRTD.dll
 0001:00016aee       __except_handler3          00417aee f   MSVCRTD:MSVCRTD.dll
 0001:00016af4       __controlfp                00417af4 f   MSVCRTD:MSVCRTD.dll
 0001:00016afa       ___dllonexit               00417afa f   MSVCRTD:MSVCRTD.dll
 0002:0000001c       ??_7CKFApp@@6B@            0041801c     KFApp.obj
 0002:00000040       __real@8@00000000000000000000 00418040     KFApp.obj
 0002:00000048       __real@8@4001a000000000000000 00418048     KFApp.obj
 0002:00000050       __real@8@4000c000000000000000 00418050     KFApp.obj
 0002:00000058       __real@8@3fff8000000000000000 00418058     KFApp.obj
 0002:00000060       __real@8@3ffbccccccccccccd000 00418060     KFApp.obj
 0002:00000068       __real@8@4003a000000000000000 00418068     KFApp.obj
 0002:00000070       __real@8@4004c800000000000000 00418070     KFApp.obj
 0002:00000078       __real@8@4005c800000000000000 00418078     KFApp.obj
 0002:00000080       __real@8@4012f424000000000000 00418080     KFApp.obj
 0002:00000088       __real@8@400b9c40000000000000 00418088     KFApp.obj
 0002:00000090       __real@8@4002a000000000000000 00418090     KFApp.obj
 0002:00000098       ??_C@_03HMFC@?$CFd?6?$AA@  00418098     Main_SinsGps.obj
 0002:0000009c       ??_C@_0P@EPGP@mimuattgps?4bin?$AA@ 0041809c     Main_SinsGps.obj
 0002:000000ac       ??_C@_06LOEC@kf?4bin?$AA@  004180ac     Main_SinsGps.obj
 0002:000000b4       ??_C@_07HCGD@ins?4bin?$AA@ 004180b4     Main_SinsGps.obj
 0002:000000bc       ??_C@_0BP@FKM@D?3?2ygm2020?2PSINS?M?x?U?$LO?2?$LJ?$NP?$LF?$LM?J?$PN?$LO?$NN?2?$AA@ 004180bc     Main_SinsGps.obj
 0002:000000dc       ??_C@_0BL@CMIH@D?3?2psins201210?2VC6?40?2Data?2?$AA@ 004180dc     Main_SinsGps.obj
 0002:000000f8       __real@8@4004f000000000000000 004180f8     PSINS.obj
 0002:00000100       __real@8@4008fa00000000000000 00418100     PSINS.obj
 0002:00000108       __real@8@40008000000000000000 00418108     PSINS.obj
 0002:00000110       __real@8@3ff38888888888888800 00418110     PSINS.obj
 0002:00000118       __real@8@3ffe8000000000000000 00418118     PSINS.obj
 0002:00000120       __real@8@3ff9aaaaaaaaaaaaa800 00418120     PSINS.obj
 0002:00000128       __real@8@3ff6aaaaaaaaaaaaa800 00418128     PSINS.obj
 0002:00000130       __real@8@3ffc8000000000000000 00418130     PSINS.obj
 0002:00000138       __real@8@3ff39fb50ed8a0fd7000 00418138     PSINS.obj
 0002:00000140       __real@8@c000c90fdaa221688800 00418140     PSINS.obj
 0002:00000148       __real@8@4001c90fdaa221688800 00418148     PSINS.obj
 0002:00000150       __real@8@4000c90fdaa221688800 00418150     PSINS.obj
 0002:00000158       __real@8@bfffb2b8c2573a240800 00418158     PSINS.obj
 0002:00000160       __real@8@3fffb2b8c2573a240800 00418160     PSINS.obj
 0002:00000168       __real@8@400fd96bbed250615000 00418168     PSINS.obj
 0002:00000170       __real@8@3fbcbce5086492111800 00418170     PSINS.obj
 0002:00000178       __real@8@3feb8637bd05af6c6800 00418178     PSINS.obj
 0002:00000180       __real@8@40018000000000000000 00418180     PSINS.obj
 0002:00000188       __real@8@c0008000000000000000 00418188     PSINS.obj
 0002:00000190       __real@8@3fcd901d7cf73ab0b000 00418190     PSINS.obj
 0002:00000198       __real@8@40028000000000000000 00418198     PSINS.obj
 0002:000001a0       __real@8@3ff8a3d70a3d70a3d800 004181a0     PSINS.obj
 0002:000001a8       __real@8@4063abcc760000000000 004181a8     PSINS.obj
 0002:000001b0       __real@8@c00fc350000000000000 004181b0     PSINS.obj
 0002:000001b8       __real@8@400fc350000000000000 004181b8     PSINS.obj
 0002:000001c0       ??_7CKalman@@6B@           004181c0     PSINS.obj
 0002:000001d0       __real@8@3fcb8000000000000000 004181d0     PSINS.obj
 0002:000001d8       __real@8@3ffee666666666666800 004181d8     PSINS.obj
 0002:000001e0       ??_7CSINSKF@@6B@           004181e0     PSINS.obj
 0002:000001f8       __real@8@4005ca00000000000000 004181f8     PSINS.obj
 0002:00000200       __real@8@4005cc00000000000000 00418200     PSINS.obj
 0002:00000208       __real@8@3fff8147ae147ae14800 00418208     PSINS.obj
 0002:00000210       __real@8@4006c800000000000000 00418210     PSINS.obj
 0002:00000218       __real@8@3ff583126e978d4fe000 00418218     PSINS.obj
 0002:00000220       __real@8@4003f000000000000000 00418220     PSINS.obj
 0002:00000228       __real@8@400c9c40000000000000 00418228     PSINS.obj
 0002:00000230       __real@8@3ffef9c37b1c75bb5000 00418230     PSINS.obj
 0002:00000238       __real@8@3ffefaa83ea493766000 00418238     PSINS.obj
 0002:00000240       __real@8@3ffe9777769faf5ab000 00418240     PSINS.obj
 0002:00000248       __real@8@3ffe985c3a27cd15c000 00418248     PSINS.obj
 0002:00000250       __real@8@3ffcd4adc88ba3e85000 00418250     PSINS.obj
 0002:00000258       __real@8@3ffcd840d6ac1ad49000 00418258     PSINS.obj
 0002:00000260       ??_7CSINSTDKF@@6B@         00418260     PSINS.obj
 0002:0000027c       ??_7CSINSGPSOD@@6B@        0041827c     PSINS.obj
 0002:00000298       __real@8@4002f000000000000000 00418298     PSINS.obj
 0002:000002a0       __real@8@3ffcccccccccccccd000 004182a0     PSINS.obj
 0002:000002a8       __real@8@3fff8cccccccccccd000 004182a8     PSINS.obj
 0002:000002b0       __real@8@bffe860a91c16b9b0800 004182b0     PSINS.obj
 0002:000002b8       __real@8@3ffe860a91c16b9b0800 004182b8     PSINS.obj
 0002:000002c0       __real@8@bfcb8000000000000000 004182c0     PSINS.obj
 0002:000002c8       __real@8@3feccf191388842eb800 004182c8     PSINS.obj
 0002:000002d0       __real@8@3fefc337cf5981ecf800 004182d0     PSINS.obj
 0002:000002d8       __real@8@3ff7acb7d975a7a1f000 004182d8     PSINS.obj
 0002:000002e0       __real@8@bfff8000000000000000 004182e0     PSINS.obj
 0002:000002e8       __real@8@3ff1c337cf5981ecf800 004182e8     PSINS.obj
 0002:000002f0       __real@8@3ff8acb7d975a7a1f000 004182f0     PSINS.obj
 0002:000002f8       __real@8@3ff98efa351294e9a000 004182f8     PSINS.obj
 0002:00000300       __real@8@3ffcb2b8c2573a240800 00418300     PSINS.obj
 0002:00000308       __real@8@3ffefd70a3d70a3d7000 00418308     PSINS.obj
 0002:00000310       __real@8@c004c800000000000000 00418310     PSINS.obj
 0002:00000318       ??_C@_0BH@GGMF@PSINS?$CFY?$CFm?$CFd_?$CFH?$CFM?$CFS?4bin?$AA@ 00418318     PSINS.obj
 0002:00000330       ??_C@_02MMAH@rt?$AA@       00418330     PSINS.obj
 0002:00000334       ??_C@_02JKAF@rb?$AA@       00418334     PSINS.obj
 0002:00000338       ??_C@_02NGAF@wb?$AA@       00418338     PSINS.obj
 0002:0000033c       ??_7CAlignkf@@6B@          0041833c     PSINS.obj
 0002:00000358       __real@8@3ffaccccccccccccd000 00418358     PSINS.obj
 0002:00000360       __real@8@3fffc000000000000000 00418360     PSINS.obj
 0002:00000368       ??_7CAligntrkang@@6B@      00418368     PSINS.obj
 0002:00000388       __real@8@3ffdb2b8c2573a240800 00418388     PSINS.obj
 0002:00000390       __real@8@3ff398825abe7cb4f000 00418390     PSINS.obj
 0002:00000398       __real@8@4002c800000000000000 00418398     PSINS.obj
 0002:000003a0       __real@8@400dfffe000000000000 004183a0     PSINS.obj
 0003:00000000       ___xc_a                    00419000     MSVCRTD:cinitexe.obj
 0003:00000018       ___xc_z                    00419018     MSVCRTD:cinitexe.obj
 0003:0000001c       ___xi_a                    0041901c     MSVCRTD:cinitexe.obj
 0003:00000020       ___xi_z                    00419020     MSVCRTD:cinitexe.obj
 0003:000000d0       ___defaultmatherr          004190d0     MSVCRTD:merr.obj
 0003:00000100       ?Ipos@@3VCVect3@@B         00419100     PSINS.obj
 0003:00000118       ?glv@@3VCGLV@@B            00419118     PSINS.obj
 0003:00000200       ?I31@@3VCVect3@@B          00419200     PSINS.obj
 0003:00000218       ?I33@@3VCMat3@@B           00419218     PSINS.obj
 0003:00000260       ?qI@@3VCQuat@@B            00419260     PSINS.obj
 0003:00000280       ?O31@@3VCVect3@@B          00419280     PSINS.obj
 0003:00000298       ?O33@@3VCMat3@@B           00419298     PSINS.obj
 0003:000002e0       ?O1n@@3VCVect@@B           004192e0     PSINS.obj
 0003:00000390       ?On1@@3VCVect@@B           00419390     PSINS.obj
 0003:00000448       ?posNWPU@@3VCVect3@@B      00419448     PSINS.obj
 0003:00000460       ?psinslasterror@@3HA       00419460     PSINS.obj
 0003:00000464       ?dirIn@CFileRdWt@@0PADA    00419464     PSINS.obj
 0003:00000564       ?dirOut@CFileRdWt@@0PADA   00419564     PSINS.obj
 0003:00000668       __dowildcard               00419668     MSVCRTD:wildcard.obj
 0003:0000066c       __newmode                  0041966c     MSVCRTD:_newmode.obj
 0003:00000670       __commode                  00419670     MSVCRTD:xncommod.obj
 0003:00000674       __fmode                    00419674     MSVCRTD:xtxtmode.obj
 0003:00000678       ___onexitend               00419678     <common>
 0003:0000067c       ___onexitbegin             0041967c     <common>
 0003:00000680       __adjust_fdiv              00419680     <common>
 0004:00000000       __IMPORT_DESCRIPTOR_MSVCRTD 0041a000     MSVCRTD:MSVCRTD.dll
 0004:00000014       __NULL_IMPORT_DESCRIPTOR   0041a014     MSVCRTD:MSVCRTD.dll
 0004:000000f4       __imp___chkesp             0041a0f4     MSVCRTD:MSVCRTD.dll
 0004:000000f8       __imp__printf              0041a0f8     MSVCRTD:MSVCRTD.dll
 0004:000000fc       __imp____CxxFrameHandler   0041a0fc     MSVCRTD:MSVCRTD.dll
 0004:00000100       __imp__fseek               0041a100     MSVCRTD:MSVCRTD.dll
 0004:00000104       __imp__memcpy              0041a104     MSVCRTD:MSVCRTD.dll
 0004:00000108       __imp__sqrt                0041a108     MSVCRTD:MSVCRTD.dll
 0004:0000010c       __imp__sin                 0041a10c     MSVCRTD:MSVCRTD.dll
 0004:00000110       __imp__cos                 0041a110     MSVCRTD:MSVCRTD.dll
 0004:00000114       __imp__atan2               0041a114     MSVCRTD:MSVCRTD.dll
 0004:00000118       __imp__acos                0041a118     MSVCRTD:MSVCRTD.dll
 0004:0000011c       __imp__asin                0041a11c     MSVCRTD:MSVCRTD.dll
 0004:00000120       __imp__fabs                0041a120     MSVCRTD:MSVCRTD.dll
 0004:00000124       __imp_??2@YAPAXI@Z         0041a124     MSVCRTD:MSVCRTD.dll
 0004:00000128       __imp_??3@YAXPAX@Z         0041a128     MSVCRTD:MSVCRTD.dll
 0004:0000012c       __imp__memset              0041a12c     MSVCRTD:MSVCRTD.dll
 0004:00000130       __imp___purecall           0041a130     MSVCRTD:MSVCRTD.dll
 0004:00000134       __imp__exit                0041a134     MSVCRTD:MSVCRTD.dll
 0004:00000138       __imp___ftol               0041a138     MSVCRTD:MSVCRTD.dll
 0004:0000013c       __imp__strftime            0041a13c     MSVCRTD:MSVCRTD.dll
 0004:00000140       __imp__localtime           0041a140     MSVCRTD:MSVCRTD.dll
 0004:00000144       __imp__time                0041a144     MSVCRTD:MSVCRTD.dll
 0004:00000148       __imp___access             0041a148     MSVCRTD:MSVCRTD.dll
 0004:0000014c       __imp__strlen              0041a14c     MSVCRTD:MSVCRTD.dll
 0004:00000150       __imp__fclose              0041a150     MSVCRTD:MSVCRTD.dll
 0004:00000154       __imp__fsetpos             0041a154     MSVCRTD:MSVCRTD.dll
 0004:00000158       __imp__fgets               0041a158     MSVCRTD:MSVCRTD.dll
 0004:0000015c       __imp__ftell               0041a15c     MSVCRTD:MSVCRTD.dll
 0004:00000160       __imp__fopen               0041a160     MSVCRTD:MSVCRTD.dll
 0004:00000164       __imp__strcat              0041a164     MSVCRTD:MSVCRTD.dll
 0004:00000168       __imp__sscanf              0041a168     MSVCRTD:MSVCRTD.dll
 0004:0000016c       __imp__fread               0041a16c     MSVCRTD:MSVCRTD.dll
 0004:00000170       __imp__fwrite              0041a170     MSVCRTD:MSVCRTD.dll
 0004:00000174       __imp__malloc              0041a174     MSVCRTD:MSVCRTD.dll
 0004:00000178       __imp__free                0041a178     MSVCRTD:MSVCRTD.dll
 0004:0000017c       __imp__tan                 0041a17c     MSVCRTD:MSVCRTD.dll
 0004:00000180       __imp__rand                0041a180     MSVCRTD:MSVCRTD.dll
 0004:00000184       __imp___exit               0041a184     MSVCRTD:MSVCRTD.dll
 0004:00000188       __imp___XcptFilter         0041a188     MSVCRTD:MSVCRTD.dll
 0004:0000018c       __imp____p___initenv       0041a18c     MSVCRTD:MSVCRTD.dll
 0004:00000190       __imp____getmainargs       0041a190     MSVCRTD:MSVCRTD.dll
 0004:00000194       __imp___initterm           0041a194     MSVCRTD:MSVCRTD.dll
 0004:00000198       __imp____setusermatherr    0041a198     MSVCRTD:MSVCRTD.dll
 0004:0000019c       __imp___adjust_fdiv        0041a19c     MSVCRTD:MSVCRTD.dll
 0004:000001a0       __imp____p__commode        0041a1a0     MSVCRTD:MSVCRTD.dll
 0004:000001a4       __imp____p__fmode          0041a1a4     MSVCRTD:MSVCRTD.dll
 0004:000001a8       __imp____set_app_type      0041a1a8     MSVCRTD:MSVCRTD.dll
 0004:000001ac       __imp___except_handler3    0041a1ac     MSVCRTD:MSVCRTD.dll
 0004:000001b0       __imp___controlfp          0041a1b0     MSVCRTD:MSVCRTD.dll
 0004:000001b4       __imp____dllonexit         0041a1b4     MSVCRTD:MSVCRTD.dll
 0004:000001b8       __imp___onexit             0041a1b8     MSVCRTD:MSVCRTD.dll
 0004:000001bc       \177MSVCRTD_NULL_THUNK_DATA 0041a1bc     MSVCRTD:MSVCRTD.dll

 entry point at        0001:000168d0

 Static symbols

 0001:00000bf0       _$E4                       00401bf0 f   PSINS.obj
 0001:00000c20       _$E3                       00401c20 f   PSINS.obj
 0001:00000cc0       _$E7                       00401cc0 f   PSINS.obj
 0001:00000cf0       _$E6                       00401cf0 f   PSINS.obj
 0001:00000d40       _$E10                      00401d40 f   PSINS.obj
 0001:00000d70       _$E9                       00401d70 f   PSINS.obj
 0001:00000e00       _$E13                      00401e00 f   PSINS.obj
 0001:00000e30       _$E12                      00401e30 f   PSINS.obj
 0001:00000ea0       _$E16                      00401ea0 f   PSINS.obj
 0001:00000ed0       _$E15                      00401ed0 f   PSINS.obj
 0001:000167d0       _$$$00001                  004177d0 f   MSVCRTD:chkstk.obj
 0001:000167dc       probepages                 004177dc f   MSVCRTD:chkstk.obj
 0001:000167f0       lastpage                   004177f0 f   MSVCRTD:chkstk.obj

FIXUPS: 1457 52 1f 31 2a 78 13 3b 1d 1c 10 1d 1c d 4f 13 163e4 1a ffffff76
FIXUPS: 17946 1c f 3b 1f 27 fffe9fd3 f 12 1a 16107 c c b fffe9f07 d 50
FIXUPS: 1aa3 1e 1d 22 21 16013 b fffea018 1a 30 b b b b 10 fffff448 19
FIXUPS: 107d f1 100 f3 15b29 371 9d 210 1b 2c 16 112 1c 4d 3e 45 3c 21
FIXUPS: 1777f e 1c fffe9ff5 24 15 19 16 31 39 c 3a 31 35 44 7 12 38 14e03
FIXUPS: 16872 48 2f 3b 17 e 1d 2e 17 e 31 10 ff 2e 23 26 9 3c fa0 c fffff080
FIXUPS: 16bf4 13 60 26 5e 3b 86 f 2a 2c fffff147 22 1e 2c 37 e 66 9 13
FIXUPS: 160fd 12 1f 1f 1f 10a f4 f5 31 1f 31 2a 6f 67 32 30 2f 1c 1d 24
FIXUPS: 166d9 86 24 ffffede2 38 3e e e e 29 9 13 6b e e e 15 10 33 f1 100
FIXUPS: 15a1b f6 d8 5a 7b 92 6e 44 21 22 70 2c 31 26 fffff118 34 a 10 31
FIXUPS: 1510c c 23 24 7 9 16 2b 2c 16 2f 16 e4 19 53 10 3c a5 10 44 d 10
FIXUPS: 154f9 a 41 10 a fffff622 74 13 22 3b b b b b e e e e e e e e 36
FIXUPS: 14d44 e e e 14 10 3e 12d 1f 5a 1b 2b 2e 59 fffff340 7 7 7 1d 44
FIXUPS: 14409 50 10 50 10 50 10 5e 10 60 10 52 1e 21 1e d3 16 223 15 40
FIXUPS: 14a2a f 15 15 15 93 fffff41e 10 5e 10 60 10 5c 10 ad 7 7 7 7 15
FIXUPS: 141bd c 7 7 7 d 71 7 7 7 7 7 d 54 10 6f 16 7 fffff1f8 13 76 30
FIXUPS: 13672 10d fb 1c0 3a 5d 2f 78 49 1f 18 24 30 10 45 2b 18 27 45 50
FIXUPS: 13dae 10 4b 10 50 10 50 10 ffffefd8 39 16 25 12 26 18 35 18 32
FIXUPS: 13007 1c 25 19 71 15 13 4f 16 41 73 27 13 15 2a 34 38 37 2e 127
FIXUPS: 13530 31 fffff0c8 16 10 57 2b 27 34 d 26 7 2e 13 ae 63 22 5f d
FIXUPS: 12a6e d 11e 16c 27 a 37 30 a 37 30 a 35 6 34 fffff1d9 7 32 16 22
FIXUPS: 120ea 27 25 4f 30 7 13 7 36 16 2f d 19 d 25 46 63 28 19 31 30 16
FIXUPS: 1243a 16 22 112 4c fffff3f8 30 16 30 16 30 58 a d a 7 32 16 2d
FIXUPS: 11b8c 16 3b 44 a d a 7 28 2b 2a 34 1e8 4b 2f 10 c6 1b fffff141
FIXUPS: 1119c e e 1c 10 20f 13 9 c 20 1d a 49 38 7b d 16 10 287 20 27 7
FIXUPS: 11898 27 7 2f 16 2a 16 2b 20 fffff638 e e e e e e e e e e e e e
FIXUPS: 11092 e e e e e e e e e e e e e e e e e fffffc32 e e e e e e e
FIXUPS: 10e22 e e e e e e e e e e e e e 1d c 10 5b e e e e e e fffff694
FIXUPS: 1065e 10 7 3e1 13 51 df 6c 14 10 63 e e e e e e e e e e e e e e
FIXUPS: 10d5e e e e e e fffff26b 72 7 1c 30 b e e e e e e cb 1ae c c c
FIXUPS: 10458 2f 57 c 27 c 14 14 4f 14 1b 10 2d 23 7 fffff2a8 2c 53 13
FIXUPS: f977 29 16 3d 4c 5f 95 19 1a 41 13 3d e e e e e e 6c 54 10 69 18
FIXUPS: fddf 133 d7 7 f fffff335 7c 1f 31 2a a2 16 37 a4 f 12 25 19 10
FIXUPS: f645 10 19 10 41 16 19 19 41 37 2e a 19 4b 10 3e 1d 2f fffff01c
FIXUPS: e905 3b 49 20 4e 19 2f 7 31 7 41 38 f 16 19 f 10 37 e e e 78 e
FIXUPS: ec51 12 54 38 163 15b 150 111 ffffef56 ca a0 4e 14 1b 4b 7 38 31
FIXUPS: e495 53 e3 27 19 34 7 26 25 7 62 1e 14 31 71 f 16 19 f 42 42 23
FIXUPS: dbad 17 24 28 2b 2a 2e 2b 2a 22 f1 d 31 e e e e e e e e 19 3d 1d
FIXUPS: df5d ac 2a 5f d 1a 3c 3d fffff65d 16 16 10 53 19 2a 1f 16 13 16
FIXUPS: d8e7 25 16 13 16 10 50 1b 27 d 3f 18 17 18 18 17 d 43 17 2c 22
FIXUPS: d2e4 1f 1f 1f 1f 1f 1f 1f 25 10 3b 18 19 19 15 13 19 18 19 19 18
FIXUPS: d533 19 18 31 36 39 39 38 39 b5 16 ffffedab fb ff f4 f6 d7 5b 1f
FIXUPS: ca8a 2a 78 103 ff f4 f6 d7 5b 1f 31 2a 78 4c 26 1f 1f 1f 1f 1f
FIXUPS: d268 1f 1f 1f ffffe5b9 13 174 128 ab 2ed 35 4a 2c 11 10 da a d
FIXUPS: c0b6 39 21 27 21 12 1f 1f 1f 1f 1f 20 67 12 bb b4 51 b4 ffffecc3
FIXUPS: b204 f 22 2b 69 25 b b 14 79 22 19 2c 7 26 22 7 52 2c 50 2f f 13
FIXUPS: b583 f 2b 8 f 2b 16 263 fffff35e e e 26 10 10 21 5a 45 32 39 60
FIXUPS: ae0a 28 2e 2b 28 2e 2e 41 5d 6f 5a 59 1a 25 29 1a 7 2a 25 27 fffff79f
FIXUPS: a98c 42 16 19 18 19 19 1f 2e e e e e e e e e e e e e e e e e e
FIXUPS: ab90 e e e e ffffed68 25e f 78 f 5d 16 2d2 2f e9 11 10 42 1a 5f
FIXUPS: a17b 10 1ed 59 88 d 2ee 3c 35 34 d 3c 18 6e 3c 3a 16 ffffdee4 71
FIXUPS: 8917 72 6e 50 91 38a d6 75 10 3f4 e e e 10 3c e e e 17 3e 44 25
FIXUPS: 9552 1f 18 e 35 285 f c1 ffffd075 d1 af 41 8f 29c b6 505 7e 1c8
FIXUPS: 76ff 4d 1e 1e d 3e a1 3e 9e 126 87 49 84 ee 97 24a 94 279 13 2ae
FIXUPS: 8686 41 ffffd883 4e 1f 45 1c 62 1f 41 10 1f 13 18 19 13 6 15 20
FIXUPS: 6291 46 26 2d a 7 7 1f 175 13 be 1a5 46 10b 4a ffffed15 3d 15 16
FIXUPS: 567a 16 16 e a4 24 1e b 24 24 23 64 8d 8d 72 77 52 1f bb 21 b 2f
FIXUPS: 5c2d 26 c3 9b 31 129 ffffeb02 47 22 e 1c af 1f 96 1f 34 19d 33
FIXUPS: 4ecc 10b a5 c1 1f bc 1f b0 1c 121 2e 59 13 13 13 13 13 e 7c 49
FIXUPS: 4521 22 34 30 22 1f4 1f 1f 1f 1c 17 17 17 17 17 27 15 a 15 a 15
FIXUPS: 492f 9 15 a 15 a 15 c 21 a 1f fffff393 49 1a 14 51 7 1f 2f f9 3f
FIXUPS: 3fe5 37 1f 1f 66 1c 35 8 14e 45 28 1f 60 4d 32 68 23 4b 7 1f 39
FIXUPS: 4517 fffff245 56 31 29 13 13 5f 3e 13 13 23 33 1f 3c 15 16 16 23
FIXUPS: 3a66 1f 32 10 1f 166 d 1f 1f 45 1f 1f 3d d fffff281 182 10 fe 19
FIXUPS: 32a1 4b 1f 8c 1f 33 15 16 16 69 1f 60 15 2e 52 41 1f 2d 17 1f 6
FIXUPS: 367f f 16 47 18 a ffffea85 25 22 1f 37d 1c 64 1c 8c 1c 64 1c be
FIXUPS: 2813 5a 1c 6c 1c 307 1c 51 1c cd 1f 37 13 12 b 1c ac cb 4e ffffec34
FIXUPS: 1c16 2f e 25 23 1b 23 d 3b d 2b d 55 2e d 23 d 34 11 21 2d d 50
FIXUPS: 1f23 8f 3a d6 22 36 22 34
